<!doctype html public "-//w3c//dtd html 4.0 transitional//en">
<html><head>
<title>Static Call Graph - [.\Objects\LQ_F3227_Lib.axf]</title></head>
<body><HR>
<H1>Static Call Graph for image .\Objects\LQ_F3227_Lib.axf</H1><HR>
<BR><P>#&#060CALLGRAPH&#062# ARM Linker, 5060960: Last Updated: Wed Feb 23 21:49:50 2022
<BR><P>
<H3>Maximum Stack Usage =        428 bytes + Unknown(Cycles, Untraceable Function Pointers)</H3><H3>
Call chain for Maximum Stack Depth:</H3>
main &rArr; Balance_CAR &rArr; Get_Bin_Image &rArr; GetOSTU &rArr; __aeabi_fsub &rArr; __aeabi_fadd &rArr; _float_epilogue
<P>
<H3>
Mutually Recursive functions
</H3> <LI><a href="#[1]">NMI_Handler</a>&nbsp;&nbsp;&nbsp;&rArr;&nbsp;&nbsp;&nbsp;<a href="#[1]">NMI_Handler</a><BR>
 <LI><a href="#[2]">HardFault_Handler</a>&nbsp;&nbsp;&nbsp;&rArr;&nbsp;&nbsp;&nbsp;<a href="#[2]">HardFault_Handler</a><BR>
 <LI><a href="#[3]">MemManage_Handler</a>&nbsp;&nbsp;&nbsp;&rArr;&nbsp;&nbsp;&nbsp;<a href="#[3]">MemManage_Handler</a><BR>
 <LI><a href="#[4]">BusFault_Handler</a>&nbsp;&nbsp;&nbsp;&rArr;&nbsp;&nbsp;&nbsp;<a href="#[4]">BusFault_Handler</a><BR>
 <LI><a href="#[5]">UsageFault_Handler</a>&nbsp;&nbsp;&nbsp;&rArr;&nbsp;&nbsp;&nbsp;<a href="#[5]">UsageFault_Handler</a><BR>
 <LI><a href="#[6]">SVC_Handler</a>&nbsp;&nbsp;&nbsp;&rArr;&nbsp;&nbsp;&nbsp;<a href="#[6]">SVC_Handler</a><BR>
 <LI><a href="#[7]">DebugMon_Handler</a>&nbsp;&nbsp;&nbsp;&rArr;&nbsp;&nbsp;&nbsp;<a href="#[7]">DebugMon_Handler</a><BR>
 <LI><a href="#[8]">PendSV_Handler</a>&nbsp;&nbsp;&nbsp;&rArr;&nbsp;&nbsp;&nbsp;<a href="#[8]">PendSV_Handler</a><BR>
 <LI><a href="#[9]">SysTick_Handler</a>&nbsp;&nbsp;&nbsp;&rArr;&nbsp;&nbsp;&nbsp;<a href="#[9]">SysTick_Handler</a><BR>
 <LI><a href="#[1c]">ADC1_2_IRQHandler</a>&nbsp;&nbsp;&nbsp;&rArr;&nbsp;&nbsp;&nbsp;<a href="#[1c]">ADC1_2_IRQHandler</a><BR>
</UL>
<P>
<H3>
Function Pointers
</H3><UL>
 <LI><a href="#[1c]">ADC1_2_IRQHandler</a> from startup_mm32f327x_keil.o(.text) referenced from startup_mm32f327x_keil.o(RESET)
 <LI><a href="#[35]">ADC3_IRQHandler</a> from startup_mm32f327x_keil.o(.text) referenced from startup_mm32f327x_keil.o(RESET)
 <LI><a href="#[4]">BusFault_Handler</a> from startup_mm32f327x_keil.o(.text) referenced from startup_mm32f327x_keil.o(RESET)
 <LI><a href="#[1e]">CAN1_RX_IRQHandler</a> from startup_mm32f327x_keil.o(.text) referenced from startup_mm32f327x_keil.o(RESET)
 <LI><a href="#[43]">COMP1_2_IRQHandler</a> from startup_mm32f327x_keil.o(.text) referenced from startup_mm32f327x_keil.o(RESET)
 <LI><a href="#[15]">DMA1_Channel1_IRQHandler</a> from lq_dma.o(i.DMA1_Channel1_IRQHandler) referenced from startup_mm32f327x_keil.o(RESET)
 <LI><a href="#[16]">DMA1_Channel2_IRQHandler</a> from lq_dma.o(i.DMA1_Channel2_IRQHandler) referenced from startup_mm32f327x_keil.o(RESET)
 <LI><a href="#[17]">DMA1_Channel3_IRQHandler</a> from lq_dma.o(i.DMA1_Channel3_IRQHandler) referenced from startup_mm32f327x_keil.o(RESET)
 <LI><a href="#[18]">DMA1_Channel4_IRQHandler</a> from lq_dma.o(i.DMA1_Channel4_IRQHandler) referenced from startup_mm32f327x_keil.o(RESET)
 <LI><a href="#[19]">DMA1_Channel5_IRQHandler</a> from lq_dma.o(i.DMA1_Channel5_IRQHandler) referenced from startup_mm32f327x_keil.o(RESET)
 <LI><a href="#[1a]">DMA1_Channel6_IRQHandler</a> from startup_mm32f327x_keil.o(.text) referenced from startup_mm32f327x_keil.o(RESET)
 <LI><a href="#[1b]">DMA1_Channel7_IRQHandler</a> from startup_mm32f327x_keil.o(.text) referenced from startup_mm32f327x_keil.o(RESET)
 <LI><a href="#[3d]">DMA2_Channel1_IRQHandler</a> from startup_mm32f327x_keil.o(.text) referenced from startup_mm32f327x_keil.o(RESET)
 <LI><a href="#[3e]">DMA2_Channel2_IRQHandler</a> from startup_mm32f327x_keil.o(.text) referenced from startup_mm32f327x_keil.o(RESET)
 <LI><a href="#[3f]">DMA2_Channel3_IRQHandler</a> from startup_mm32f327x_keil.o(.text) referenced from startup_mm32f327x_keil.o(RESET)
 <LI><a href="#[40]">DMA2_Channel4_IRQHandler</a> from startup_mm32f327x_keil.o(.text) referenced from startup_mm32f327x_keil.o(RESET)
 <LI><a href="#[41]">DMA2_Channel5_IRQHandler</a> from startup_mm32f327x_keil.o(.text) referenced from startup_mm32f327x_keil.o(RESET)
 <LI><a href="#[7]">DebugMon_Handler</a> from startup_mm32f327x_keil.o(.text) referenced from startup_mm32f327x_keil.o(RESET)
 <LI><a href="#[42]">ETH_IRQHandler</a> from startup_mm32f327x_keil.o(.text) referenced from startup_mm32f327x_keil.o(RESET)
 <LI><a href="#[10]">EXTI0_IRQHandler</a> from lq_gpio.o(i.EXTI0_IRQHandler) referenced from startup_mm32f327x_keil.o(RESET)
 <LI><a href="#[2e]">EXTI15_10_IRQHandler</a> from startup_mm32f327x_keil.o(.text) referenced from startup_mm32f327x_keil.o(RESET)
 <LI><a href="#[11]">EXTI1_IRQHandler</a> from lq_gpio.o(i.EXTI1_IRQHandler) referenced from startup_mm32f327x_keil.o(RESET)
 <LI><a href="#[12]">EXTI2_IRQHandler</a> from lq_gpio.o(i.EXTI2_IRQHandler) referenced from startup_mm32f327x_keil.o(RESET)
 <LI><a href="#[13]">EXTI3_IRQHandler</a> from startup_mm32f327x_keil.o(.text) referenced from startup_mm32f327x_keil.o(RESET)
 <LI><a href="#[14]">EXTI4_IRQHandler</a> from lq_gpio.o(i.EXTI4_IRQHandler) referenced from startup_mm32f327x_keil.o(RESET)
 <LI><a href="#[1f]">EXTI9_5_IRQHandler</a> from lq_gpio.o(i.EXTI9_5_IRQHandler) referenced from startup_mm32f327x_keil.o(RESET)
 <LI><a href="#[e]">FLASH_IRQHandler</a> from startup_mm32f327x_keil.o(.text) referenced from startup_mm32f327x_keil.o(RESET)
 <LI><a href="#[1d]">FlashCache_IRQHandler</a> from startup_mm32f327x_keil.o(.text) referenced from startup_mm32f327x_keil.o(RESET)
 <LI><a href="#[2]">HardFault_Handler</a> from startup_mm32f327x_keil.o(.text) referenced from startup_mm32f327x_keil.o(RESET)
 <LI><a href="#[27]">I2C1_IRQHandler</a> from startup_mm32f327x_keil.o(.text) referenced from startup_mm32f327x_keil.o(RESET)
 <LI><a href="#[28]">I2C2_IRQHandler</a> from startup_mm32f327x_keil.o(.text) referenced from startup_mm32f327x_keil.o(RESET)
 <LI><a href="#[3]">MemManage_Handler</a> from startup_mm32f327x_keil.o(.text) referenced from startup_mm32f327x_keil.o(RESET)
 <LI><a href="#[1]">NMI_Handler</a> from startup_mm32f327x_keil.o(.text) referenced from startup_mm32f327x_keil.o(RESET)
 <LI><a href="#[44]">OTG_FS_IRQHandler</a> from startup_mm32f327x_keil.o(.text) referenced from startup_mm32f327x_keil.o(RESET)
 <LI><a href="#[30]">OTG_FS_WKUP_IRQHandler</a> from startup_mm32f327x_keil.o(.text) referenced from startup_mm32f327x_keil.o(RESET)
 <LI><a href="#[b]">PVD_IRQHandler</a> from startup_mm32f327x_keil.o(.text) referenced from startup_mm32f327x_keil.o(RESET)
 <LI><a href="#[8]">PendSV_Handler</a> from startup_mm32f327x_keil.o(.text) referenced from startup_mm32f327x_keil.o(RESET)
 <LI><a href="#[f]">RCC_CRS_IRQHandler</a> from startup_mm32f327x_keil.o(.text) referenced from startup_mm32f327x_keil.o(RESET)
 <LI><a href="#[2f]">RTCAlarm_IRQHandler</a> from startup_mm32f327x_keil.o(.text) referenced from startup_mm32f327x_keil.o(RESET)
 <LI><a href="#[d]">RTC_IRQHandler</a> from startup_mm32f327x_keil.o(.text) referenced from startup_mm32f327x_keil.o(RESET)
 <LI><a href="#[0]">Reset_Handler</a> from startup_mm32f327x_keil.o(.text) referenced from startup_mm32f327x_keil.o(RESET)
 <LI><a href="#[36]">SDIO_IRQHandler</a> from startup_mm32f327x_keil.o(.text) referenced from startup_mm32f327x_keil.o(RESET)
 <LI><a href="#[29]">SPI1_IRQHandler</a> from startup_mm32f327x_keil.o(.text) referenced from startup_mm32f327x_keil.o(RESET)
 <LI><a href="#[2a]">SPI2_IRQHandler</a> from startup_mm32f327x_keil.o(.text) referenced from startup_mm32f327x_keil.o(RESET)
 <LI><a href="#[38]">SPI3_IRQHandler</a> from startup_mm32f327x_keil.o(.text) referenced from startup_mm32f327x_keil.o(RESET)
 <LI><a href="#[6]">SVC_Handler</a> from startup_mm32f327x_keil.o(.text) referenced from startup_mm32f327x_keil.o(RESET)
 <LI><a href="#[9]">SysTick_Handler</a> from startup_mm32f327x_keil.o(.text) referenced from startup_mm32f327x_keil.o(RESET)
 <LI><a href="#[49]">SystemInit</a> from system_mm32f327x.o(i.SystemInit) referenced from startup_mm32f327x_keil.o(.text)
 <LI><a href="#[c]">TAMPER_IRQHandler</a> from startup_mm32f327x_keil.o(.text) referenced from startup_mm32f327x_keil.o(RESET)
 <LI><a href="#[20]">TIM1_BRK_IRQHandler</a> from startup_mm32f327x_keil.o(.text) referenced from startup_mm32f327x_keil.o(RESET)
 <LI><a href="#[23]">TIM1_CC_IRQHandler</a> from startup_mm32f327x_keil.o(.text) referenced from startup_mm32f327x_keil.o(RESET)
 <LI><a href="#[22]">TIM1_TRG_COM_IRQHandler</a> from startup_mm32f327x_keil.o(.text) referenced from startup_mm32f327x_keil.o(RESET)
 <LI><a href="#[21]">TIM1_UP_IRQHandler</a> from lq_timer.o(i.TIM1_UP_IRQHandler) referenced from startup_mm32f327x_keil.o(RESET)
 <LI><a href="#[24]">TIM2_IRQHandler</a> from lq_timer.o(i.TIM2_IRQHandler) referenced from startup_mm32f327x_keil.o(RESET)
 <LI><a href="#[25]">TIM3_IRQHandler</a> from lq_timer.o(i.TIM3_IRQHandler) referenced from startup_mm32f327x_keil.o(RESET)
 <LI><a href="#[26]">TIM4_IRQHandler</a> from lq_timer.o(i.TIM4_IRQHandler) referenced from startup_mm32f327x_keil.o(RESET)
 <LI><a href="#[37]">TIM5_IRQHandler</a> from lq_timer.o(i.TIM5_IRQHandler) referenced from startup_mm32f327x_keil.o(RESET)
 <LI><a href="#[3b]">TIM6_IRQHandler</a> from lq_timer.o(i.TIM6_IRQHandler) referenced from startup_mm32f327x_keil.o(RESET)
 <LI><a href="#[3c]">TIM7_IRQHandler</a> from lq_timer.o(i.TIM7_IRQHandler) referenced from startup_mm32f327x_keil.o(RESET)
 <LI><a href="#[31]">TIM8_BRK_IRQHandler</a> from startup_mm32f327x_keil.o(.text) referenced from startup_mm32f327x_keil.o(RESET)
 <LI><a href="#[34]">TIM8_CC_IRQHandler</a> from startup_mm32f327x_keil.o(.text) referenced from startup_mm32f327x_keil.o(RESET)
 <LI><a href="#[33]">TIM8_TRG_COM_IRQHandler</a> from startup_mm32f327x_keil.o(.text) referenced from startup_mm32f327x_keil.o(RESET)
 <LI><a href="#[32]">TIM8_UP_IRQHandler</a> from lq_timer.o(i.TIM8_UP_IRQHandler) referenced from startup_mm32f327x_keil.o(RESET)
 <LI><a href="#[2b]">UART1_IRQHandler</a> from lq_uart.o(i.UART1_IRQHandler) referenced from startup_mm32f327x_keil.o(RESET)
 <LI><a href="#[2c]">UART2_IRQHandler</a> from lq_uart.o(i.UART2_IRQHandler) referenced from startup_mm32f327x_keil.o(RESET)
 <LI><a href="#[2d]">UART3_IRQHandler</a> from lq_uart.o(i.UART3_IRQHandler) referenced from startup_mm32f327x_keil.o(RESET)
 <LI><a href="#[39]">UART4_IRQHandler</a> from lq_uart.o(i.UART4_IRQHandler) referenced from startup_mm32f327x_keil.o(RESET)
 <LI><a href="#[3a]">UART5_IRQHandler</a> from lq_uart.o(i.UART5_IRQHandler) referenced from startup_mm32f327x_keil.o(RESET)
 <LI><a href="#[45]">UART6_IRQHandler</a> from lq_uart.o(i.UART6_IRQHandler) referenced from startup_mm32f327x_keil.o(RESET)
 <LI><a href="#[46]">UART7_IRQHandler</a> from lq_uart.o(i.UART7_IRQHandler) referenced from startup_mm32f327x_keil.o(RESET)
 <LI><a href="#[47]">UART8_IRQHandler</a> from lq_uart.o(i.UART8_IRQHandler) referenced from startup_mm32f327x_keil.o(RESET)
 <LI><a href="#[5]">UsageFault_Handler</a> from startup_mm32f327x_keil.o(.text) referenced from startup_mm32f327x_keil.o(RESET)
 <LI><a href="#[a]">WWDG_IRQHandler</a> from startup_mm32f327x_keil.o(.text) referenced from startup_mm32f327x_keil.o(RESET)
 <LI><a href="#[4a]">__main</a> from entry.o(.ARM.Collect$$$$00000000) referenced from startup_mm32f327x_keil.o(.text)
 <LI><a href="#[4b]">_sputc</a> from printfa.o(i._sputc) referenced from printfa.o(i.__0sprintf)
 <LI><a href="#[48]">main</a> from main.o(i.main) referenced from entry9a.o(.ARM.Collect$$$$0000000B)
</UL>
<P>
<H3>
Global Symbols
</H3>
<P><STRONG><a name="[4a]"></a>__main</STRONG> (Thumb, 0 bytes, Stack size unknown bytes, entry.o(.ARM.Collect$$$$00000000))
<BR>[Address Reference Count : 1]<UL><LI> startup_mm32f327x_keil.o(.text)
</UL>
<P><STRONG><a name="[132]"></a>_main_stk</STRONG> (Thumb, 0 bytes, Stack size unknown bytes, entry2.o(.ARM.Collect$$$$00000001))

<P><STRONG><a name="[4c]"></a>_main_scatterload</STRONG> (Thumb, 0 bytes, Stack size unknown bytes, entry5.o(.ARM.Collect$$$$00000004))
<BR><BR>[Calls]<UL><LI><a href="#[4d]">&gt;&gt;</a>&nbsp;&nbsp;&nbsp;__scatterload
</UL>

<P><STRONG><a name="[69]"></a>__main_after_scatterload</STRONG> (Thumb, 0 bytes, Stack size unknown bytes, entry5.o(.ARM.Collect$$$$00000004))
<BR><BR>[Called By]<UL><LI><a href="#[4d]">&gt;&gt;</a>&nbsp;&nbsp;&nbsp;__scatterload
</UL>

<P><STRONG><a name="[133]"></a>_main_clock</STRONG> (Thumb, 0 bytes, Stack size unknown bytes, entry7b.o(.ARM.Collect$$$$00000008))

<P><STRONG><a name="[134]"></a>_main_cpp_init</STRONG> (Thumb, 0 bytes, Stack size unknown bytes, entry8b.o(.ARM.Collect$$$$0000000A))

<P><STRONG><a name="[135]"></a>_main_init</STRONG> (Thumb, 0 bytes, Stack size unknown bytes, entry9a.o(.ARM.Collect$$$$0000000B))

<P><STRONG><a name="[136]"></a>__rt_lib_shutdown_fini</STRONG> (Thumb, 0 bytes, Stack size unknown bytes, entry12b.o(.ARM.Collect$$$$0000000E))

<P><STRONG><a name="[137]"></a>__rt_final_cpp</STRONG> (Thumb, 0 bytes, Stack size unknown bytes, entry10a.o(.ARM.Collect$$$$0000000F))

<P><STRONG><a name="[138]"></a>__rt_final_exit</STRONG> (Thumb, 0 bytes, Stack size unknown bytes, entry11a.o(.ARM.Collect$$$$00000011))

<P><STRONG><a name="[0]"></a>Reset_Handler</STRONG> (Thumb, 8 bytes, Stack size 0 bytes, startup_mm32f327x_keil.o(.text))
<BR>[Address Reference Count : 1]<UL><LI> startup_mm32f327x_keil.o(RESET)
</UL>
<P><STRONG><a name="[1]"></a>NMI_Handler</STRONG> (Thumb, 2 bytes, Stack size 0 bytes, startup_mm32f327x_keil.o(.text))
<BR><BR>[Calls]<UL><LI><a href="#[1]">&gt;&gt;</a>&nbsp;&nbsp;&nbsp;NMI_Handler
</UL>
<BR>[Called By]<UL><LI><a href="#[1]">&gt;&gt;</a>&nbsp;&nbsp;&nbsp;NMI_Handler
</UL>
<BR>[Address Reference Count : 1]<UL><LI> startup_mm32f327x_keil.o(RESET)
</UL>
<P><STRONG><a name="[2]"></a>HardFault_Handler</STRONG> (Thumb, 2 bytes, Stack size 0 bytes, startup_mm32f327x_keil.o(.text))
<BR><BR>[Calls]<UL><LI><a href="#[2]">&gt;&gt;</a>&nbsp;&nbsp;&nbsp;HardFault_Handler
</UL>
<BR>[Called By]<UL><LI><a href="#[2]">&gt;&gt;</a>&nbsp;&nbsp;&nbsp;HardFault_Handler
</UL>
<BR>[Address Reference Count : 1]<UL><LI> startup_mm32f327x_keil.o(RESET)
</UL>
<P><STRONG><a name="[3]"></a>MemManage_Handler</STRONG> (Thumb, 2 bytes, Stack size 0 bytes, startup_mm32f327x_keil.o(.text))
<BR><BR>[Calls]<UL><LI><a href="#[3]">&gt;&gt;</a>&nbsp;&nbsp;&nbsp;MemManage_Handler
</UL>
<BR>[Called By]<UL><LI><a href="#[3]">&gt;&gt;</a>&nbsp;&nbsp;&nbsp;MemManage_Handler
</UL>
<BR>[Address Reference Count : 1]<UL><LI> startup_mm32f327x_keil.o(RESET)
</UL>
<P><STRONG><a name="[4]"></a>BusFault_Handler</STRONG> (Thumb, 2 bytes, Stack size 0 bytes, startup_mm32f327x_keil.o(.text))
<BR><BR>[Calls]<UL><LI><a href="#[4]">&gt;&gt;</a>&nbsp;&nbsp;&nbsp;BusFault_Handler
</UL>
<BR>[Called By]<UL><LI><a href="#[4]">&gt;&gt;</a>&nbsp;&nbsp;&nbsp;BusFault_Handler
</UL>
<BR>[Address Reference Count : 1]<UL><LI> startup_mm32f327x_keil.o(RESET)
</UL>
<P><STRONG><a name="[5]"></a>UsageFault_Handler</STRONG> (Thumb, 2 bytes, Stack size 0 bytes, startup_mm32f327x_keil.o(.text))
<BR><BR>[Calls]<UL><LI><a href="#[5]">&gt;&gt;</a>&nbsp;&nbsp;&nbsp;UsageFault_Handler
</UL>
<BR>[Called By]<UL><LI><a href="#[5]">&gt;&gt;</a>&nbsp;&nbsp;&nbsp;UsageFault_Handler
</UL>
<BR>[Address Reference Count : 1]<UL><LI> startup_mm32f327x_keil.o(RESET)
</UL>
<P><STRONG><a name="[6]"></a>SVC_Handler</STRONG> (Thumb, 2 bytes, Stack size 0 bytes, startup_mm32f327x_keil.o(.text))
<BR><BR>[Calls]<UL><LI><a href="#[6]">&gt;&gt;</a>&nbsp;&nbsp;&nbsp;SVC_Handler
</UL>
<BR>[Called By]<UL><LI><a href="#[6]">&gt;&gt;</a>&nbsp;&nbsp;&nbsp;SVC_Handler
</UL>
<BR>[Address Reference Count : 1]<UL><LI> startup_mm32f327x_keil.o(RESET)
</UL>
<P><STRONG><a name="[7]"></a>DebugMon_Handler</STRONG> (Thumb, 2 bytes, Stack size 0 bytes, startup_mm32f327x_keil.o(.text))
<BR><BR>[Calls]<UL><LI><a href="#[7]">&gt;&gt;</a>&nbsp;&nbsp;&nbsp;DebugMon_Handler
</UL>
<BR>[Called By]<UL><LI><a href="#[7]">&gt;&gt;</a>&nbsp;&nbsp;&nbsp;DebugMon_Handler
</UL>
<BR>[Address Reference Count : 1]<UL><LI> startup_mm32f327x_keil.o(RESET)
</UL>
<P><STRONG><a name="[8]"></a>PendSV_Handler</STRONG> (Thumb, 2 bytes, Stack size 0 bytes, startup_mm32f327x_keil.o(.text))
<BR><BR>[Calls]<UL><LI><a href="#[8]">&gt;&gt;</a>&nbsp;&nbsp;&nbsp;PendSV_Handler
</UL>
<BR>[Called By]<UL><LI><a href="#[8]">&gt;&gt;</a>&nbsp;&nbsp;&nbsp;PendSV_Handler
</UL>
<BR>[Address Reference Count : 1]<UL><LI> startup_mm32f327x_keil.o(RESET)
</UL>
<P><STRONG><a name="[9]"></a>SysTick_Handler</STRONG> (Thumb, 2 bytes, Stack size 0 bytes, startup_mm32f327x_keil.o(.text))
<BR><BR>[Calls]<UL><LI><a href="#[9]">&gt;&gt;</a>&nbsp;&nbsp;&nbsp;SysTick_Handler
</UL>
<BR>[Called By]<UL><LI><a href="#[9]">&gt;&gt;</a>&nbsp;&nbsp;&nbsp;SysTick_Handler
</UL>
<BR>[Address Reference Count : 1]<UL><LI> startup_mm32f327x_keil.o(RESET)
</UL>
<P><STRONG><a name="[1c]"></a>ADC1_2_IRQHandler</STRONG> (Thumb, 0 bytes, Stack size 0 bytes, startup_mm32f327x_keil.o(.text))
<BR><BR>[Calls]<UL><LI><a href="#[1c]">&gt;&gt;</a>&nbsp;&nbsp;&nbsp;ADC1_2_IRQHandler
</UL>
<BR>[Called By]<UL><LI><a href="#[1c]">&gt;&gt;</a>&nbsp;&nbsp;&nbsp;ADC1_2_IRQHandler
</UL>
<BR>[Address Reference Count : 1]<UL><LI> startup_mm32f327x_keil.o(RESET)
</UL>
<P><STRONG><a name="[35]"></a>ADC3_IRQHandler</STRONG> (Thumb, 0 bytes, Stack size 0 bytes, startup_mm32f327x_keil.o(.text))
<BR>[Address Reference Count : 1]<UL><LI> startup_mm32f327x_keil.o(RESET)
</UL>
<P><STRONG><a name="[1e]"></a>CAN1_RX_IRQHandler</STRONG> (Thumb, 0 bytes, Stack size 0 bytes, startup_mm32f327x_keil.o(.text))
<BR>[Address Reference Count : 1]<UL><LI> startup_mm32f327x_keil.o(RESET)
</UL>
<P><STRONG><a name="[43]"></a>COMP1_2_IRQHandler</STRONG> (Thumb, 0 bytes, Stack size 0 bytes, startup_mm32f327x_keil.o(.text))
<BR>[Address Reference Count : 1]<UL><LI> startup_mm32f327x_keil.o(RESET)
</UL>
<P><STRONG><a name="[1a]"></a>DMA1_Channel6_IRQHandler</STRONG> (Thumb, 0 bytes, Stack size 0 bytes, startup_mm32f327x_keil.o(.text))
<BR>[Address Reference Count : 1]<UL><LI> startup_mm32f327x_keil.o(RESET)
</UL>
<P><STRONG><a name="[1b]"></a>DMA1_Channel7_IRQHandler</STRONG> (Thumb, 0 bytes, Stack size 0 bytes, startup_mm32f327x_keil.o(.text))
<BR>[Address Reference Count : 1]<UL><LI> startup_mm32f327x_keil.o(RESET)
</UL>
<P><STRONG><a name="[3d]"></a>DMA2_Channel1_IRQHandler</STRONG> (Thumb, 0 bytes, Stack size 0 bytes, startup_mm32f327x_keil.o(.text))
<BR>[Address Reference Count : 1]<UL><LI> startup_mm32f327x_keil.o(RESET)
</UL>
<P><STRONG><a name="[3e]"></a>DMA2_Channel2_IRQHandler</STRONG> (Thumb, 0 bytes, Stack size 0 bytes, startup_mm32f327x_keil.o(.text))
<BR>[Address Reference Count : 1]<UL><LI> startup_mm32f327x_keil.o(RESET)
</UL>
<P><STRONG><a name="[3f]"></a>DMA2_Channel3_IRQHandler</STRONG> (Thumb, 0 bytes, Stack size 0 bytes, startup_mm32f327x_keil.o(.text))
<BR>[Address Reference Count : 1]<UL><LI> startup_mm32f327x_keil.o(RESET)
</UL>
<P><STRONG><a name="[40]"></a>DMA2_Channel4_IRQHandler</STRONG> (Thumb, 0 bytes, Stack size 0 bytes, startup_mm32f327x_keil.o(.text))
<BR>[Address Reference Count : 1]<UL><LI> startup_mm32f327x_keil.o(RESET)
</UL>
<P><STRONG><a name="[41]"></a>DMA2_Channel5_IRQHandler</STRONG> (Thumb, 0 bytes, Stack size 0 bytes, startup_mm32f327x_keil.o(.text))
<BR>[Address Reference Count : 1]<UL><LI> startup_mm32f327x_keil.o(RESET)
</UL>
<P><STRONG><a name="[42]"></a>ETH_IRQHandler</STRONG> (Thumb, 0 bytes, Stack size 0 bytes, startup_mm32f327x_keil.o(.text))
<BR>[Address Reference Count : 1]<UL><LI> startup_mm32f327x_keil.o(RESET)
</UL>
<P><STRONG><a name="[2e]"></a>EXTI15_10_IRQHandler</STRONG> (Thumb, 0 bytes, Stack size 0 bytes, startup_mm32f327x_keil.o(.text))
<BR>[Address Reference Count : 1]<UL><LI> startup_mm32f327x_keil.o(RESET)
</UL>
<P><STRONG><a name="[13]"></a>EXTI3_IRQHandler</STRONG> (Thumb, 0 bytes, Stack size 0 bytes, startup_mm32f327x_keil.o(.text))
<BR>[Address Reference Count : 1]<UL><LI> startup_mm32f327x_keil.o(RESET)
</UL>
<P><STRONG><a name="[e]"></a>FLASH_IRQHandler</STRONG> (Thumb, 0 bytes, Stack size 0 bytes, startup_mm32f327x_keil.o(.text))
<BR>[Address Reference Count : 1]<UL><LI> startup_mm32f327x_keil.o(RESET)
</UL>
<P><STRONG><a name="[1d]"></a>FlashCache_IRQHandler</STRONG> (Thumb, 0 bytes, Stack size 0 bytes, startup_mm32f327x_keil.o(.text))
<BR>[Address Reference Count : 1]<UL><LI> startup_mm32f327x_keil.o(RESET)
</UL>
<P><STRONG><a name="[27]"></a>I2C1_IRQHandler</STRONG> (Thumb, 0 bytes, Stack size 0 bytes, startup_mm32f327x_keil.o(.text))
<BR>[Address Reference Count : 1]<UL><LI> startup_mm32f327x_keil.o(RESET)
</UL>
<P><STRONG><a name="[28]"></a>I2C2_IRQHandler</STRONG> (Thumb, 0 bytes, Stack size 0 bytes, startup_mm32f327x_keil.o(.text))
<BR>[Address Reference Count : 1]<UL><LI> startup_mm32f327x_keil.o(RESET)
</UL>
<P><STRONG><a name="[44]"></a>OTG_FS_IRQHandler</STRONG> (Thumb, 0 bytes, Stack size 0 bytes, startup_mm32f327x_keil.o(.text))
<BR>[Address Reference Count : 1]<UL><LI> startup_mm32f327x_keil.o(RESET)
</UL>
<P><STRONG><a name="[30]"></a>OTG_FS_WKUP_IRQHandler</STRONG> (Thumb, 0 bytes, Stack size 0 bytes, startup_mm32f327x_keil.o(.text))
<BR>[Address Reference Count : 1]<UL><LI> startup_mm32f327x_keil.o(RESET)
</UL>
<P><STRONG><a name="[b]"></a>PVD_IRQHandler</STRONG> (Thumb, 0 bytes, Stack size 0 bytes, startup_mm32f327x_keil.o(.text))
<BR>[Address Reference Count : 1]<UL><LI> startup_mm32f327x_keil.o(RESET)
</UL>
<P><STRONG><a name="[f]"></a>RCC_CRS_IRQHandler</STRONG> (Thumb, 0 bytes, Stack size 0 bytes, startup_mm32f327x_keil.o(.text))
<BR>[Address Reference Count : 1]<UL><LI> startup_mm32f327x_keil.o(RESET)
</UL>
<P><STRONG><a name="[2f]"></a>RTCAlarm_IRQHandler</STRONG> (Thumb, 0 bytes, Stack size 0 bytes, startup_mm32f327x_keil.o(.text))
<BR>[Address Reference Count : 1]<UL><LI> startup_mm32f327x_keil.o(RESET)
</UL>
<P><STRONG><a name="[d]"></a>RTC_IRQHandler</STRONG> (Thumb, 0 bytes, Stack size 0 bytes, startup_mm32f327x_keil.o(.text))
<BR>[Address Reference Count : 1]<UL><LI> startup_mm32f327x_keil.o(RESET)
</UL>
<P><STRONG><a name="[36]"></a>SDIO_IRQHandler</STRONG> (Thumb, 0 bytes, Stack size 0 bytes, startup_mm32f327x_keil.o(.text))
<BR>[Address Reference Count : 1]<UL><LI> startup_mm32f327x_keil.o(RESET)
</UL>
<P><STRONG><a name="[29]"></a>SPI1_IRQHandler</STRONG> (Thumb, 0 bytes, Stack size 0 bytes, startup_mm32f327x_keil.o(.text))
<BR>[Address Reference Count : 1]<UL><LI> startup_mm32f327x_keil.o(RESET)
</UL>
<P><STRONG><a name="[2a]"></a>SPI2_IRQHandler</STRONG> (Thumb, 0 bytes, Stack size 0 bytes, startup_mm32f327x_keil.o(.text))
<BR>[Address Reference Count : 1]<UL><LI> startup_mm32f327x_keil.o(RESET)
</UL>
<P><STRONG><a name="[38]"></a>SPI3_IRQHandler</STRONG> (Thumb, 0 bytes, Stack size 0 bytes, startup_mm32f327x_keil.o(.text))
<BR>[Address Reference Count : 1]<UL><LI> startup_mm32f327x_keil.o(RESET)
</UL>
<P><STRONG><a name="[c]"></a>TAMPER_IRQHandler</STRONG> (Thumb, 0 bytes, Stack size 0 bytes, startup_mm32f327x_keil.o(.text))
<BR>[Address Reference Count : 1]<UL><LI> startup_mm32f327x_keil.o(RESET)
</UL>
<P><STRONG><a name="[20]"></a>TIM1_BRK_IRQHandler</STRONG> (Thumb, 0 bytes, Stack size 0 bytes, startup_mm32f327x_keil.o(.text))
<BR>[Address Reference Count : 1]<UL><LI> startup_mm32f327x_keil.o(RESET)
</UL>
<P><STRONG><a name="[23]"></a>TIM1_CC_IRQHandler</STRONG> (Thumb, 0 bytes, Stack size 0 bytes, startup_mm32f327x_keil.o(.text))
<BR>[Address Reference Count : 1]<UL><LI> startup_mm32f327x_keil.o(RESET)
</UL>
<P><STRONG><a name="[22]"></a>TIM1_TRG_COM_IRQHandler</STRONG> (Thumb, 0 bytes, Stack size 0 bytes, startup_mm32f327x_keil.o(.text))
<BR>[Address Reference Count : 1]<UL><LI> startup_mm32f327x_keil.o(RESET)
</UL>
<P><STRONG><a name="[31]"></a>TIM8_BRK_IRQHandler</STRONG> (Thumb, 0 bytes, Stack size 0 bytes, startup_mm32f327x_keil.o(.text))
<BR>[Address Reference Count : 1]<UL><LI> startup_mm32f327x_keil.o(RESET)
</UL>
<P><STRONG><a name="[34]"></a>TIM8_CC_IRQHandler</STRONG> (Thumb, 0 bytes, Stack size 0 bytes, startup_mm32f327x_keil.o(.text))
<BR>[Address Reference Count : 1]<UL><LI> startup_mm32f327x_keil.o(RESET)
</UL>
<P><STRONG><a name="[33]"></a>TIM8_TRG_COM_IRQHandler</STRONG> (Thumb, 0 bytes, Stack size 0 bytes, startup_mm32f327x_keil.o(.text))
<BR>[Address Reference Count : 1]<UL><LI> startup_mm32f327x_keil.o(RESET)
</UL>
<P><STRONG><a name="[a]"></a>WWDG_IRQHandler</STRONG> (Thumb, 0 bytes, Stack size 0 bytes, startup_mm32f327x_keil.o(.text))
<BR>[Address Reference Count : 1]<UL><LI> startup_mm32f327x_keil.o(RESET)
</UL>
<P><STRONG><a name="[4f]"></a>__aeabi_memset</STRONG> (Thumb, 14 bytes, Stack size 0 bytes, memseta.o(.text))
<BR><BR>[Called By]<UL><LI><a href="#[73]">&gt;&gt;</a>&nbsp;&nbsp;&nbsp;LQ_DMP_Init
<LI><a href="#[50]">&gt;&gt;</a>&nbsp;&nbsp;&nbsp;_memset$wrapper
<LI><a href="#[4e]">&gt;&gt;</a>&nbsp;&nbsp;&nbsp;__aeabi_memclr
</UL>

<P><STRONG><a name="[139]"></a>__aeabi_memset4</STRONG> (Thumb, 0 bytes, Stack size 0 bytes, memseta.o(.text), UNUSED)

<P><STRONG><a name="[13a]"></a>__aeabi_memset8</STRONG> (Thumb, 0 bytes, Stack size 0 bytes, memseta.o(.text), UNUSED)

<P><STRONG><a name="[4e]"></a>__aeabi_memclr</STRONG> (Thumb, 4 bytes, Stack size 0 bytes, memseta.o(.text), UNUSED)
<BR><BR>[Calls]<UL><LI><a href="#[4f]">&gt;&gt;</a>&nbsp;&nbsp;&nbsp;__aeabi_memset
</UL>

<P><STRONG><a name="[13b]"></a>__aeabi_memclr4</STRONG> (Thumb, 0 bytes, Stack size 0 bytes, memseta.o(.text), UNUSED)

<P><STRONG><a name="[13c]"></a>__aeabi_memclr8</STRONG> (Thumb, 0 bytes, Stack size 0 bytes, memseta.o(.text), UNUSED)

<P><STRONG><a name="[50]"></a>_memset$wrapper</STRONG> (Thumb, 18 bytes, Stack size 8 bytes, memseta.o(.text), UNUSED)
<BR><BR>[Calls]<UL><LI><a href="#[4f]">&gt;&gt;</a>&nbsp;&nbsp;&nbsp;__aeabi_memset
</UL>

<P><STRONG><a name="[be]"></a>memcmp</STRONG> (Thumb, 26 bytes, Stack size 12 bytes, memcmp.o(.text))
<BR><BR>[Stack]<UL><LI>Max Depth = 12<LI>Call Chain = memcmp
</UL>
<BR>[Called By]<UL><LI><a href="#[73]">&gt;&gt;</a>&nbsp;&nbsp;&nbsp;LQ_DMP_Init
</UL>

<P><STRONG><a name="[51]"></a>__aeabi_fadd</STRONG> (Thumb, 164 bytes, Stack size 16 bytes, fadd.o(.text))
<BR><BR>[Stack]<UL><LI>Max Depth = 20<LI>Call Chain = __aeabi_fadd &rArr; _float_epilogue
</UL>
<BR>[Calls]<UL><LI><a href="#[53]">&gt;&gt;</a>&nbsp;&nbsp;&nbsp;_float_round
<LI><a href="#[52]">&gt;&gt;</a>&nbsp;&nbsp;&nbsp;_float_epilogue
</UL>
<BR>[Called By]<UL><LI><a href="#[54]">&gt;&gt;</a>&nbsp;&nbsp;&nbsp;__aeabi_fsub
<LI><a href="#[c3]">&gt;&gt;</a>&nbsp;&nbsp;&nbsp;LQ_DMP_Read
<LI><a href="#[ef]">&gt;&gt;</a>&nbsp;&nbsp;&nbsp;PidLocCtrl
<LI><a href="#[ee]">&gt;&gt;</a>&nbsp;&nbsp;&nbsp;PidIncCtrl
<LI><a href="#[55]">&gt;&gt;</a>&nbsp;&nbsp;&nbsp;__aeabi_frsub
<LI><a href="#[3b]">&gt;&gt;</a>&nbsp;&nbsp;&nbsp;TIM6_IRQHandler
</UL>

<P><STRONG><a name="[54]"></a>__aeabi_fsub</STRONG> (Thumb, 6 bytes, Stack size 0 bytes, fadd.o(.text))
<BR><BR>[Stack]<UL><LI>Max Depth = 20<LI>Call Chain = __aeabi_fsub &rArr; __aeabi_fadd &rArr; _float_epilogue
</UL>
<BR>[Calls]<UL><LI><a href="#[51]">&gt;&gt;</a>&nbsp;&nbsp;&nbsp;__aeabi_fadd
</UL>
<BR>[Called By]<UL><LI><a href="#[a1]">&gt;&gt;</a>&nbsp;&nbsp;&nbsp;GetOSTU
<LI><a href="#[c3]">&gt;&gt;</a>&nbsp;&nbsp;&nbsp;LQ_DMP_Read
<LI><a href="#[ef]">&gt;&gt;</a>&nbsp;&nbsp;&nbsp;PidLocCtrl
<LI><a href="#[ee]">&gt;&gt;</a>&nbsp;&nbsp;&nbsp;PidIncCtrl
<LI><a href="#[3b]">&gt;&gt;</a>&nbsp;&nbsp;&nbsp;TIM6_IRQHandler
</UL>

<P><STRONG><a name="[55]"></a>__aeabi_frsub</STRONG> (Thumb, 6 bytes, Stack size 0 bytes, fadd.o(.text))
<BR><BR>[Stack]<UL><LI>Max Depth = 20<LI>Call Chain = __aeabi_frsub &rArr; __aeabi_fadd &rArr; _float_epilogue
</UL>
<BR>[Calls]<UL><LI><a href="#[51]">&gt;&gt;</a>&nbsp;&nbsp;&nbsp;__aeabi_fadd
</UL>
<BR>[Called By]<UL><LI><a href="#[3b]">&gt;&gt;</a>&nbsp;&nbsp;&nbsp;TIM6_IRQHandler
</UL>

<P><STRONG><a name="[a2]"></a>__aeabi_fmul</STRONG> (Thumb, 100 bytes, Stack size 8 bytes, fmul.o(.text))
<BR><BR>[Stack]<UL><LI>Max Depth = 8<LI>Call Chain = __aeabi_fmul
</UL>
<BR>[Called By]<UL><LI><a href="#[a1]">&gt;&gt;</a>&nbsp;&nbsp;&nbsp;GetOSTU
<LI><a href="#[c3]">&gt;&gt;</a>&nbsp;&nbsp;&nbsp;LQ_DMP_Read
<LI><a href="#[ef]">&gt;&gt;</a>&nbsp;&nbsp;&nbsp;PidLocCtrl
<LI><a href="#[ee]">&gt;&gt;</a>&nbsp;&nbsp;&nbsp;PidIncCtrl
</UL>

<P><STRONG><a name="[56]"></a>__aeabi_fdiv</STRONG> (Thumb, 124 bytes, Stack size 8 bytes, fdiv.o(.text))
<BR><BR>[Stack]<UL><LI>Max Depth = 8<LI>Call Chain = __aeabi_fdiv
</UL>
<BR>[Calls]<UL><LI><a href="#[53]">&gt;&gt;</a>&nbsp;&nbsp;&nbsp;_float_round
</UL>
<BR>[Called By]<UL><LI><a href="#[a5]">&gt;&gt;</a>&nbsp;&nbsp;&nbsp;lq_sobelAutoThreshold
<LI><a href="#[a1]">&gt;&gt;</a>&nbsp;&nbsp;&nbsp;GetOSTU
</UL>

<P><STRONG><a name="[57]"></a>__aeabi_dadd</STRONG> (Thumb, 322 bytes, Stack size 48 bytes, dadd.o(.text))
<BR><BR>[Stack]<UL><LI>Max Depth = 88<LI>Call Chain = __aeabi_dadd &rArr; _double_epilogue &rArr; _double_round
</UL>
<BR>[Calls]<UL><LI><a href="#[5b]">&gt;&gt;</a>&nbsp;&nbsp;&nbsp;_double_round
<LI><a href="#[5a]">&gt;&gt;</a>&nbsp;&nbsp;&nbsp;_double_epilogue
<LI><a href="#[59]">&gt;&gt;</a>&nbsp;&nbsp;&nbsp;__aeabi_lasr
<LI><a href="#[58]">&gt;&gt;</a>&nbsp;&nbsp;&nbsp;__aeabi_llsl
</UL>
<BR>[Called By]<UL><LI><a href="#[d5]">&gt;&gt;</a>&nbsp;&nbsp;&nbsp;MT9V034_SetFrameRate
<LI><a href="#[5c]">&gt;&gt;</a>&nbsp;&nbsp;&nbsp;__aeabi_dsub
<LI><a href="#[3b]">&gt;&gt;</a>&nbsp;&nbsp;&nbsp;TIM6_IRQHandler
<LI><a href="#[128]">&gt;&gt;</a>&nbsp;&nbsp;&nbsp;__mathlib_dbl_infnan2
<LI><a href="#[12a]">&gt;&gt;</a>&nbsp;&nbsp;&nbsp;_fp_digits
<LI><a href="#[c8]">&gt;&gt;</a>&nbsp;&nbsp;&nbsp;atan
<LI><a href="#[5d]">&gt;&gt;</a>&nbsp;&nbsp;&nbsp;__aeabi_drsub
<LI><a href="#[125]">&gt;&gt;</a>&nbsp;&nbsp;&nbsp;__kernel_poly
</UL>

<P><STRONG><a name="[5c]"></a>__aeabi_dsub</STRONG> (Thumb, 6 bytes, Stack size 0 bytes, dadd.o(.text))
<BR><BR>[Stack]<UL><LI>Max Depth = 88<LI>Call Chain = __aeabi_dsub &rArr; __aeabi_dadd &rArr; _double_epilogue &rArr; _double_round
</UL>
<BR>[Calls]<UL><LI><a href="#[57]">&gt;&gt;</a>&nbsp;&nbsp;&nbsp;__aeabi_dadd
</UL>
<BR>[Called By]<UL><LI><a href="#[3b]">&gt;&gt;</a>&nbsp;&nbsp;&nbsp;TIM6_IRQHandler
<LI><a href="#[c9]">&gt;&gt;</a>&nbsp;&nbsp;&nbsp;atan2
<LI><a href="#[c8]">&gt;&gt;</a>&nbsp;&nbsp;&nbsp;atan
</UL>

<P><STRONG><a name="[5d]"></a>__aeabi_drsub</STRONG> (Thumb, 6 bytes, Stack size 0 bytes, dadd.o(.text))
<BR><BR>[Stack]<UL><LI>Max Depth = 88<LI>Call Chain = __aeabi_drsub &rArr; __aeabi_dadd &rArr; _double_epilogue &rArr; _double_round
</UL>
<BR>[Calls]<UL><LI><a href="#[57]">&gt;&gt;</a>&nbsp;&nbsp;&nbsp;__aeabi_dadd
</UL>
<BR>[Called By]<UL><LI><a href="#[c3]">&gt;&gt;</a>&nbsp;&nbsp;&nbsp;LQ_DMP_Read
<LI><a href="#[c9]">&gt;&gt;</a>&nbsp;&nbsp;&nbsp;atan2
<LI><a href="#[c8]">&gt;&gt;</a>&nbsp;&nbsp;&nbsp;atan
</UL>

<P><STRONG><a name="[5e]"></a>__aeabi_dmul</STRONG> (Thumb, 228 bytes, Stack size 48 bytes, dmul.o(.text))
<BR><BR>[Stack]<UL><LI>Max Depth = 88<LI>Call Chain = __aeabi_dmul &rArr; _double_epilogue &rArr; _double_round
</UL>
<BR>[Calls]<UL><LI><a href="#[5a]">&gt;&gt;</a>&nbsp;&nbsp;&nbsp;_double_epilogue
</UL>
<BR>[Called By]<UL><LI><a href="#[c3]">&gt;&gt;</a>&nbsp;&nbsp;&nbsp;LQ_DMP_Read
<LI><a href="#[d5]">&gt;&gt;</a>&nbsp;&nbsp;&nbsp;MT9V034_SetFrameRate
<LI><a href="#[12a]">&gt;&gt;</a>&nbsp;&nbsp;&nbsp;_fp_digits
<LI><a href="#[c8]">&gt;&gt;</a>&nbsp;&nbsp;&nbsp;atan
<LI><a href="#[125]">&gt;&gt;</a>&nbsp;&nbsp;&nbsp;__kernel_poly
</UL>

<P><STRONG><a name="[5f]"></a>__aeabi_ddiv</STRONG> (Thumb, 222 bytes, Stack size 32 bytes, ddiv.o(.text))
<BR><BR>[Stack]<UL><LI>Max Depth = 40<LI>Call Chain = __aeabi_ddiv &rArr; _double_round
</UL>
<BR>[Calls]<UL><LI><a href="#[5b]">&gt;&gt;</a>&nbsp;&nbsp;&nbsp;_double_round
</UL>
<BR>[Called By]<UL><LI><a href="#[c3]">&gt;&gt;</a>&nbsp;&nbsp;&nbsp;LQ_DMP_Read
<LI><a href="#[12a]">&gt;&gt;</a>&nbsp;&nbsp;&nbsp;_fp_digits
<LI><a href="#[c9]">&gt;&gt;</a>&nbsp;&nbsp;&nbsp;atan2
<LI><a href="#[c8]">&gt;&gt;</a>&nbsp;&nbsp;&nbsp;atan
</UL>

<P><STRONG><a name="[60]"></a>__aeabi_i2f</STRONG> (Thumb, 18 bytes, Stack size 0 bytes, fflti.o(.text))
<BR><BR>[Stack]<UL><LI>Max Depth = 4<LI>Call Chain = __aeabi_i2f &rArr; _float_epilogue
</UL>
<BR>[Calls]<UL><LI><a href="#[52]">&gt;&gt;</a>&nbsp;&nbsp;&nbsp;_float_epilogue
</UL>
<BR>[Called By]<UL><LI><a href="#[a5]">&gt;&gt;</a>&nbsp;&nbsp;&nbsp;lq_sobelAutoThreshold
<LI><a href="#[a1]">&gt;&gt;</a>&nbsp;&nbsp;&nbsp;GetOSTU
<LI><a href="#[d5]">&gt;&gt;</a>&nbsp;&nbsp;&nbsp;MT9V034_SetFrameRate
<LI><a href="#[3b]">&gt;&gt;</a>&nbsp;&nbsp;&nbsp;TIM6_IRQHandler
</UL>

<P><STRONG><a name="[61]"></a>__aeabi_ui2f</STRONG> (Thumb, 10 bytes, Stack size 0 bytes, ffltui.o(.text))
<BR><BR>[Stack]<UL><LI>Max Depth = 4<LI>Call Chain = __aeabi_ui2f &rArr; _float_epilogue
</UL>
<BR>[Calls]<UL><LI><a href="#[52]">&gt;&gt;</a>&nbsp;&nbsp;&nbsp;_float_epilogue
</UL>
<BR>[Called By]<UL><LI><a href="#[a1]">&gt;&gt;</a>&nbsp;&nbsp;&nbsp;GetOSTU
</UL>

<P><STRONG><a name="[62]"></a>__aeabi_i2d</STRONG> (Thumb, 34 bytes, Stack size 16 bytes, dflti.o(.text))
<BR><BR>[Stack]<UL><LI>Max Depth = 56<LI>Call Chain = __aeabi_i2d &rArr; _double_epilogue &rArr; _double_round
</UL>
<BR>[Calls]<UL><LI><a href="#[5a]">&gt;&gt;</a>&nbsp;&nbsp;&nbsp;_double_epilogue
</UL>
<BR>[Called By]<UL><LI><a href="#[c3]">&gt;&gt;</a>&nbsp;&nbsp;&nbsp;LQ_DMP_Read
</UL>

<P><STRONG><a name="[63]"></a>__aeabi_ui2d</STRONG> (Thumb, 26 bytes, Stack size 16 bytes, dfltui.o(.text))
<BR><BR>[Stack]<UL><LI>Max Depth = 56<LI>Call Chain = __aeabi_ui2d &rArr; _double_epilogue &rArr; _double_round
</UL>
<BR>[Calls]<UL><LI><a href="#[5a]">&gt;&gt;</a>&nbsp;&nbsp;&nbsp;_double_epilogue
</UL>
<BR>[Called By]<UL><LI><a href="#[d5]">&gt;&gt;</a>&nbsp;&nbsp;&nbsp;MT9V034_SetFrameRate
</UL>

<P><STRONG><a name="[113]"></a>__aeabi_f2iz</STRONG> (Thumb, 50 bytes, Stack size 0 bytes, ffixi.o(.text))
<BR><BR>[Called By]<UL><LI><a href="#[3b]">&gt;&gt;</a>&nbsp;&nbsp;&nbsp;TIM6_IRQHandler
</UL>

<P><STRONG><a name="[db]"></a>__aeabi_f2uiz</STRONG> (Thumb, 40 bytes, Stack size 0 bytes, ffixui.o(.text))
<BR><BR>[Called By]<UL><LI><a href="#[d5]">&gt;&gt;</a>&nbsp;&nbsp;&nbsp;MT9V034_SetFrameRate
</UL>

<P><STRONG><a name="[7b]"></a>__aeabi_f2d</STRONG> (Thumb, 38 bytes, Stack size 0 bytes, f2d.o(.text))
<BR><BR>[Called By]<UL><LI><a href="#[6c]">&gt;&gt;</a>&nbsp;&nbsp;&nbsp;Balance_CAR
<LI><a href="#[c3]">&gt;&gt;</a>&nbsp;&nbsp;&nbsp;LQ_DMP_Read
<LI><a href="#[3b]">&gt;&gt;</a>&nbsp;&nbsp;&nbsp;TIM6_IRQHandler
</UL>

<P><STRONG><a name="[c5]"></a>__aeabi_cdcmpeq</STRONG> (Thumb, 0 bytes, Stack size 0 bytes, cdcmple.o(.text))
<BR><BR>[Called By]<UL><LI><a href="#[c3]">&gt;&gt;</a>&nbsp;&nbsp;&nbsp;LQ_DMP_Read
<LI><a href="#[c9]">&gt;&gt;</a>&nbsp;&nbsp;&nbsp;atan2
</UL>

<P><STRONG><a name="[c6]"></a>__aeabi_cdcmple</STRONG> (Thumb, 48 bytes, Stack size 0 bytes, cdcmple.o(.text))
<BR><BR>[Called By]<UL><LI><a href="#[c3]">&gt;&gt;</a>&nbsp;&nbsp;&nbsp;LQ_DMP_Read
</UL>

<P><STRONG><a name="[64]"></a>__aeabi_d2f</STRONG> (Thumb, 56 bytes, Stack size 8 bytes, d2f.o(.text))
<BR><BR>[Stack]<UL><LI>Max Depth = 8<LI>Call Chain = __aeabi_d2f
</UL>
<BR>[Calls]<UL><LI><a href="#[53]">&gt;&gt;</a>&nbsp;&nbsp;&nbsp;_float_round
</UL>
<BR>[Called By]<UL><LI><a href="#[c3]">&gt;&gt;</a>&nbsp;&nbsp;&nbsp;LQ_DMP_Read
<LI><a href="#[d5]">&gt;&gt;</a>&nbsp;&nbsp;&nbsp;MT9V034_SetFrameRate
<LI><a href="#[3b]">&gt;&gt;</a>&nbsp;&nbsp;&nbsp;TIM6_IRQHandler
</UL>

<P><STRONG><a name="[13d]"></a>__aeabi_cfcmpeq</STRONG> (Thumb, 0 bytes, Stack size 0 bytes, cfcmple.o(.text), UNUSED)

<P><STRONG><a name="[131]"></a>__aeabi_cfcmple</STRONG> (Thumb, 20 bytes, Stack size 0 bytes, cfcmple.o(.text))
<BR><BR>[Called By]<UL><LI><a href="#[f0]">&gt;&gt;</a>&nbsp;&nbsp;&nbsp;constrain_float
</UL>

<P><STRONG><a name="[a3]"></a>__aeabi_cfrcmple</STRONG> (Thumb, 20 bytes, Stack size 0 bytes, cfrcmple.o(.text))
<BR><BR>[Called By]<UL><LI><a href="#[a5]">&gt;&gt;</a>&nbsp;&nbsp;&nbsp;lq_sobelAutoThreshold
<LI><a href="#[a1]">&gt;&gt;</a>&nbsp;&nbsp;&nbsp;GetOSTU
<LI><a href="#[f0]">&gt;&gt;</a>&nbsp;&nbsp;&nbsp;constrain_float
<LI><a href="#[3b]">&gt;&gt;</a>&nbsp;&nbsp;&nbsp;TIM6_IRQHandler
</UL>

<P><STRONG><a name="[13e]"></a>__aeabi_uidiv</STRONG> (Thumb, 0 bytes, Stack size 12 bytes, uidiv.o(.text), UNUSED)

<P><STRONG><a name="[12e]"></a>__aeabi_uidivmod</STRONG> (Thumb, 44 bytes, Stack size 12 bytes, uidiv.o(.text), UNUSED)
<BR><BR>[Called By]<UL><LI><a href="#[124]">&gt;&gt;</a>&nbsp;&nbsp;&nbsp;_printf_core
</UL>

<P><STRONG><a name="[65]"></a>__aeabi_uldivmod</STRONG> (Thumb, 98 bytes, Stack size 40 bytes, uldiv.o(.text), UNUSED)
<BR><BR>[Calls]<UL><LI><a href="#[66]">&gt;&gt;</a>&nbsp;&nbsp;&nbsp;__aeabi_llsr
<LI><a href="#[58]">&gt;&gt;</a>&nbsp;&nbsp;&nbsp;__aeabi_llsl
</UL>
<BR>[Called By]<UL><LI><a href="#[124]">&gt;&gt;</a>&nbsp;&nbsp;&nbsp;_printf_core
<LI><a href="#[12a]">&gt;&gt;</a>&nbsp;&nbsp;&nbsp;_fp_digits
</UL>

<P><STRONG><a name="[58]"></a>__aeabi_llsl</STRONG> (Thumb, 30 bytes, Stack size 0 bytes, llshl.o(.text))
<BR><BR>[Called By]<UL><LI><a href="#[57]">&gt;&gt;</a>&nbsp;&nbsp;&nbsp;__aeabi_dadd
<LI><a href="#[5a]">&gt;&gt;</a>&nbsp;&nbsp;&nbsp;_double_epilogue
<LI><a href="#[68]">&gt;&gt;</a>&nbsp;&nbsp;&nbsp;__aeabi_d2ulz
<LI><a href="#[65]">&gt;&gt;</a>&nbsp;&nbsp;&nbsp;__aeabi_uldivmod
</UL>

<P><STRONG><a name="[13f]"></a>_ll_shift_l</STRONG> (Thumb, 0 bytes, Stack size 0 bytes, llshl.o(.text), UNUSED)

<P><STRONG><a name="[59]"></a>__aeabi_lasr</STRONG> (Thumb, 36 bytes, Stack size 0 bytes, llsshr.o(.text))
<BR><BR>[Called By]<UL><LI><a href="#[57]">&gt;&gt;</a>&nbsp;&nbsp;&nbsp;__aeabi_dadd
</UL>

<P><STRONG><a name="[140]"></a>_ll_sshift_r</STRONG> (Thumb, 0 bytes, Stack size 0 bytes, llsshr.o(.text), UNUSED)

<P><STRONG><a name="[141]"></a>__I$use$fp</STRONG> (Thumb, 0 bytes, Stack size 0 bytes, iusefp.o(.text), UNUSED)

<P><STRONG><a name="[53]"></a>_float_round</STRONG> (Thumb, 18 bytes, Stack size 0 bytes, fepilogue.o(.text))
<BR><BR>[Called By]<UL><LI><a href="#[64]">&gt;&gt;</a>&nbsp;&nbsp;&nbsp;__aeabi_d2f
<LI><a href="#[56]">&gt;&gt;</a>&nbsp;&nbsp;&nbsp;__aeabi_fdiv
<LI><a href="#[51]">&gt;&gt;</a>&nbsp;&nbsp;&nbsp;__aeabi_fadd
</UL>

<P><STRONG><a name="[52]"></a>_float_epilogue</STRONG> (Thumb, 92 bytes, Stack size 4 bytes, fepilogue.o(.text))
<BR><BR>[Stack]<UL><LI>Max Depth = 4<LI>Call Chain = _float_epilogue
</UL>
<BR>[Called By]<UL><LI><a href="#[61]">&gt;&gt;</a>&nbsp;&nbsp;&nbsp;__aeabi_ui2f
<LI><a href="#[60]">&gt;&gt;</a>&nbsp;&nbsp;&nbsp;__aeabi_i2f
<LI><a href="#[51]">&gt;&gt;</a>&nbsp;&nbsp;&nbsp;__aeabi_fadd
</UL>

<P><STRONG><a name="[5b]"></a>_double_round</STRONG> (Thumb, 30 bytes, Stack size 8 bytes, depilogue.o(.text))
<BR><BR>[Stack]<UL><LI>Max Depth = 8<LI>Call Chain = _double_round
</UL>
<BR>[Called By]<UL><LI><a href="#[5f]">&gt;&gt;</a>&nbsp;&nbsp;&nbsp;__aeabi_ddiv
<LI><a href="#[57]">&gt;&gt;</a>&nbsp;&nbsp;&nbsp;__aeabi_dadd
<LI><a href="#[5a]">&gt;&gt;</a>&nbsp;&nbsp;&nbsp;_double_epilogue
<LI><a href="#[67]">&gt;&gt;</a>&nbsp;&nbsp;&nbsp;_dsqrt
</UL>

<P><STRONG><a name="[5a]"></a>_double_epilogue</STRONG> (Thumb, 156 bytes, Stack size 32 bytes, depilogue.o(.text))
<BR><BR>[Stack]<UL><LI>Max Depth = 40<LI>Call Chain = _double_epilogue &rArr; _double_round
</UL>
<BR>[Calls]<UL><LI><a href="#[5b]">&gt;&gt;</a>&nbsp;&nbsp;&nbsp;_double_round
<LI><a href="#[66]">&gt;&gt;</a>&nbsp;&nbsp;&nbsp;__aeabi_llsr
<LI><a href="#[58]">&gt;&gt;</a>&nbsp;&nbsp;&nbsp;__aeabi_llsl
</UL>
<BR>[Called By]<UL><LI><a href="#[63]">&gt;&gt;</a>&nbsp;&nbsp;&nbsp;__aeabi_ui2d
<LI><a href="#[57]">&gt;&gt;</a>&nbsp;&nbsp;&nbsp;__aeabi_dadd
<LI><a href="#[5e]">&gt;&gt;</a>&nbsp;&nbsp;&nbsp;__aeabi_dmul
<LI><a href="#[62]">&gt;&gt;</a>&nbsp;&nbsp;&nbsp;__aeabi_i2d
</UL>

<P><STRONG><a name="[127]"></a>__ARM_scalbn</STRONG> (Thumb, 46 bytes, Stack size 16 bytes, dscalb.o(.text))
<BR><BR>[Stack]<UL><LI>Max Depth = 16<LI>Call Chain = __ARM_scalbn
</UL>
<BR>[Called By]<UL><LI><a href="#[129]">&gt;&gt;</a>&nbsp;&nbsp;&nbsp;__mathlib_dbl_underflow
<LI><a href="#[126]">&gt;&gt;</a>&nbsp;&nbsp;&nbsp;__mathlib_dbl_infnan
<LI><a href="#[c8]">&gt;&gt;</a>&nbsp;&nbsp;&nbsp;atan
</UL>

<P><STRONG><a name="[142]"></a>scalbn</STRONG> (Thumb, 0 bytes, Stack size 16 bytes, dscalb.o(.text), UNUSED)

<P><STRONG><a name="[67]"></a>_dsqrt</STRONG> (Thumb, 162 bytes, Stack size 32 bytes, dsqrt.o(.text))
<BR><BR>[Stack]<UL><LI>Max Depth = 40<LI>Call Chain = _dsqrt &rArr; _double_round
</UL>
<BR>[Calls]<UL><LI><a href="#[5b]">&gt;&gt;</a>&nbsp;&nbsp;&nbsp;_double_round
<LI><a href="#[66]">&gt;&gt;</a>&nbsp;&nbsp;&nbsp;__aeabi_llsr
</UL>
<BR>[Called By]<UL><LI><a href="#[c7]">&gt;&gt;</a>&nbsp;&nbsp;&nbsp;sqrt
</UL>

<P><STRONG><a name="[68]"></a>__aeabi_d2ulz</STRONG> (Thumb, 48 bytes, Stack size 0 bytes, dfixul.o(.text), UNUSED)
<BR><BR>[Calls]<UL><LI><a href="#[66]">&gt;&gt;</a>&nbsp;&nbsp;&nbsp;__aeabi_llsr
<LI><a href="#[58]">&gt;&gt;</a>&nbsp;&nbsp;&nbsp;__aeabi_llsl
</UL>
<BR>[Called By]<UL><LI><a href="#[12a]">&gt;&gt;</a>&nbsp;&nbsp;&nbsp;_fp_digits
</UL>

<P><STRONG><a name="[12b]"></a>__aeabi_cdrcmple</STRONG> (Thumb, 48 bytes, Stack size 0 bytes, cdrcmple.o(.text), UNUSED)
<BR><BR>[Called By]<UL><LI><a href="#[12a]">&gt;&gt;</a>&nbsp;&nbsp;&nbsp;_fp_digits
</UL>

<P><STRONG><a name="[4d]"></a>__scatterload</STRONG> (Thumb, 28 bytes, Stack size 0 bytes, init.o(.text))
<BR><BR>[Calls]<UL><LI><a href="#[69]">&gt;&gt;</a>&nbsp;&nbsp;&nbsp;__main_after_scatterload
</UL>
<BR>[Called By]<UL><LI><a href="#[4c]">&gt;&gt;</a>&nbsp;&nbsp;&nbsp;_main_scatterload
</UL>

<P><STRONG><a name="[143]"></a>__scatterload_rt2</STRONG> (Thumb, 0 bytes, Stack size 0 bytes, init.o(.text), UNUSED)

<P><STRONG><a name="[66]"></a>__aeabi_llsr</STRONG> (Thumb, 32 bytes, Stack size 0 bytes, llushr.o(.text))
<BR><BR>[Called By]<UL><LI><a href="#[5a]">&gt;&gt;</a>&nbsp;&nbsp;&nbsp;_double_epilogue
<LI><a href="#[68]">&gt;&gt;</a>&nbsp;&nbsp;&nbsp;__aeabi_d2ulz
<LI><a href="#[67]">&gt;&gt;</a>&nbsp;&nbsp;&nbsp;_dsqrt
<LI><a href="#[65]">&gt;&gt;</a>&nbsp;&nbsp;&nbsp;__aeabi_uldivmod
</UL>

<P><STRONG><a name="[144]"></a>_ll_ushift_r</STRONG> (Thumb, 0 bytes, Stack size 0 bytes, llushr.o(.text), UNUSED)

<P><STRONG><a name="[102]"></a>AutoCalPllFactor</STRONG> (Thumb, 102 bytes, Stack size 28 bytes, system_mm32f327x.o(i.AutoCalPllFactor))
<BR><BR>[Stack]<UL><LI>Max Depth = 28<LI>Call Chain = AutoCalPllFactor
</UL>
<BR>[Called By]<UL><LI><a href="#[100]">&gt;&gt;</a>&nbsp;&nbsp;&nbsp;SetSysClockToXX
</UL>

<P><STRONG><a name="[6a]"></a>BalMotorCtrl</STRONG> (Thumb, 160 bytes, Stack size 16 bytes, lq_motorservo.o(i.BalMotorCtrl))
<BR><BR>[Stack]<UL><LI>Max Depth = 16<LI>Call Chain = BalMotorCtrl
</UL>
<BR>[Calls]<UL><LI><a href="#[6b]">&gt;&gt;</a>&nbsp;&nbsp;&nbsp;PWM_Set_Duty
</UL>
<BR>[Called By]<UL><LI><a href="#[3b]">&gt;&gt;</a>&nbsp;&nbsp;&nbsp;TIM6_IRQHandler
</UL>

<P><STRONG><a name="[6c]"></a>Balance_CAR</STRONG> (Thumb, 496 bytes, Stack size 24 bytes, lq_balance.o(i.Balance_CAR))
<BR><BR>[Stack]<UL><LI>Max Depth = 420<LI>Call Chain = Balance_CAR &rArr; Get_Bin_Image &rArr; GetOSTU &rArr; __aeabi_fsub &rArr; __aeabi_fadd &rArr; _float_epilogue
</UL>
<BR>[Calls]<UL><LI><a href="#[7b]">&gt;&gt;</a>&nbsp;&nbsp;&nbsp;__aeabi_f2d
<LI><a href="#[75]">&gt;&gt;</a>&nbsp;&nbsp;&nbsp;TIMER_InitConfig
<LI><a href="#[7f]">&gt;&gt;</a>&nbsp;&nbsp;&nbsp;TFTSPI_P6X8Str
<LI><a href="#[7e]">&gt;&gt;</a>&nbsp;&nbsp;&nbsp;TFTSPI_BinRoad
<LI><a href="#[71]">&gt;&gt;</a>&nbsp;&nbsp;&nbsp;SOFT_IIC_Init
<LI><a href="#[74]">&gt;&gt;</a>&nbsp;&nbsp;&nbsp;PidInit
<LI><a href="#[6f]">&gt;&gt;</a>&nbsp;&nbsp;&nbsp;MotorInit
<LI><a href="#[73]">&gt;&gt;</a>&nbsp;&nbsp;&nbsp;LQ_DMP_Init
<LI><a href="#[7a]">&gt;&gt;</a>&nbsp;&nbsp;&nbsp;KEY_Read
<LI><a href="#[72]">&gt;&gt;</a>&nbsp;&nbsp;&nbsp;ICM20689_Init
<LI><a href="#[77]">&gt;&gt;</a>&nbsp;&nbsp;&nbsp;Get_Use_Image
<LI><a href="#[78]">&gt;&gt;</a>&nbsp;&nbsp;&nbsp;Get_Bin_Image
<LI><a href="#[6e]">&gt;&gt;</a>&nbsp;&nbsp;&nbsp;EncInit
<LI><a href="#[6d]">&gt;&gt;</a>&nbsp;&nbsp;&nbsp;CAMERA_Init
<LI><a href="#[79]">&gt;&gt;</a>&nbsp;&nbsp;&nbsp;Seek_Beacon
<LI><a href="#[7d]">&gt;&gt;</a>&nbsp;&nbsp;&nbsp;TFTSPI_P8X16Str
<LI><a href="#[70]">&gt;&gt;</a>&nbsp;&nbsp;&nbsp;TFTSPI_Init
<LI><a href="#[76]">&gt;&gt;</a>&nbsp;&nbsp;&nbsp;TFTSPI_CLS
<LI><a href="#[7c]">&gt;&gt;</a>&nbsp;&nbsp;&nbsp;__2sprintf
</UL>
<BR>[Called By]<UL><LI><a href="#[48]">&gt;&gt;</a>&nbsp;&nbsp;&nbsp;main
</UL>

<P><STRONG><a name="[6d]"></a>CAMERA_Init</STRONG> (Thumb, 146 bytes, Stack size 16 bytes, lq_camera.o(i.CAMERA_Init))
<BR><BR>[Stack]<UL><LI>Max Depth = 160<LI>Call Chain = CAMERA_Init &rArr; MT9V034_Init &rArr; MT9V034_SetFrameRate &rArr; __aeabi_dadd &rArr; _double_epilogue &rArr; _double_round
</UL>
<BR>[Calls]<UL><LI><a href="#[80]">&gt;&gt;</a>&nbsp;&nbsp;&nbsp;PIN_InitConfig
<LI><a href="#[84]">&gt;&gt;</a>&nbsp;&nbsp;&nbsp;PIN_Exti
<LI><a href="#[81]">&gt;&gt;</a>&nbsp;&nbsp;&nbsp;MT9V034_Init
<LI><a href="#[83]">&gt;&gt;</a>&nbsp;&nbsp;&nbsp;DMA_CameraTriggerTimerInit
<LI><a href="#[82]">&gt;&gt;</a>&nbsp;&nbsp;&nbsp;DMA_CameraInitConfig
</UL>
<BR>[Called By]<UL><LI><a href="#[6c]">&gt;&gt;</a>&nbsp;&nbsp;&nbsp;Balance_CAR
</UL>

<P><STRONG><a name="[15]"></a>DMA1_Channel1_IRQHandler</STRONG> (Thumb, 26 bytes, Stack size 8 bytes, lq_dma.o(i.DMA1_Channel1_IRQHandler))
<BR><BR>[Stack]<UL><LI>Max Depth = 24<LI>Call Chain = DMA1_Channel1_IRQHandler &rArr; LED_Ctrl
</UL>
<BR>[Calls]<UL><LI><a href="#[87]">&gt;&gt;</a>&nbsp;&nbsp;&nbsp;LED_Ctrl
<LI><a href="#[85]">&gt;&gt;</a>&nbsp;&nbsp;&nbsp;DMA_GetITStatus
<LI><a href="#[86]">&gt;&gt;</a>&nbsp;&nbsp;&nbsp;DMA_ClearFlag
</UL>
<BR>[Address Reference Count : 1]<UL><LI> startup_mm32f327x_keil.o(RESET)
</UL>
<P><STRONG><a name="[16]"></a>DMA1_Channel2_IRQHandler</STRONG> (Thumb, 18 bytes, Stack size 8 bytes, lq_dma.o(i.DMA1_Channel2_IRQHandler))
<BR><BR>[Stack]<UL><LI>Max Depth = 8<LI>Call Chain = DMA1_Channel2_IRQHandler
</UL>
<BR>[Calls]<UL><LI><a href="#[85]">&gt;&gt;</a>&nbsp;&nbsp;&nbsp;DMA_GetITStatus
<LI><a href="#[86]">&gt;&gt;</a>&nbsp;&nbsp;&nbsp;DMA_ClearFlag
</UL>
<BR>[Address Reference Count : 1]<UL><LI> startup_mm32f327x_keil.o(RESET)
</UL>
<P><STRONG><a name="[17]"></a>DMA1_Channel3_IRQHandler</STRONG> (Thumb, 22 bytes, Stack size 8 bytes, lq_dma.o(i.DMA1_Channel3_IRQHandler))
<BR><BR>[Stack]<UL><LI>Max Depth = 8<LI>Call Chain = DMA1_Channel3_IRQHandler
</UL>
<BR>[Calls]<UL><LI><a href="#[85]">&gt;&gt;</a>&nbsp;&nbsp;&nbsp;DMA_GetITStatus
<LI><a href="#[86]">&gt;&gt;</a>&nbsp;&nbsp;&nbsp;DMA_ClearFlag
</UL>
<BR>[Address Reference Count : 1]<UL><LI> startup_mm32f327x_keil.o(RESET)
</UL>
<P><STRONG><a name="[18]"></a>DMA1_Channel4_IRQHandler</STRONG> (Thumb, 26 bytes, Stack size 8 bytes, lq_dma.o(i.DMA1_Channel4_IRQHandler))
<BR><BR>[Stack]<UL><LI>Max Depth = 8<LI>Call Chain = DMA1_Channel4_IRQHandler
</UL>
<BR>[Calls]<UL><LI><a href="#[88]">&gt;&gt;</a>&nbsp;&nbsp;&nbsp;MT9V034_DMA_CLS
<LI><a href="#[85]">&gt;&gt;</a>&nbsp;&nbsp;&nbsp;DMA_GetITStatus
<LI><a href="#[86]">&gt;&gt;</a>&nbsp;&nbsp;&nbsp;DMA_ClearFlag
</UL>
<BR>[Address Reference Count : 1]<UL><LI> startup_mm32f327x_keil.o(RESET)
</UL>
<P><STRONG><a name="[19]"></a>DMA1_Channel5_IRQHandler</STRONG> (Thumb, 22 bytes, Stack size 8 bytes, lq_dma.o(i.DMA1_Channel5_IRQHandler))
<BR><BR>[Stack]<UL><LI>Max Depth = 8<LI>Call Chain = DMA1_Channel5_IRQHandler
</UL>
<BR>[Calls]<UL><LI><a href="#[85]">&gt;&gt;</a>&nbsp;&nbsp;&nbsp;DMA_GetITStatus
<LI><a href="#[86]">&gt;&gt;</a>&nbsp;&nbsp;&nbsp;DMA_ClearFlag
</UL>
<BR>[Address Reference Count : 1]<UL><LI> startup_mm32f327x_keil.o(RESET)
</UL>
<P><STRONG><a name="[82]"></a>DMA_CameraInitConfig</STRONG> (Thumb, 126 bytes, Stack size 56 bytes, lq_dma.o(i.DMA_CameraInitConfig))
<BR><BR>[Stack]<UL><LI>Max Depth = 88<LI>Call Chain = DMA_CameraInitConfig &rArr; nvic_init &rArr; NVIC_Init
</UL>
<BR>[Calls]<UL><LI><a href="#[89]">&gt;&gt;</a>&nbsp;&nbsp;&nbsp;RCC_AHBPeriphClockCmd
<LI><a href="#[8b]">&gt;&gt;</a>&nbsp;&nbsp;&nbsp;DMA_Init
<LI><a href="#[8c]">&gt;&gt;</a>&nbsp;&nbsp;&nbsp;DMA_ITConfig
<LI><a href="#[8a]">&gt;&gt;</a>&nbsp;&nbsp;&nbsp;DMA_DeInit
<LI><a href="#[8e]">&gt;&gt;</a>&nbsp;&nbsp;&nbsp;DMA_Cmd
<LI><a href="#[8d]">&gt;&gt;</a>&nbsp;&nbsp;&nbsp;nvic_init
</UL>
<BR>[Called By]<UL><LI><a href="#[6d]">&gt;&gt;</a>&nbsp;&nbsp;&nbsp;CAMERA_Init
</UL>

<P><STRONG><a name="[83]"></a>DMA_CameraTriggerTimerInit</STRONG> (Thumb, 260 bytes, Stack size 24 bytes, lq_dma.o(i.DMA_CameraTriggerTimerInit))
<BR><BR>[Stack]<UL><LI>Max Depth = 76<LI>Call Chain = DMA_CameraTriggerTimerInit &rArr; PIN_InitConfig &rArr; GPIO_Init
</UL>
<BR>[Calls]<UL><LI><a href="#[80]">&gt;&gt;</a>&nbsp;&nbsp;&nbsp;PIN_InitConfig
<LI><a href="#[90]">&gt;&gt;</a>&nbsp;&nbsp;&nbsp;RCC_APB1PeriphClockCmd
<LI><a href="#[8f]">&gt;&gt;</a>&nbsp;&nbsp;&nbsp;RCC_APB2PeriphClockCmd
<LI><a href="#[91]">&gt;&gt;</a>&nbsp;&nbsp;&nbsp;GPIO_PinAFConfig
<LI><a href="#[93]">&gt;&gt;</a>&nbsp;&nbsp;&nbsp;TIM_ETRClockMode1Config
<LI><a href="#[98]">&gt;&gt;</a>&nbsp;&nbsp;&nbsp;TIM_DMACmd
<LI><a href="#[97]">&gt;&gt;</a>&nbsp;&nbsp;&nbsp;TIM_Cmd
<LI><a href="#[92]">&gt;&gt;</a>&nbsp;&nbsp;&nbsp;TIM_TimeBaseInit
<LI><a href="#[95]">&gt;&gt;</a>&nbsp;&nbsp;&nbsp;TIM_SelectSlaveMode
<LI><a href="#[96]">&gt;&gt;</a>&nbsp;&nbsp;&nbsp;TIM_SelectMasterSlaveMode
<LI><a href="#[94]">&gt;&gt;</a>&nbsp;&nbsp;&nbsp;TIM_SelectInputTrigger
</UL>
<BR>[Called By]<UL><LI><a href="#[6d]">&gt;&gt;</a>&nbsp;&nbsp;&nbsp;CAMERA_Init
</UL>

<P><STRONG><a name="[86]"></a>DMA_ClearFlag</STRONG> (Thumb, 20 bytes, Stack size 0 bytes, hal_dma.o(i.DMA_ClearFlag))
<BR><BR>[Called By]<UL><LI><a href="#[19]">&gt;&gt;</a>&nbsp;&nbsp;&nbsp;DMA1_Channel5_IRQHandler
<LI><a href="#[18]">&gt;&gt;</a>&nbsp;&nbsp;&nbsp;DMA1_Channel4_IRQHandler
<LI><a href="#[17]">&gt;&gt;</a>&nbsp;&nbsp;&nbsp;DMA1_Channel3_IRQHandler
<LI><a href="#[16]">&gt;&gt;</a>&nbsp;&nbsp;&nbsp;DMA1_Channel2_IRQHandler
<LI><a href="#[15]">&gt;&gt;</a>&nbsp;&nbsp;&nbsp;DMA1_Channel1_IRQHandler
</UL>

<P><STRONG><a name="[8e]"></a>DMA_Cmd</STRONG> (Thumb, 12 bytes, Stack size 0 bytes, hal_dma.o(i.DMA_Cmd))
<BR><BR>[Called By]<UL><LI><a href="#[82]">&gt;&gt;</a>&nbsp;&nbsp;&nbsp;DMA_CameraInitConfig
</UL>

<P><STRONG><a name="[8a]"></a>DMA_DeInit</STRONG> (Thumb, 82 bytes, Stack size 0 bytes, hal_dma.o(i.DMA_DeInit))
<BR><BR>[Called By]<UL><LI><a href="#[82]">&gt;&gt;</a>&nbsp;&nbsp;&nbsp;DMA_CameraInitConfig
</UL>

<P><STRONG><a name="[85]"></a>DMA_GetITStatus</STRONG> (Thumb, 40 bytes, Stack size 0 bytes, hal_dma.o(i.DMA_GetITStatus))
<BR><BR>[Called By]<UL><LI><a href="#[19]">&gt;&gt;</a>&nbsp;&nbsp;&nbsp;DMA1_Channel5_IRQHandler
<LI><a href="#[18]">&gt;&gt;</a>&nbsp;&nbsp;&nbsp;DMA1_Channel4_IRQHandler
<LI><a href="#[17]">&gt;&gt;</a>&nbsp;&nbsp;&nbsp;DMA1_Channel3_IRQHandler
<LI><a href="#[16]">&gt;&gt;</a>&nbsp;&nbsp;&nbsp;DMA1_Channel2_IRQHandler
<LI><a href="#[15]">&gt;&gt;</a>&nbsp;&nbsp;&nbsp;DMA1_Channel1_IRQHandler
</UL>

<P><STRONG><a name="[8c]"></a>DMA_ITConfig</STRONG> (Thumb, 18 bytes, Stack size 0 bytes, hal_dma.o(i.DMA_ITConfig))
<BR><BR>[Called By]<UL><LI><a href="#[82]">&gt;&gt;</a>&nbsp;&nbsp;&nbsp;DMA_CameraInitConfig
</UL>

<P><STRONG><a name="[8b]"></a>DMA_Init</STRONG> (Thumb, 70 bytes, Stack size 8 bytes, hal_dma.o(i.DMA_Init))
<BR><BR>[Stack]<UL><LI>Max Depth = 8<LI>Call Chain = DMA_Init
</UL>
<BR>[Called By]<UL><LI><a href="#[82]">&gt;&gt;</a>&nbsp;&nbsp;&nbsp;DMA_CameraInitConfig
</UL>

<P><STRONG><a name="[10]"></a>EXTI0_IRQHandler</STRONG> (Thumb, 10 bytes, Stack size 8 bytes, lq_gpio.o(i.EXTI0_IRQHandler))
<BR><BR>[Stack]<UL><LI>Max Depth = 8<LI>Call Chain = EXTI0_IRQHandler
</UL>
<BR>[Calls]<UL><LI><a href="#[99]">&gt;&gt;</a>&nbsp;&nbsp;&nbsp;EXTI_ClearFlag
</UL>
<BR>[Address Reference Count : 1]<UL><LI> startup_mm32f327x_keil.o(RESET)
</UL>
<P><STRONG><a name="[11]"></a>EXTI1_IRQHandler</STRONG> (Thumb, 22 bytes, Stack size 8 bytes, lq_gpio.o(i.EXTI1_IRQHandler))
<BR><BR>[Stack]<UL><LI>Max Depth = 24<LI>Call Chain = EXTI1_IRQHandler &rArr; LED_Ctrl
</UL>
<BR>[Calls]<UL><LI><a href="#[87]">&gt;&gt;</a>&nbsp;&nbsp;&nbsp;LED_Ctrl
<LI><a href="#[9a]">&gt;&gt;</a>&nbsp;&nbsp;&nbsp;MT9V034_DMA_START
<LI><a href="#[99]">&gt;&gt;</a>&nbsp;&nbsp;&nbsp;EXTI_ClearFlag
</UL>
<BR>[Address Reference Count : 1]<UL><LI> startup_mm32f327x_keil.o(RESET)
</UL>
<P><STRONG><a name="[12]"></a>EXTI2_IRQHandler</STRONG> (Thumb, 18 bytes, Stack size 8 bytes, lq_gpio.o(i.EXTI2_IRQHandler))
<BR><BR>[Stack]<UL><LI>Max Depth = 24<LI>Call Chain = EXTI2_IRQHandler &rArr; LED_Ctrl
</UL>
<BR>[Calls]<UL><LI><a href="#[87]">&gt;&gt;</a>&nbsp;&nbsp;&nbsp;LED_Ctrl
<LI><a href="#[99]">&gt;&gt;</a>&nbsp;&nbsp;&nbsp;EXTI_ClearFlag
</UL>
<BR>[Address Reference Count : 1]<UL><LI> startup_mm32f327x_keil.o(RESET)
</UL>
<P><STRONG><a name="[14]"></a>EXTI4_IRQHandler</STRONG> (Thumb, 10 bytes, Stack size 8 bytes, lq_gpio.o(i.EXTI4_IRQHandler))
<BR><BR>[Stack]<UL><LI>Max Depth = 8<LI>Call Chain = EXTI4_IRQHandler
</UL>
<BR>[Calls]<UL><LI><a href="#[99]">&gt;&gt;</a>&nbsp;&nbsp;&nbsp;EXTI_ClearFlag
</UL>
<BR>[Address Reference Count : 1]<UL><LI> startup_mm32f327x_keil.o(RESET)
</UL>
<P><STRONG><a name="[1f]"></a>EXTI9_5_IRQHandler</STRONG> (Thumb, 64 bytes, Stack size 8 bytes, lq_gpio.o(i.EXTI9_5_IRQHandler))
<BR><BR>[Stack]<UL><LI>Max Depth = 8<LI>Call Chain = EXTI9_5_IRQHandler
</UL>
<BR>[Calls]<UL><LI><a href="#[9b]">&gt;&gt;</a>&nbsp;&nbsp;&nbsp;EXTI_GetITStatus
<LI><a href="#[99]">&gt;&gt;</a>&nbsp;&nbsp;&nbsp;EXTI_ClearFlag
</UL>
<BR>[Address Reference Count : 1]<UL><LI> startup_mm32f327x_keil.o(RESET)
</UL>
<P><STRONG><a name="[99]"></a>EXTI_ClearFlag</STRONG> (Thumb, 6 bytes, Stack size 0 bytes, hal_exti.o(i.EXTI_ClearFlag))
<BR><BR>[Called By]<UL><LI><a href="#[1f]">&gt;&gt;</a>&nbsp;&nbsp;&nbsp;EXTI9_5_IRQHandler
<LI><a href="#[14]">&gt;&gt;</a>&nbsp;&nbsp;&nbsp;EXTI4_IRQHandler
<LI><a href="#[12]">&gt;&gt;</a>&nbsp;&nbsp;&nbsp;EXTI2_IRQHandler
<LI><a href="#[11]">&gt;&gt;</a>&nbsp;&nbsp;&nbsp;EXTI1_IRQHandler
<LI><a href="#[10]">&gt;&gt;</a>&nbsp;&nbsp;&nbsp;EXTI0_IRQHandler
</UL>

<P><STRONG><a name="[9b]"></a>EXTI_GetITStatus</STRONG> (Thumb, 28 bytes, Stack size 0 bytes, hal_exti.o(i.EXTI_GetITStatus))
<BR><BR>[Called By]<UL><LI><a href="#[1f]">&gt;&gt;</a>&nbsp;&nbsp;&nbsp;EXTI9_5_IRQHandler
</UL>

<P><STRONG><a name="[df]"></a>EXTI_Init</STRONG> (Thumb, 210 bytes, Stack size 0 bytes, hal_exti.o(i.EXTI_Init))
<BR><BR>[Called By]<UL><LI><a href="#[84]">&gt;&gt;</a>&nbsp;&nbsp;&nbsp;PIN_Exti
</UL>

<P><STRONG><a name="[de]"></a>EXTI_LineConfig</STRONG> (Thumb, 56 bytes, Stack size 8 bytes, hal_exti.o(i.EXTI_LineConfig))
<BR><BR>[Stack]<UL><LI>Max Depth = 8<LI>Call Chain = EXTI_LineConfig
</UL>
<BR>[Called By]<UL><LI><a href="#[84]">&gt;&gt;</a>&nbsp;&nbsp;&nbsp;PIN_Exti
</UL>

<P><STRONG><a name="[6e]"></a>EncInit</STRONG> (Thumb, 350 bytes, Stack size 24 bytes, lq_encoder.o(i.EncInit))
<BR><BR>[Stack]<UL><LI>Max Depth = 44<LI>Call Chain = EncInit &rArr; GPIO_Init
</UL>
<BR>[Calls]<UL><LI><a href="#[89]">&gt;&gt;</a>&nbsp;&nbsp;&nbsp;RCC_AHBPeriphClockCmd
<LI><a href="#[9c]">&gt;&gt;</a>&nbsp;&nbsp;&nbsp;GPIO_Init
<LI><a href="#[90]">&gt;&gt;</a>&nbsp;&nbsp;&nbsp;RCC_APB1PeriphClockCmd
<LI><a href="#[91]">&gt;&gt;</a>&nbsp;&nbsp;&nbsp;GPIO_PinAFConfig
<LI><a href="#[9e]">&gt;&gt;</a>&nbsp;&nbsp;&nbsp;TIM_EncoderInterfaceConfig
<LI><a href="#[97]">&gt;&gt;</a>&nbsp;&nbsp;&nbsp;TIM_Cmd
<LI><a href="#[9d]">&gt;&gt;</a>&nbsp;&nbsp;&nbsp;TIM_TimeBaseStructInit
<LI><a href="#[92]">&gt;&gt;</a>&nbsp;&nbsp;&nbsp;TIM_TimeBaseInit
</UL>
<BR>[Called By]<UL><LI><a href="#[6c]">&gt;&gt;</a>&nbsp;&nbsp;&nbsp;Balance_CAR
</UL>

<P><STRONG><a name="[9c]"></a>GPIO_Init</STRONG> (Thumb, 170 bytes, Stack size 20 bytes, hal_gpio.o(i.GPIO_Init))
<BR><BR>[Stack]<UL><LI>Max Depth = 20<LI>Call Chain = GPIO_Init
</UL>
<BR>[Called By]<UL><LI><a href="#[80]">&gt;&gt;</a>&nbsp;&nbsp;&nbsp;PIN_InitConfig
<LI><a href="#[6e]">&gt;&gt;</a>&nbsp;&nbsp;&nbsp;EncInit
<LI><a href="#[d1]">&gt;&gt;</a>&nbsp;&nbsp;&nbsp;SCCB_Init
<LI><a href="#[da]">&gt;&gt;</a>&nbsp;&nbsp;&nbsp;MT9V034_SDA_Out
<LI><a href="#[d9]">&gt;&gt;</a>&nbsp;&nbsp;&nbsp;MT9V034_SDA_In
<LI><a href="#[d8]">&gt;&gt;</a>&nbsp;&nbsp;&nbsp;MT9V034_SCL_Out
</UL>

<P><STRONG><a name="[9f]"></a>GPIO_KEY_Init</STRONG> (Thumb, 76 bytes, Stack size 8 bytes, lq_gpio_key.o(i.GPIO_KEY_Init))
<BR><BR>[Stack]<UL><LI>Max Depth = 60<LI>Call Chain = GPIO_KEY_Init &rArr; PIN_InitConfig &rArr; GPIO_Init
</UL>
<BR>[Calls]<UL><LI><a href="#[80]">&gt;&gt;</a>&nbsp;&nbsp;&nbsp;PIN_InitConfig
</UL>
<BR>[Called By]<UL><LI><a href="#[48]">&gt;&gt;</a>&nbsp;&nbsp;&nbsp;main
</UL>

<P><STRONG><a name="[a0]"></a>GPIO_LED_Init</STRONG> (Thumb, 52 bytes, Stack size 8 bytes, lq_gpio_led.o(i.GPIO_LED_Init))
<BR><BR>[Stack]<UL><LI>Max Depth = 60<LI>Call Chain = GPIO_LED_Init &rArr; PIN_InitConfig &rArr; GPIO_Init
</UL>
<BR>[Calls]<UL><LI><a href="#[80]">&gt;&gt;</a>&nbsp;&nbsp;&nbsp;PIN_InitConfig
</UL>
<BR>[Called By]<UL><LI><a href="#[48]">&gt;&gt;</a>&nbsp;&nbsp;&nbsp;main
</UL>

<P><STRONG><a name="[91]"></a>GPIO_PinAFConfig</STRONG> (Thumb, 40 bytes, Stack size 16 bytes, hal_gpio.o(i.GPIO_PinAFConfig))
<BR><BR>[Stack]<UL><LI>Max Depth = 16<LI>Call Chain = GPIO_PinAFConfig
</UL>
<BR>[Called By]<UL><LI><a href="#[84]">&gt;&gt;</a>&nbsp;&nbsp;&nbsp;PIN_Exti
<LI><a href="#[83]">&gt;&gt;</a>&nbsp;&nbsp;&nbsp;DMA_CameraTriggerTimerInit
<LI><a href="#[6e]">&gt;&gt;</a>&nbsp;&nbsp;&nbsp;EncInit
<LI><a href="#[11d]">&gt;&gt;</a>&nbsp;&nbsp;&nbsp;UART_PinConfig
</UL>

<P><STRONG><a name="[b2]"></a>GPIO_ReadInputDataBit</STRONG> (Thumb, 16 bytes, Stack size 0 bytes, hal_gpio.o(i.GPIO_ReadInputDataBit))
<BR><BR>[Called By]<UL><LI><a href="#[af]">&gt;&gt;</a>&nbsp;&nbsp;&nbsp;Soft_SPI_ReadWriteNbyte
<LI><a href="#[7a]">&gt;&gt;</a>&nbsp;&nbsp;&nbsp;KEY_Read
<LI><a href="#[fa]">&gt;&gt;</a>&nbsp;&nbsp;&nbsp;SCCB_SendByte
<LI><a href="#[f8]">&gt;&gt;</a>&nbsp;&nbsp;&nbsp;SCCB_ReadByte
<LI><a href="#[cc]">&gt;&gt;</a>&nbsp;&nbsp;&nbsp;SOFT_IIC_Wait_Ack
<LI><a href="#[ce]">&gt;&gt;</a>&nbsp;&nbsp;&nbsp;SOFT_IIC_Read_Byte
</UL>

<P><STRONG><a name="[b5]"></a>GPIO_ReadOutputDataBit</STRONG> (Thumb, 16 bytes, Stack size 0 bytes, hal_gpio.o(i.GPIO_ReadOutputDataBit))
<BR><BR>[Called By]<UL><LI><a href="#[87]">&gt;&gt;</a>&nbsp;&nbsp;&nbsp;LED_Ctrl
</UL>

<P><STRONG><a name="[b3]"></a>GPIO_ResetBits</STRONG> (Thumb, 4 bytes, Stack size 0 bytes, hal_gpio.o(i.GPIO_ResetBits))
<BR><BR>[Called By]<UL><LI><a href="#[af]">&gt;&gt;</a>&nbsp;&nbsp;&nbsp;Soft_SPI_ReadWriteNbyte
<LI><a href="#[87]">&gt;&gt;</a>&nbsp;&nbsp;&nbsp;LED_Ctrl
<LI><a href="#[70]">&gt;&gt;</a>&nbsp;&nbsp;&nbsp;TFTSPI_Init
<LI><a href="#[107]">&gt;&gt;</a>&nbsp;&nbsp;&nbsp;TFTSPI_Write_Word
<LI><a href="#[104]">&gt;&gt;</a>&nbsp;&nbsp;&nbsp;TFTSPI_Write_Cmd
<LI><a href="#[105]">&gt;&gt;</a>&nbsp;&nbsp;&nbsp;TFTSPI_Write_Byte
<LI><a href="#[fb]">&gt;&gt;</a>&nbsp;&nbsp;&nbsp;SCCB_Stop
<LI><a href="#[f9]">&gt;&gt;</a>&nbsp;&nbsp;&nbsp;SCCB_Star
<LI><a href="#[fa]">&gt;&gt;</a>&nbsp;&nbsp;&nbsp;SCCB_SendByte
<LI><a href="#[f8]">&gt;&gt;</a>&nbsp;&nbsp;&nbsp;SCCB_ReadByte
<LI><a href="#[f7]">&gt;&gt;</a>&nbsp;&nbsp;&nbsp;SCCB_NAck
<LI><a href="#[f5]">&gt;&gt;</a>&nbsp;&nbsp;&nbsp;SCCB_Ack
<LI><a href="#[cc]">&gt;&gt;</a>&nbsp;&nbsp;&nbsp;SOFT_IIC_Wait_Ack
<LI><a href="#[cf]">&gt;&gt;</a>&nbsp;&nbsp;&nbsp;SOFT_IIC_Stop
<LI><a href="#[ca]">&gt;&gt;</a>&nbsp;&nbsp;&nbsp;SOFT_IIC_Start
<LI><a href="#[cb]">&gt;&gt;</a>&nbsp;&nbsp;&nbsp;SOFT_IIC_Send_Byte
<LI><a href="#[ce]">&gt;&gt;</a>&nbsp;&nbsp;&nbsp;SOFT_IIC_Read_Byte
<LI><a href="#[fd]">&gt;&gt;</a>&nbsp;&nbsp;&nbsp;SOFT_IIC_NAck
<LI><a href="#[fc]">&gt;&gt;</a>&nbsp;&nbsp;&nbsp;SOFT_IIC_Ack
</UL>

<P><STRONG><a name="[b4]"></a>GPIO_SetBits</STRONG> (Thumb, 4 bytes, Stack size 0 bytes, hal_gpio.o(i.GPIO_SetBits))
<BR><BR>[Called By]<UL><LI><a href="#[af]">&gt;&gt;</a>&nbsp;&nbsp;&nbsp;Soft_SPI_ReadWriteNbyte
<LI><a href="#[87]">&gt;&gt;</a>&nbsp;&nbsp;&nbsp;LED_Ctrl
<LI><a href="#[71]">&gt;&gt;</a>&nbsp;&nbsp;&nbsp;SOFT_IIC_Init
<LI><a href="#[70]">&gt;&gt;</a>&nbsp;&nbsp;&nbsp;TFTSPI_Init
<LI><a href="#[107]">&gt;&gt;</a>&nbsp;&nbsp;&nbsp;TFTSPI_Write_Word
<LI><a href="#[104]">&gt;&gt;</a>&nbsp;&nbsp;&nbsp;TFTSPI_Write_Cmd
<LI><a href="#[105]">&gt;&gt;</a>&nbsp;&nbsp;&nbsp;TFTSPI_Write_Byte
<LI><a href="#[fb]">&gt;&gt;</a>&nbsp;&nbsp;&nbsp;SCCB_Stop
<LI><a href="#[f9]">&gt;&gt;</a>&nbsp;&nbsp;&nbsp;SCCB_Star
<LI><a href="#[fa]">&gt;&gt;</a>&nbsp;&nbsp;&nbsp;SCCB_SendByte
<LI><a href="#[f8]">&gt;&gt;</a>&nbsp;&nbsp;&nbsp;SCCB_ReadByte
<LI><a href="#[d1]">&gt;&gt;</a>&nbsp;&nbsp;&nbsp;SCCB_Init
<LI><a href="#[f7]">&gt;&gt;</a>&nbsp;&nbsp;&nbsp;SCCB_NAck
<LI><a href="#[f5]">&gt;&gt;</a>&nbsp;&nbsp;&nbsp;SCCB_Ack
<LI><a href="#[cc]">&gt;&gt;</a>&nbsp;&nbsp;&nbsp;SOFT_IIC_Wait_Ack
<LI><a href="#[cf]">&gt;&gt;</a>&nbsp;&nbsp;&nbsp;SOFT_IIC_Stop
<LI><a href="#[ca]">&gt;&gt;</a>&nbsp;&nbsp;&nbsp;SOFT_IIC_Start
<LI><a href="#[cb]">&gt;&gt;</a>&nbsp;&nbsp;&nbsp;SOFT_IIC_Send_Byte
<LI><a href="#[ce]">&gt;&gt;</a>&nbsp;&nbsp;&nbsp;SOFT_IIC_Read_Byte
<LI><a href="#[fd]">&gt;&gt;</a>&nbsp;&nbsp;&nbsp;SOFT_IIC_NAck
<LI><a href="#[fc]">&gt;&gt;</a>&nbsp;&nbsp;&nbsp;SOFT_IIC_Ack
</UL>

<P><STRONG><a name="[e1]"></a>GPIO_WriteBit</STRONG> (Thumb, 10 bytes, Stack size 0 bytes, hal_gpio.o(i.GPIO_WriteBit))
<BR><BR>[Called By]<UL><LI><a href="#[80]">&gt;&gt;</a>&nbsp;&nbsp;&nbsp;PIN_InitConfig
</UL>

<P><STRONG><a name="[a1]"></a>GetOSTU</STRONG> (Thumb, 412 bytes, Stack size 352 bytes, lq_camera.o(i.GetOSTU))
<BR><BR>[Stack]<UL><LI>Max Depth = 372<LI>Call Chain = GetOSTU &rArr; __aeabi_fsub &rArr; __aeabi_fadd &rArr; _float_epilogue
</UL>
<BR>[Calls]<UL><LI><a href="#[61]">&gt;&gt;</a>&nbsp;&nbsp;&nbsp;__aeabi_ui2f
<LI><a href="#[60]">&gt;&gt;</a>&nbsp;&nbsp;&nbsp;__aeabi_i2f
<LI><a href="#[54]">&gt;&gt;</a>&nbsp;&nbsp;&nbsp;__aeabi_fsub
<LI><a href="#[a2]">&gt;&gt;</a>&nbsp;&nbsp;&nbsp;__aeabi_fmul
<LI><a href="#[56]">&gt;&gt;</a>&nbsp;&nbsp;&nbsp;__aeabi_fdiv
<LI><a href="#[a3]">&gt;&gt;</a>&nbsp;&nbsp;&nbsp;__aeabi_cfrcmple
</UL>
<BR>[Called By]<UL><LI><a href="#[78]">&gt;&gt;</a>&nbsp;&nbsp;&nbsp;Get_Bin_Image
</UL>

<P><STRONG><a name="[78]"></a>Get_Bin_Image</STRONG> (Thumb, 196 bytes, Stack size 24 bytes, lq_camera.o(i.Get_Bin_Image))
<BR><BR>[Stack]<UL><LI>Max Depth = 396<LI>Call Chain = Get_Bin_Image &rArr; GetOSTU &rArr; __aeabi_fsub &rArr; __aeabi_fadd &rArr; _float_epilogue
</UL>
<BR>[Calls]<UL><LI><a href="#[a5]">&gt;&gt;</a>&nbsp;&nbsp;&nbsp;lq_sobelAutoThreshold
<LI><a href="#[a4]">&gt;&gt;</a>&nbsp;&nbsp;&nbsp;lq_sobel
<LI><a href="#[a1]">&gt;&gt;</a>&nbsp;&nbsp;&nbsp;GetOSTU
</UL>
<BR>[Called By]<UL><LI><a href="#[6c]">&gt;&gt;</a>&nbsp;&nbsp;&nbsp;Balance_CAR
</UL>

<P><STRONG><a name="[77]"></a>Get_Use_Image</STRONG> (Thumb, 74 bytes, Stack size 16 bytes, lq_camera.o(i.Get_Use_Image))
<BR><BR>[Stack]<UL><LI>Max Depth = 16<LI>Call Chain = Get_Use_Image
</UL>
<BR>[Called By]<UL><LI><a href="#[6c]">&gt;&gt;</a>&nbsp;&nbsp;&nbsp;Balance_CAR
</UL>

<P><STRONG><a name="[72]"></a>ICM20689_Init</STRONG> (Thumb, 158 bytes, Stack size 24 bytes, lq_icm20689.o(i.ICM20689_Init))
<BR><BR>[Stack]<UL><LI>Max Depth = 136<LI>Call Chain = ICM20689_Init &rArr; TFTSPI_P8X16Str &rArr; TFTSPI_P8X16 &rArr; TFTSPI_Set_Pos &rArr; TFTSPI_Write_Cmd
</UL>
<BR>[Calls]<UL><LI><a href="#[a9]">&gt;&gt;</a>&nbsp;&nbsp;&nbsp;ICM_Write_Byte
<LI><a href="#[ac]">&gt;&gt;</a>&nbsp;&nbsp;&nbsp;ICM_Set_Rate
<LI><a href="#[aa]">&gt;&gt;</a>&nbsp;&nbsp;&nbsp;ICM_Set_Gyro_Fsr
<LI><a href="#[ab]">&gt;&gt;</a>&nbsp;&nbsp;&nbsp;ICM_Set_Accel_Fsr
<LI><a href="#[a6]">&gt;&gt;</a>&nbsp;&nbsp;&nbsp;ICM_SPI_Init
<LI><a href="#[a8]">&gt;&gt;</a>&nbsp;&nbsp;&nbsp;ICM_Read_Byte
<LI><a href="#[a7]">&gt;&gt;</a>&nbsp;&nbsp;&nbsp;delayms
<LI><a href="#[7d]">&gt;&gt;</a>&nbsp;&nbsp;&nbsp;TFTSPI_P8X16Str
<LI><a href="#[7c]">&gt;&gt;</a>&nbsp;&nbsp;&nbsp;__2sprintf
</UL>
<BR>[Called By]<UL><LI><a href="#[6c]">&gt;&gt;</a>&nbsp;&nbsp;&nbsp;Balance_CAR
</UL>

<P><STRONG><a name="[ad]"></a>ICM_Get_Raw_data</STRONG> (Thumb, 118 bytes, Stack size 48 bytes, lq_icm20689.o(i.ICM_Get_Raw_data))
<BR><BR>[Stack]<UL><LI>Max Depth = 80<LI>Call Chain = ICM_Get_Raw_data &rArr; ICM_Read_Len &rArr; Soft_SPI_ReadWriteNbyte
</UL>
<BR>[Calls]<UL><LI><a href="#[ae]">&gt;&gt;</a>&nbsp;&nbsp;&nbsp;ICM_Read_Len
</UL>
<BR>[Called By]<UL><LI><a href="#[3b]">&gt;&gt;</a>&nbsp;&nbsp;&nbsp;TIM6_IRQHandler
</UL>

<P><STRONG><a name="[a8]"></a>ICM_Read_Byte</STRONG> (Thumb, 26 bytes, Stack size 16 bytes, lq_icm20689.o(i.ICM_Read_Byte))
<BR><BR>[Stack]<UL><LI>Max Depth = 32<LI>Call Chain = ICM_Read_Byte &rArr; Soft_SPI_ReadWriteNbyte
</UL>
<BR>[Calls]<UL><LI><a href="#[af]">&gt;&gt;</a>&nbsp;&nbsp;&nbsp;Soft_SPI_ReadWriteNbyte
</UL>
<BR>[Called By]<UL><LI><a href="#[72]">&gt;&gt;</a>&nbsp;&nbsp;&nbsp;ICM20689_Init
</UL>

<P><STRONG><a name="[ae]"></a>ICM_Read_Len</STRONG> (Thumb, 26 bytes, Stack size 16 bytes, lq_icm20689.o(i.ICM_Read_Len))
<BR><BR>[Stack]<UL><LI>Max Depth = 32<LI>Call Chain = ICM_Read_Len &rArr; Soft_SPI_ReadWriteNbyte
</UL>
<BR>[Calls]<UL><LI><a href="#[af]">&gt;&gt;</a>&nbsp;&nbsp;&nbsp;Soft_SPI_ReadWriteNbyte
</UL>
<BR>[Called By]<UL><LI><a href="#[ad]">&gt;&gt;</a>&nbsp;&nbsp;&nbsp;ICM_Get_Raw_data
</UL>

<P><STRONG><a name="[a6]"></a>ICM_SPI_Init</STRONG> (Thumb, 8 bytes, Stack size 8 bytes, lq_icm20689.o(i.ICM_SPI_Init))
<BR><BR>[Stack]<UL><LI>Max Depth = 68<LI>Call Chain = ICM_SPI_Init &rArr; Soft_SPI_Init &rArr; PIN_InitConfig &rArr; GPIO_Init
</UL>
<BR>[Calls]<UL><LI><a href="#[b0]">&gt;&gt;</a>&nbsp;&nbsp;&nbsp;Soft_SPI_Init
</UL>
<BR>[Called By]<UL><LI><a href="#[72]">&gt;&gt;</a>&nbsp;&nbsp;&nbsp;ICM20689_Init
</UL>

<P><STRONG><a name="[ab]"></a>ICM_Set_Accel_Fsr</STRONG> (Thumb, 16 bytes, Stack size 8 bytes, lq_icm20689.o(i.ICM_Set_Accel_Fsr))
<BR><BR>[Stack]<UL><LI>Max Depth = 40<LI>Call Chain = ICM_Set_Accel_Fsr &rArr; ICM_Write_Byte &rArr; Soft_SPI_ReadWriteNbyte
</UL>
<BR>[Calls]<UL><LI><a href="#[a9]">&gt;&gt;</a>&nbsp;&nbsp;&nbsp;ICM_Write_Byte
</UL>
<BR>[Called By]<UL><LI><a href="#[72]">&gt;&gt;</a>&nbsp;&nbsp;&nbsp;ICM20689_Init
</UL>

<P><STRONG><a name="[aa]"></a>ICM_Set_Gyro_Fsr</STRONG> (Thumb, 16 bytes, Stack size 8 bytes, lq_icm20689.o(i.ICM_Set_Gyro_Fsr))
<BR><BR>[Stack]<UL><LI>Max Depth = 40<LI>Call Chain = ICM_Set_Gyro_Fsr &rArr; ICM_Write_Byte &rArr; Soft_SPI_ReadWriteNbyte
</UL>
<BR>[Calls]<UL><LI><a href="#[a9]">&gt;&gt;</a>&nbsp;&nbsp;&nbsp;ICM_Write_Byte
</UL>
<BR>[Called By]<UL><LI><a href="#[72]">&gt;&gt;</a>&nbsp;&nbsp;&nbsp;ICM20689_Init
</UL>

<P><STRONG><a name="[b1]"></a>ICM_Set_LPF</STRONG> (Thumb, 58 bytes, Stack size 16 bytes, lq_icm20689.o(i.ICM_Set_LPF))
<BR><BR>[Stack]<UL><LI>Max Depth = 48<LI>Call Chain = ICM_Set_LPF &rArr; ICM_Write_Byte &rArr; Soft_SPI_ReadWriteNbyte
</UL>
<BR>[Calls]<UL><LI><a href="#[a9]">&gt;&gt;</a>&nbsp;&nbsp;&nbsp;ICM_Write_Byte
</UL>
<BR>[Called By]<UL><LI><a href="#[ac]">&gt;&gt;</a>&nbsp;&nbsp;&nbsp;ICM_Set_Rate
</UL>

<P><STRONG><a name="[ac]"></a>ICM_Set_Rate</STRONG> (Thumb, 56 bytes, Stack size 16 bytes, lq_icm20689.o(i.ICM_Set_Rate))
<BR><BR>[Stack]<UL><LI>Max Depth = 64<LI>Call Chain = ICM_Set_Rate &rArr; ICM_Set_LPF &rArr; ICM_Write_Byte &rArr; Soft_SPI_ReadWriteNbyte
</UL>
<BR>[Calls]<UL><LI><a href="#[a9]">&gt;&gt;</a>&nbsp;&nbsp;&nbsp;ICM_Write_Byte
<LI><a href="#[b1]">&gt;&gt;</a>&nbsp;&nbsp;&nbsp;ICM_Set_LPF
</UL>
<BR>[Called By]<UL><LI><a href="#[72]">&gt;&gt;</a>&nbsp;&nbsp;&nbsp;ICM20689_Init
</UL>

<P><STRONG><a name="[a9]"></a>ICM_Write_Byte</STRONG> (Thumb, 24 bytes, Stack size 16 bytes, lq_icm20689.o(i.ICM_Write_Byte))
<BR><BR>[Stack]<UL><LI>Max Depth = 32<LI>Call Chain = ICM_Write_Byte &rArr; Soft_SPI_ReadWriteNbyte
</UL>
<BR>[Calls]<UL><LI><a href="#[af]">&gt;&gt;</a>&nbsp;&nbsp;&nbsp;Soft_SPI_ReadWriteNbyte
</UL>
<BR>[Called By]<UL><LI><a href="#[ac]">&gt;&gt;</a>&nbsp;&nbsp;&nbsp;ICM_Set_Rate
<LI><a href="#[b1]">&gt;&gt;</a>&nbsp;&nbsp;&nbsp;ICM_Set_LPF
<LI><a href="#[aa]">&gt;&gt;</a>&nbsp;&nbsp;&nbsp;ICM_Set_Gyro_Fsr
<LI><a href="#[ab]">&gt;&gt;</a>&nbsp;&nbsp;&nbsp;ICM_Set_Accel_Fsr
<LI><a href="#[72]">&gt;&gt;</a>&nbsp;&nbsp;&nbsp;ICM20689_Init
</UL>

<P><STRONG><a name="[7a]"></a>KEY_Read</STRONG> (Thumb, 72 bytes, Stack size 8 bytes, lq_gpio_key.o(i.KEY_Read))
<BR><BR>[Stack]<UL><LI>Max Depth = 8<LI>Call Chain = KEY_Read
</UL>
<BR>[Calls]<UL><LI><a href="#[b2]">&gt;&gt;</a>&nbsp;&nbsp;&nbsp;GPIO_ReadInputDataBit
</UL>
<BR>[Called By]<UL><LI><a href="#[6c]">&gt;&gt;</a>&nbsp;&nbsp;&nbsp;Balance_CAR
</UL>

<P><STRONG><a name="[87]"></a>LED_Ctrl</STRONG> (Thumb, 480 bytes, Stack size 16 bytes, lq_gpio_led.o(i.LED_Ctrl))
<BR><BR>[Stack]<UL><LI>Max Depth = 16<LI>Call Chain = LED_Ctrl
</UL>
<BR>[Calls]<UL><LI><a href="#[b4]">&gt;&gt;</a>&nbsp;&nbsp;&nbsp;GPIO_SetBits
<LI><a href="#[b3]">&gt;&gt;</a>&nbsp;&nbsp;&nbsp;GPIO_ResetBits
<LI><a href="#[b5]">&gt;&gt;</a>&nbsp;&nbsp;&nbsp;GPIO_ReadOutputDataBit
</UL>
<BR>[Called By]<UL><LI><a href="#[12]">&gt;&gt;</a>&nbsp;&nbsp;&nbsp;EXTI2_IRQHandler
<LI><a href="#[11]">&gt;&gt;</a>&nbsp;&nbsp;&nbsp;EXTI1_IRQHandler
<LI><a href="#[15]">&gt;&gt;</a>&nbsp;&nbsp;&nbsp;DMA1_Channel1_IRQHandler
<LI><a href="#[32]">&gt;&gt;</a>&nbsp;&nbsp;&nbsp;TIM8_UP_IRQHandler
<LI><a href="#[3c]">&gt;&gt;</a>&nbsp;&nbsp;&nbsp;TIM7_IRQHandler
<LI><a href="#[3b]">&gt;&gt;</a>&nbsp;&nbsp;&nbsp;TIM6_IRQHandler
<LI><a href="#[37]">&gt;&gt;</a>&nbsp;&nbsp;&nbsp;TIM5_IRQHandler
<LI><a href="#[26]">&gt;&gt;</a>&nbsp;&nbsp;&nbsp;TIM4_IRQHandler
<LI><a href="#[25]">&gt;&gt;</a>&nbsp;&nbsp;&nbsp;TIM3_IRQHandler
<LI><a href="#[24]">&gt;&gt;</a>&nbsp;&nbsp;&nbsp;TIM2_IRQHandler
</UL>

<P><STRONG><a name="[73]"></a>LQ_DMP_Init</STRONG> (Thumb, 1608 bytes, Stack size 56 bytes, lq_mpu6050_dmp.o(i.LQ_DMP_Init))
<BR><BR>[Stack]<UL><LI>Max Depth = 204<LI>Call Chain = LQ_DMP_Init &rArr; dmp_set_orientation &rArr; mpu_write_mem &rArr; LQ_I2C_Write &rArr; SOFT_IIC_Send_Byte &rArr; PIN_InitConfig &rArr; GPIO_Init
</UL>
<BR>[Calls]<UL><LI><a href="#[a7]">&gt;&gt;</a>&nbsp;&nbsp;&nbsp;delayms
<LI><a href="#[b7]">&gt;&gt;</a>&nbsp;&nbsp;&nbsp;LQ_I2C_Read
<LI><a href="#[b6]">&gt;&gt;</a>&nbsp;&nbsp;&nbsp;LQ_I2C_Write
<LI><a href="#[be]">&gt;&gt;</a>&nbsp;&nbsp;&nbsp;memcmp
<LI><a href="#[4f]">&gt;&gt;</a>&nbsp;&nbsp;&nbsp;__aeabi_memset
<LI><a href="#[bc]">&gt;&gt;</a>&nbsp;&nbsp;&nbsp;mpu_write_mem
<LI><a href="#[bb]">&gt;&gt;</a>&nbsp;&nbsp;&nbsp;mpu_set_sample_rate
<LI><a href="#[ba]">&gt;&gt;</a>&nbsp;&nbsp;&nbsp;mpu_set_lpf
<LI><a href="#[b8]">&gt;&gt;</a>&nbsp;&nbsp;&nbsp;mpu_set_gyro_fsr
<LI><a href="#[b9]">&gt;&gt;</a>&nbsp;&nbsp;&nbsp;mpu_set_accel_fsr
<LI><a href="#[c2]">&gt;&gt;</a>&nbsp;&nbsp;&nbsp;mpu_reset_fifo_in_mpu_set_dmp_state
<LI><a href="#[c1]">&gt;&gt;</a>&nbsp;&nbsp;&nbsp;mpu_reset_fifo_in_dmp_enable_feature
<LI><a href="#[bd]">&gt;&gt;</a>&nbsp;&nbsp;&nbsp;mpu_read_mem
<LI><a href="#[bf]">&gt;&gt;</a>&nbsp;&nbsp;&nbsp;inv_row_2_scale
<LI><a href="#[c0]">&gt;&gt;</a>&nbsp;&nbsp;&nbsp;dmp_set_orientation
</UL>
<BR>[Called By]<UL><LI><a href="#[6c]">&gt;&gt;</a>&nbsp;&nbsp;&nbsp;Balance_CAR
</UL>

<P><STRONG><a name="[c3]"></a>LQ_DMP_Read</STRONG> (Thumb, 636 bytes, Stack size 88 bytes, lq_mpu6050_dmp.o(i.LQ_DMP_Read))
<BR><BR>[Stack]<UL><LI>Max Depth = 276<LI>Call Chain = LQ_DMP_Read &rArr; dmp_read_fifo &rArr; LQ_I2C_Read &rArr; SOFT_IIC_Read_Byte &rArr; SOFT_IIC_NAck &rArr; PIN_InitConfig &rArr; GPIO_Init
</UL>
<BR>[Calls]<UL><LI><a href="#[5f]">&gt;&gt;</a>&nbsp;&nbsp;&nbsp;__aeabi_ddiv
<LI><a href="#[64]">&gt;&gt;</a>&nbsp;&nbsp;&nbsp;__aeabi_d2f
<LI><a href="#[54]">&gt;&gt;</a>&nbsp;&nbsp;&nbsp;__aeabi_fsub
<LI><a href="#[a2]">&gt;&gt;</a>&nbsp;&nbsp;&nbsp;__aeabi_fmul
<LI><a href="#[7b]">&gt;&gt;</a>&nbsp;&nbsp;&nbsp;__aeabi_f2d
<LI><a href="#[51]">&gt;&gt;</a>&nbsp;&nbsp;&nbsp;__aeabi_fadd
<LI><a href="#[5e]">&gt;&gt;</a>&nbsp;&nbsp;&nbsp;__aeabi_dmul
<LI><a href="#[62]">&gt;&gt;</a>&nbsp;&nbsp;&nbsp;__aeabi_i2d
<LI><a href="#[c7]">&gt;&gt;</a>&nbsp;&nbsp;&nbsp;sqrt
<LI><a href="#[c9]">&gt;&gt;</a>&nbsp;&nbsp;&nbsp;atan2
<LI><a href="#[c8]">&gt;&gt;</a>&nbsp;&nbsp;&nbsp;atan
<LI><a href="#[5d]">&gt;&gt;</a>&nbsp;&nbsp;&nbsp;__aeabi_drsub
<LI><a href="#[c6]">&gt;&gt;</a>&nbsp;&nbsp;&nbsp;__aeabi_cdcmple
<LI><a href="#[c5]">&gt;&gt;</a>&nbsp;&nbsp;&nbsp;__aeabi_cdcmpeq
<LI><a href="#[c4]">&gt;&gt;</a>&nbsp;&nbsp;&nbsp;dmp_read_fifo
</UL>
<BR>[Called By]<UL><LI><a href="#[3b]">&gt;&gt;</a>&nbsp;&nbsp;&nbsp;TIM6_IRQHandler
</UL>

<P><STRONG><a name="[b7]"></a>LQ_I2C_Read</STRONG> (Thumb, 106 bytes, Stack size 24 bytes, lq_softi2c.o(i.LQ_I2C_Read))
<BR><BR>[Stack]<UL><LI>Max Depth = 100<LI>Call Chain = LQ_I2C_Read &rArr; SOFT_IIC_Read_Byte &rArr; SOFT_IIC_NAck &rArr; PIN_InitConfig &rArr; GPIO_Init
</UL>
<BR>[Calls]<UL><LI><a href="#[cd]">&gt;&gt;</a>&nbsp;&nbsp;&nbsp;SOFT_IIC_delay
<LI><a href="#[cc]">&gt;&gt;</a>&nbsp;&nbsp;&nbsp;SOFT_IIC_Wait_Ack
<LI><a href="#[cf]">&gt;&gt;</a>&nbsp;&nbsp;&nbsp;SOFT_IIC_Stop
<LI><a href="#[ca]">&gt;&gt;</a>&nbsp;&nbsp;&nbsp;SOFT_IIC_Start
<LI><a href="#[cb]">&gt;&gt;</a>&nbsp;&nbsp;&nbsp;SOFT_IIC_Send_Byte
<LI><a href="#[ce]">&gt;&gt;</a>&nbsp;&nbsp;&nbsp;SOFT_IIC_Read_Byte
</UL>
<BR>[Called By]<UL><LI><a href="#[73]">&gt;&gt;</a>&nbsp;&nbsp;&nbsp;LQ_DMP_Init
<LI><a href="#[bd]">&gt;&gt;</a>&nbsp;&nbsp;&nbsp;mpu_read_mem
<LI><a href="#[c4]">&gt;&gt;</a>&nbsp;&nbsp;&nbsp;dmp_read_fifo
</UL>

<P><STRONG><a name="[b6]"></a>LQ_I2C_Write</STRONG> (Thumb, 72 bytes, Stack size 24 bytes, lq_softi2c.o(i.LQ_I2C_Write))
<BR><BR>[Stack]<UL><LI>Max Depth = 92<LI>Call Chain = LQ_I2C_Write &rArr; SOFT_IIC_Send_Byte &rArr; PIN_InitConfig &rArr; GPIO_Init
</UL>
<BR>[Calls]<UL><LI><a href="#[cc]">&gt;&gt;</a>&nbsp;&nbsp;&nbsp;SOFT_IIC_Wait_Ack
<LI><a href="#[cf]">&gt;&gt;</a>&nbsp;&nbsp;&nbsp;SOFT_IIC_Stop
<LI><a href="#[ca]">&gt;&gt;</a>&nbsp;&nbsp;&nbsp;SOFT_IIC_Start
<LI><a href="#[cb]">&gt;&gt;</a>&nbsp;&nbsp;&nbsp;SOFT_IIC_Send_Byte
</UL>
<BR>[Called By]<UL><LI><a href="#[73]">&gt;&gt;</a>&nbsp;&nbsp;&nbsp;LQ_DMP_Init
<LI><a href="#[bc]">&gt;&gt;</a>&nbsp;&nbsp;&nbsp;mpu_write_mem
<LI><a href="#[bb]">&gt;&gt;</a>&nbsp;&nbsp;&nbsp;mpu_set_sample_rate
<LI><a href="#[ba]">&gt;&gt;</a>&nbsp;&nbsp;&nbsp;mpu_set_lpf
<LI><a href="#[b8]">&gt;&gt;</a>&nbsp;&nbsp;&nbsp;mpu_set_gyro_fsr
<LI><a href="#[b9]">&gt;&gt;</a>&nbsp;&nbsp;&nbsp;mpu_set_accel_fsr
<LI><a href="#[c2]">&gt;&gt;</a>&nbsp;&nbsp;&nbsp;mpu_reset_fifo_in_mpu_set_dmp_state
<LI><a href="#[c1]">&gt;&gt;</a>&nbsp;&nbsp;&nbsp;mpu_reset_fifo_in_dmp_enable_feature
<LI><a href="#[bd]">&gt;&gt;</a>&nbsp;&nbsp;&nbsp;mpu_read_mem
</UL>

<P><STRONG><a name="[d0]"></a>LQ_Init3227</STRONG> (Thumb, 56 bytes, Stack size 8 bytes, lq_sys.o(i.LQ_Init3227))
<BR><BR>[Stack]<UL><LI>Max Depth = 8<LI>Call Chain = LQ_Init3227
</UL>
<BR>[Calls]<UL><LI><a href="#[89]">&gt;&gt;</a>&nbsp;&nbsp;&nbsp;RCC_AHBPeriphClockCmd
<LI><a href="#[8f]">&gt;&gt;</a>&nbsp;&nbsp;&nbsp;RCC_APB2PeriphClockCmd
</UL>
<BR>[Called By]<UL><LI><a href="#[48]">&gt;&gt;</a>&nbsp;&nbsp;&nbsp;main
</UL>

<P><STRONG><a name="[88]"></a>MT9V034_DMA_CLS</STRONG> (Thumb, 22 bytes, Stack size 0 bytes, lq_camera.o(i.MT9V034_DMA_CLS))
<BR><BR>[Called By]<UL><LI><a href="#[18]">&gt;&gt;</a>&nbsp;&nbsp;&nbsp;DMA1_Channel4_IRQHandler
</UL>

<P><STRONG><a name="[9a]"></a>MT9V034_DMA_START</STRONG> (Thumb, 20 bytes, Stack size 0 bytes, lq_camera.o(i.MT9V034_DMA_START))
<BR><BR>[Called By]<UL><LI><a href="#[11]">&gt;&gt;</a>&nbsp;&nbsp;&nbsp;EXTI1_IRQHandler
</UL>

<P><STRONG><a name="[81]"></a>MT9V034_Init</STRONG> (Thumb, 256 bytes, Stack size 16 bytes, lq_mt9v034.o(i.MT9V034_Init))
<BR><BR>[Stack]<UL><LI>Max Depth = 144<LI>Call Chain = MT9V034_Init &rArr; MT9V034_SetFrameRate &rArr; __aeabi_dadd &rArr; _double_epilogue &rArr; _double_round
</UL>
<BR>[Calls]<UL><LI><a href="#[a7]">&gt;&gt;</a>&nbsp;&nbsp;&nbsp;delayms
<LI><a href="#[d3]">&gt;&gt;</a>&nbsp;&nbsp;&nbsp;TFTSPI_P8X8Str
<LI><a href="#[d7]">&gt;&gt;</a>&nbsp;&nbsp;&nbsp;SCCB_RegWrite
<LI><a href="#[d2]">&gt;&gt;</a>&nbsp;&nbsp;&nbsp;SCCB_RegRead
<LI><a href="#[d1]">&gt;&gt;</a>&nbsp;&nbsp;&nbsp;SCCB_Init
<LI><a href="#[d4]">&gt;&gt;</a>&nbsp;&nbsp;&nbsp;MT9V034_SetFrameResolution
<LI><a href="#[d5]">&gt;&gt;</a>&nbsp;&nbsp;&nbsp;MT9V034_SetFrameRate
<LI><a href="#[d6]">&gt;&gt;</a>&nbsp;&nbsp;&nbsp;MT9V034_SetAutoExposure
</UL>
<BR>[Called By]<UL><LI><a href="#[6d]">&gt;&gt;</a>&nbsp;&nbsp;&nbsp;CAMERA_Init
</UL>

<P><STRONG><a name="[d8]"></a>MT9V034_SCL_Out</STRONG> (Thumb, 34 bytes, Stack size 8 bytes, lq_mt9v034.o(i.MT9V034_SCL_Out))
<BR><BR>[Stack]<UL><LI>Max Depth = 28<LI>Call Chain = MT9V034_SCL_Out &rArr; GPIO_Init
</UL>
<BR>[Calls]<UL><LI><a href="#[89]">&gt;&gt;</a>&nbsp;&nbsp;&nbsp;RCC_AHBPeriphClockCmd
<LI><a href="#[9c]">&gt;&gt;</a>&nbsp;&nbsp;&nbsp;GPIO_Init
</UL>
<BR>[Called By]<UL><LI><a href="#[fb]">&gt;&gt;</a>&nbsp;&nbsp;&nbsp;SCCB_Stop
<LI><a href="#[f9]">&gt;&gt;</a>&nbsp;&nbsp;&nbsp;SCCB_Star
<LI><a href="#[f8]">&gt;&gt;</a>&nbsp;&nbsp;&nbsp;SCCB_ReadByte
<LI><a href="#[f7]">&gt;&gt;</a>&nbsp;&nbsp;&nbsp;SCCB_NAck
<LI><a href="#[f5]">&gt;&gt;</a>&nbsp;&nbsp;&nbsp;SCCB_Ack
</UL>

<P><STRONG><a name="[d9]"></a>MT9V034_SDA_In</STRONG> (Thumb, 34 bytes, Stack size 8 bytes, lq_mt9v034.o(i.MT9V034_SDA_In))
<BR><BR>[Stack]<UL><LI>Max Depth = 28<LI>Call Chain = MT9V034_SDA_In &rArr; GPIO_Init
</UL>
<BR>[Calls]<UL><LI><a href="#[89]">&gt;&gt;</a>&nbsp;&nbsp;&nbsp;RCC_AHBPeriphClockCmd
<LI><a href="#[9c]">&gt;&gt;</a>&nbsp;&nbsp;&nbsp;GPIO_Init
</UL>
<BR>[Called By]<UL><LI><a href="#[fa]">&gt;&gt;</a>&nbsp;&nbsp;&nbsp;SCCB_SendByte
<LI><a href="#[f8]">&gt;&gt;</a>&nbsp;&nbsp;&nbsp;SCCB_ReadByte
</UL>

<P><STRONG><a name="[da]"></a>MT9V034_SDA_Out</STRONG> (Thumb, 34 bytes, Stack size 8 bytes, lq_mt9v034.o(i.MT9V034_SDA_Out))
<BR><BR>[Stack]<UL><LI>Max Depth = 28<LI>Call Chain = MT9V034_SDA_Out &rArr; GPIO_Init
</UL>
<BR>[Calls]<UL><LI><a href="#[89]">&gt;&gt;</a>&nbsp;&nbsp;&nbsp;RCC_AHBPeriphClockCmd
<LI><a href="#[9c]">&gt;&gt;</a>&nbsp;&nbsp;&nbsp;GPIO_Init
</UL>
<BR>[Called By]<UL><LI><a href="#[fb]">&gt;&gt;</a>&nbsp;&nbsp;&nbsp;SCCB_Stop
<LI><a href="#[f9]">&gt;&gt;</a>&nbsp;&nbsp;&nbsp;SCCB_Star
<LI><a href="#[fa]">&gt;&gt;</a>&nbsp;&nbsp;&nbsp;SCCB_SendByte
<LI><a href="#[f8]">&gt;&gt;</a>&nbsp;&nbsp;&nbsp;SCCB_ReadByte
<LI><a href="#[f7]">&gt;&gt;</a>&nbsp;&nbsp;&nbsp;SCCB_NAck
<LI><a href="#[f5]">&gt;&gt;</a>&nbsp;&nbsp;&nbsp;SCCB_Ack
</UL>

<P><STRONG><a name="[d6]"></a>MT9V034_SetAutoExposure</STRONG> (Thumb, 122 bytes, Stack size 16 bytes, lq_mt9v034.o(i.MT9V034_SetAutoExposure))
<BR><BR>[Stack]<UL><LI>Max Depth = 84<LI>Call Chain = MT9V034_SetAutoExposure &rArr; SCCB_RegWrite &rArr; SCCB_SendByte &rArr; MT9V034_SDA_Out &rArr; GPIO_Init
</UL>
<BR>[Calls]<UL><LI><a href="#[d7]">&gt;&gt;</a>&nbsp;&nbsp;&nbsp;SCCB_RegWrite
<LI><a href="#[d2]">&gt;&gt;</a>&nbsp;&nbsp;&nbsp;SCCB_RegRead
</UL>
<BR>[Called By]<UL><LI><a href="#[81]">&gt;&gt;</a>&nbsp;&nbsp;&nbsp;MT9V034_Init
</UL>

<P><STRONG><a name="[d5]"></a>MT9V034_SetFrameRate</STRONG> (Thumb, 274 bytes, Stack size 40 bytes, lq_mt9v034.o(i.MT9V034_SetFrameRate))
<BR><BR>[Stack]<UL><LI>Max Depth = 128<LI>Call Chain = MT9V034_SetFrameRate &rArr; __aeabi_dadd &rArr; _double_epilogue &rArr; _double_round
</UL>
<BR>[Calls]<UL><LI><a href="#[63]">&gt;&gt;</a>&nbsp;&nbsp;&nbsp;__aeabi_ui2d
<LI><a href="#[db]">&gt;&gt;</a>&nbsp;&nbsp;&nbsp;__aeabi_f2uiz
<LI><a href="#[57]">&gt;&gt;</a>&nbsp;&nbsp;&nbsp;__aeabi_dadd
<LI><a href="#[64]">&gt;&gt;</a>&nbsp;&nbsp;&nbsp;__aeabi_d2f
<LI><a href="#[60]">&gt;&gt;</a>&nbsp;&nbsp;&nbsp;__aeabi_i2f
<LI><a href="#[5e]">&gt;&gt;</a>&nbsp;&nbsp;&nbsp;__aeabi_dmul
<LI><a href="#[d7]">&gt;&gt;</a>&nbsp;&nbsp;&nbsp;SCCB_RegWrite
</UL>
<BR>[Called By]<UL><LI><a href="#[81]">&gt;&gt;</a>&nbsp;&nbsp;&nbsp;MT9V034_Init
</UL>

<P><STRONG><a name="[d4]"></a>MT9V034_SetFrameResolution</STRONG> (Thumb, 146 bytes, Stack size 16 bytes, lq_mt9v034.o(i.MT9V034_SetFrameResolution))
[...]
<LI><a href="#[124]">&gt;&gt;</a>&nbsp;&nbsp;&nbsp;_printf_core
</UL>

<P><STRONG><a name="[145]"></a>__1sprintf</STRONG> (Thumb, 0 bytes, Stack size 24 bytes, printfa.o(i.__0sprintf), UNUSED)

<P><STRONG><a name="[7c]"></a>__2sprintf</STRONG> (Thumb, 0 bytes, Stack size 24 bytes, printfa.o(i.__0sprintf))
<BR><BR>[Stack]<UL><LI>Max Depth = 24<LI>Call Chain = __2sprintf
</UL>
<BR>[Called By]<UL><LI><a href="#[72]">&gt;&gt;</a>&nbsp;&nbsp;&nbsp;ICM20689_Init
<LI><a href="#[6c]">&gt;&gt;</a>&nbsp;&nbsp;&nbsp;Balance_CAR
</UL>

<P><STRONG><a name="[146]"></a>__c89sprintf</STRONG> (Thumb, 0 bytes, Stack size 24 bytes, printfa.o(i.__0sprintf), UNUSED)

<P><STRONG><a name="[147]"></a>sprintf</STRONG> (Thumb, 0 bytes, Stack size 24 bytes, printfa.o(i.__0sprintf), UNUSED)

<P><STRONG><a name="[12f]"></a>__ARM_fpclassify</STRONG> (Thumb, 40 bytes, Stack size 0 bytes, fpclassify.o(i.__ARM_fpclassify))
<BR><BR>[Called By]<UL><LI><a href="#[c8]">&gt;&gt;</a>&nbsp;&nbsp;&nbsp;atan
</UL>

<P><STRONG><a name="[125]"></a>__kernel_poly</STRONG> (Thumb, 170 bytes, Stack size 24 bytes, poly.o(i.__kernel_poly))
<BR><BR>[Stack]<UL><LI>Max Depth = 112<LI>Call Chain = __kernel_poly &rArr; __aeabi_dadd &rArr; _double_epilogue &rArr; _double_round
</UL>
<BR>[Calls]<UL><LI><a href="#[57]">&gt;&gt;</a>&nbsp;&nbsp;&nbsp;__aeabi_dadd
<LI><a href="#[5e]">&gt;&gt;</a>&nbsp;&nbsp;&nbsp;__aeabi_dmul
</UL>
<BR>[Called By]<UL><LI><a href="#[c8]">&gt;&gt;</a>&nbsp;&nbsp;&nbsp;atan
</UL>

<P><STRONG><a name="[126]"></a>__mathlib_dbl_infnan</STRONG> (Thumb, 6 bytes, Stack size 0 bytes, dunder.o(i.__mathlib_dbl_infnan))
<BR><BR>[Stack]<UL><LI>Max Depth = 16<LI>Call Chain = __mathlib_dbl_infnan &rArr; __ARM_scalbn
</UL>
<BR>[Calls]<UL><LI><a href="#[127]">&gt;&gt;</a>&nbsp;&nbsp;&nbsp;__ARM_scalbn
</UL>
<BR>[Called By]<UL><LI><a href="#[c8]">&gt;&gt;</a>&nbsp;&nbsp;&nbsp;atan
</UL>

<P><STRONG><a name="[128]"></a>__mathlib_dbl_infnan2</STRONG> (Thumb, 4 bytes, Stack size 0 bytes, dunder.o(i.__mathlib_dbl_infnan2))
<BR><BR>[Stack]<UL><LI>Max Depth = 88<LI>Call Chain = __mathlib_dbl_infnan2 &rArr; __aeabi_dadd &rArr; _double_epilogue &rArr; _double_round
</UL>
<BR>[Calls]<UL><LI><a href="#[57]">&gt;&gt;</a>&nbsp;&nbsp;&nbsp;__aeabi_dadd
</UL>
<BR>[Called By]<UL><LI><a href="#[c9]">&gt;&gt;</a>&nbsp;&nbsp;&nbsp;atan2
</UL>

<P><STRONG><a name="[129]"></a>__mathlib_dbl_underflow</STRONG> (Thumb, 10 bytes, Stack size 0 bytes, dunder.o(i.__mathlib_dbl_underflow))
<BR><BR>[Stack]<UL><LI>Max Depth = 16<LI>Call Chain = __mathlib_dbl_underflow &rArr; __ARM_scalbn
</UL>
<BR>[Calls]<UL><LI><a href="#[127]">&gt;&gt;</a>&nbsp;&nbsp;&nbsp;__ARM_scalbn
</UL>
<BR>[Called By]<UL><LI><a href="#[c8]">&gt;&gt;</a>&nbsp;&nbsp;&nbsp;atan
</UL>

<P><STRONG><a name="[148]"></a>__scatterload_copy</STRONG> (Thumb, 14 bytes, Stack size unknown bytes, handlers.o(i.__scatterload_copy), UNUSED)

<P><STRONG><a name="[149]"></a>__scatterload_null</STRONG> (Thumb, 2 bytes, Stack size unknown bytes, handlers.o(i.__scatterload_null), UNUSED)

<P><STRONG><a name="[14a]"></a>__scatterload_zeroinit</STRONG> (Thumb, 14 bytes, Stack size unknown bytes, handlers.o(i.__scatterload_zeroinit), UNUSED)

<P><STRONG><a name="[130]"></a>__set_errno</STRONG> (Thumb, 6 bytes, Stack size 0 bytes, errno.o(i.__set_errno))
<BR><BR>[Called By]<UL><LI><a href="#[c7]">&gt;&gt;</a>&nbsp;&nbsp;&nbsp;sqrt
<LI><a href="#[c9]">&gt;&gt;</a>&nbsp;&nbsp;&nbsp;atan2
</UL>

<P><STRONG><a name="[c8]"></a>atan</STRONG> (Thumb, 474 bytes, Stack size 40 bytes, atan.o(i.atan))
<BR><BR>[Stack]<UL><LI>Max Depth = 152<LI>Call Chain = atan &rArr; __kernel_poly &rArr; __aeabi_dadd &rArr; _double_epilogue &rArr; _double_round
</UL>
<BR>[Calls]<UL><LI><a href="#[5f]">&gt;&gt;</a>&nbsp;&nbsp;&nbsp;__aeabi_ddiv
<LI><a href="#[57]">&gt;&gt;</a>&nbsp;&nbsp;&nbsp;__aeabi_dadd
<LI><a href="#[5e]">&gt;&gt;</a>&nbsp;&nbsp;&nbsp;__aeabi_dmul
<LI><a href="#[5c]">&gt;&gt;</a>&nbsp;&nbsp;&nbsp;__aeabi_dsub
<LI><a href="#[129]">&gt;&gt;</a>&nbsp;&nbsp;&nbsp;__mathlib_dbl_underflow
<LI><a href="#[126]">&gt;&gt;</a>&nbsp;&nbsp;&nbsp;__mathlib_dbl_infnan
<LI><a href="#[127]">&gt;&gt;</a>&nbsp;&nbsp;&nbsp;__ARM_scalbn
<LI><a href="#[5d]">&gt;&gt;</a>&nbsp;&nbsp;&nbsp;__aeabi_drsub
<LI><a href="#[125]">&gt;&gt;</a>&nbsp;&nbsp;&nbsp;__kernel_poly
<LI><a href="#[12f]">&gt;&gt;</a>&nbsp;&nbsp;&nbsp;__ARM_fpclassify
</UL>
<BR>[Called By]<UL><LI><a href="#[c3]">&gt;&gt;</a>&nbsp;&nbsp;&nbsp;LQ_DMP_Read
<LI><a href="#[c9]">&gt;&gt;</a>&nbsp;&nbsp;&nbsp;atan2
</UL>

<P><STRONG><a name="[c9]"></a>atan2</STRONG> (Thumb, 374 bytes, Stack size 32 bytes, atan2.o(i.atan2))
<BR><BR>[Stack]<UL><LI>Max Depth = 184<LI>Call Chain = atan2 &rArr; atan &rArr; __kernel_poly &rArr; __aeabi_dadd &rArr; _double_epilogue &rArr; _double_round
</UL>
<BR>[Calls]<UL><LI><a href="#[5f]">&gt;&gt;</a>&nbsp;&nbsp;&nbsp;__aeabi_ddiv
<LI><a href="#[5c]">&gt;&gt;</a>&nbsp;&nbsp;&nbsp;__aeabi_dsub
<LI><a href="#[128]">&gt;&gt;</a>&nbsp;&nbsp;&nbsp;__mathlib_dbl_infnan2
<LI><a href="#[c8]">&gt;&gt;</a>&nbsp;&nbsp;&nbsp;atan
<LI><a href="#[5d]">&gt;&gt;</a>&nbsp;&nbsp;&nbsp;__aeabi_drsub
<LI><a href="#[c5]">&gt;&gt;</a>&nbsp;&nbsp;&nbsp;__aeabi_cdcmpeq
<LI><a href="#[130]">&gt;&gt;</a>&nbsp;&nbsp;&nbsp;__set_errno
</UL>
<BR>[Called By]<UL><LI><a href="#[c3]">&gt;&gt;</a>&nbsp;&nbsp;&nbsp;LQ_DMP_Read
</UL>

<P><STRONG><a name="[f0]"></a>constrain_float</STRONG> (Thumb, 40 bytes, Stack size 16 bytes, lq_pid.o(i.constrain_float))
<BR><BR>[Stack]<UL><LI>Max Depth = 16<LI>Call Chain = constrain_float
</UL>
<BR>[Calls]<UL><LI><a href="#[a3]">&gt;&gt;</a>&nbsp;&nbsp;&nbsp;__aeabi_cfrcmple
<LI><a href="#[131]">&gt;&gt;</a>&nbsp;&nbsp;&nbsp;__aeabi_cfcmple
</UL>
<BR>[Called By]<UL><LI><a href="#[ef]">&gt;&gt;</a>&nbsp;&nbsp;&nbsp;PidLocCtrl
<LI><a href="#[3b]">&gt;&gt;</a>&nbsp;&nbsp;&nbsp;TIM6_IRQHandler
</UL>

<P><STRONG><a name="[a7]"></a>delayms</STRONG> (Thumb, 26 bytes, Stack size 8 bytes, lq_sys.o(i.delayms))
<BR><BR>[Stack]<UL><LI>Max Depth = 8<LI>Call Chain = delayms
</UL>
<BR>[Calls]<UL><LI><a href="#[fe]">&gt;&gt;</a>&nbsp;&nbsp;&nbsp;delayus
</UL>
<BR>[Called By]<UL><LI><a href="#[81]">&gt;&gt;</a>&nbsp;&nbsp;&nbsp;MT9V034_Init
<LI><a href="#[73]">&gt;&gt;</a>&nbsp;&nbsp;&nbsp;LQ_DMP_Init
<LI><a href="#[72]">&gt;&gt;</a>&nbsp;&nbsp;&nbsp;ICM20689_Init
<LI><a href="#[48]">&gt;&gt;</a>&nbsp;&nbsp;&nbsp;main
</UL>

<P><STRONG><a name="[fe]"></a>delayus</STRONG> (Thumb, 78 bytes, Stack size 0 bytes, lq_sys.o(i.delayus))
<BR><BR>[Called By]<UL><LI><a href="#[a7]">&gt;&gt;</a>&nbsp;&nbsp;&nbsp;delayms
<LI><a href="#[cd]">&gt;&gt;</a>&nbsp;&nbsp;&nbsp;SOFT_IIC_delay
</UL>

<P><STRONG><a name="[c4]"></a>dmp_read_fifo</STRONG> (Thumb, 500 bytes, Stack size 88 bytes, lq_mpu6050_dmp.o(i.dmp_read_fifo))
<BR><BR>[Stack]<UL><LI>Max Depth = 188<LI>Call Chain = dmp_read_fifo &rArr; LQ_I2C_Read &rArr; SOFT_IIC_Read_Byte &rArr; SOFT_IIC_NAck &rArr; PIN_InitConfig &rArr; GPIO_Init
</UL>
<BR>[Calls]<UL><LI><a href="#[b7]">&gt;&gt;</a>&nbsp;&nbsp;&nbsp;LQ_I2C_Read
<LI><a href="#[c2]">&gt;&gt;</a>&nbsp;&nbsp;&nbsp;mpu_reset_fifo_in_mpu_set_dmp_state
</UL>
<BR>[Called By]<UL><LI><a href="#[c3]">&gt;&gt;</a>&nbsp;&nbsp;&nbsp;LQ_DMP_Read
</UL>

<P><STRONG><a name="[c0]"></a>dmp_set_orientation</STRONG> (Thumb, 286 bytes, Stack size 32 bytes, lq_mpu6050_dmp.o(i.dmp_set_orientation))
<BR><BR>[Stack]<UL><LI>Max Depth = 148<LI>Call Chain = dmp_set_orientation &rArr; mpu_write_mem &rArr; LQ_I2C_Write &rArr; SOFT_IIC_Send_Byte &rArr; PIN_InitConfig &rArr; GPIO_Init
</UL>
<BR>[Calls]<UL><LI><a href="#[bc]">&gt;&gt;</a>&nbsp;&nbsp;&nbsp;mpu_write_mem
</UL>
<BR>[Called By]<UL><LI><a href="#[73]">&gt;&gt;</a>&nbsp;&nbsp;&nbsp;LQ_DMP_Init
</UL>

<P><STRONG><a name="[bf]"></a>inv_row_2_scale</STRONG> (Thumb, 78 bytes, Stack size 0 bytes, lq_mpu6050_dmp.o(i.inv_row_2_scale))
<BR><BR>[Called By]<UL><LI><a href="#[73]">&gt;&gt;</a>&nbsp;&nbsp;&nbsp;LQ_DMP_Init
</UL>

<P><STRONG><a name="[a4]"></a>lq_sobel</STRONG> (Thumb, 714 bytes, Stack size 44 bytes, lq_camera.o(i.lq_sobel))
<BR><BR>[Stack]<UL><LI>Max Depth = 44<LI>Call Chain = lq_sobel
</UL>
<BR>[Called By]<UL><LI><a href="#[78]">&gt;&gt;</a>&nbsp;&nbsp;&nbsp;Get_Bin_Image
</UL>

<P><STRONG><a name="[a5]"></a>lq_sobelAutoThreshold</STRONG> (Thumb, 786 bytes, Stack size 64 bytes, lq_camera.o(i.lq_sobelAutoThreshold))
<BR><BR>[Stack]<UL><LI>Max Depth = 72<LI>Call Chain = lq_sobelAutoThreshold &rArr; __aeabi_fdiv
</UL>
<BR>[Calls]<UL><LI><a href="#[60]">&gt;&gt;</a>&nbsp;&nbsp;&nbsp;__aeabi_i2f
<LI><a href="#[56]">&gt;&gt;</a>&nbsp;&nbsp;&nbsp;__aeabi_fdiv
<LI><a href="#[a3]">&gt;&gt;</a>&nbsp;&nbsp;&nbsp;__aeabi_cfrcmple
</UL>
<BR>[Called By]<UL><LI><a href="#[78]">&gt;&gt;</a>&nbsp;&nbsp;&nbsp;Get_Bin_Image
</UL>

<P><STRONG><a name="[48]"></a>main</STRONG> (Thumb, 104 bytes, Stack size 8 bytes, main.o(i.main))
<BR><BR>[Stack]<UL><LI>Max Depth = 428<LI>Call Chain = main &rArr; Balance_CAR &rArr; Get_Bin_Image &rArr; GetOSTU &rArr; __aeabi_fsub &rArr; __aeabi_fadd &rArr; _float_epilogue
</UL>
<BR>[Calls]<UL><LI><a href="#[a7]">&gt;&gt;</a>&nbsp;&nbsp;&nbsp;delayms
<LI><a href="#[121]">&gt;&gt;</a>&nbsp;&nbsp;&nbsp;UART_PutStr
<LI><a href="#[11c]">&gt;&gt;</a>&nbsp;&nbsp;&nbsp;UART_InitConfig
<LI><a href="#[10d]">&gt;&gt;</a>&nbsp;&nbsp;&nbsp;TFTSPI_Show_Logo
<LI><a href="#[7d]">&gt;&gt;</a>&nbsp;&nbsp;&nbsp;TFTSPI_P8X16Str
<LI><a href="#[109]">&gt;&gt;</a>&nbsp;&nbsp;&nbsp;TFTSPI_P16x16Str
<LI><a href="#[70]">&gt;&gt;</a>&nbsp;&nbsp;&nbsp;TFTSPI_Init
<LI><a href="#[76]">&gt;&gt;</a>&nbsp;&nbsp;&nbsp;TFTSPI_CLS
<LI><a href="#[d0]">&gt;&gt;</a>&nbsp;&nbsp;&nbsp;LQ_Init3227
<LI><a href="#[a0]">&gt;&gt;</a>&nbsp;&nbsp;&nbsp;GPIO_LED_Init
<LI><a href="#[9f]">&gt;&gt;</a>&nbsp;&nbsp;&nbsp;GPIO_KEY_Init
<LI><a href="#[6c]">&gt;&gt;</a>&nbsp;&nbsp;&nbsp;Balance_CAR
</UL>
<BR>[Address Reference Count : 1]<UL><LI> entry9a.o(.ARM.Collect$$$$0000000B)
</UL>
<P><STRONG><a name="[bd]"></a>mpu_read_mem</STRONG> (Thumb, 90 bytes, Stack size 24 bytes, lq_mpu6050_dmp.o(i.mpu_read_mem))
<BR><BR>[Stack]<UL><LI>Max Depth = 124<LI>Call Chain = mpu_read_mem &rArr; LQ_I2C_Read &rArr; SOFT_IIC_Read_Byte &rArr; SOFT_IIC_NAck &rArr; PIN_InitConfig &rArr; GPIO_Init
</UL>
<BR>[Calls]<UL><LI><a href="#[b7]">&gt;&gt;</a>&nbsp;&nbsp;&nbsp;LQ_I2C_Read
<LI><a href="#[b6]">&gt;&gt;</a>&nbsp;&nbsp;&nbsp;LQ_I2C_Write
</UL>
<BR>[Called By]<UL><LI><a href="#[73]">&gt;&gt;</a>&nbsp;&nbsp;&nbsp;LQ_DMP_Init
</UL>

<P><STRONG><a name="[c1]"></a>mpu_reset_fifo_in_dmp_enable_feature</STRONG> (Thumb, 166 bytes, Stack size 8 bytes, lq_mpu6050_dmp.o(i.mpu_reset_fifo_in_dmp_enable_feature))
<BR><BR>[Stack]<UL><LI>Max Depth = 100<LI>Call Chain = mpu_reset_fifo_in_dmp_enable_feature &rArr; LQ_I2C_Write &rArr; SOFT_IIC_Send_Byte &rArr; PIN_InitConfig &rArr; GPIO_Init
</UL>
<BR>[Calls]<UL><LI><a href="#[b6]">&gt;&gt;</a>&nbsp;&nbsp;&nbsp;LQ_I2C_Write
</UL>
<BR>[Called By]<UL><LI><a href="#[73]">&gt;&gt;</a>&nbsp;&nbsp;&nbsp;LQ_DMP_Init
</UL>

<P><STRONG><a name="[c2]"></a>mpu_reset_fifo_in_mpu_set_dmp_state</STRONG> (Thumb, 166 bytes, Stack size 8 bytes, lq_mpu6050_dmp.o(i.mpu_reset_fifo_in_mpu_set_dmp_state))
<BR><BR>[Stack]<UL><LI>Max Depth = 100<LI>Call Chain = mpu_reset_fifo_in_mpu_set_dmp_state &rArr; LQ_I2C_Write &rArr; SOFT_IIC_Send_Byte &rArr; PIN_InitConfig &rArr; GPIO_Init
</UL>
<BR>[Calls]<UL><LI><a href="#[b6]">&gt;&gt;</a>&nbsp;&nbsp;&nbsp;LQ_I2C_Write
</UL>
<BR>[Called By]<UL><LI><a href="#[73]">&gt;&gt;</a>&nbsp;&nbsp;&nbsp;LQ_DMP_Init
<LI><a href="#[c4]">&gt;&gt;</a>&nbsp;&nbsp;&nbsp;dmp_read_fifo
</UL>

<P><STRONG><a name="[b9]"></a>mpu_set_accel_fsr</STRONG> (Thumb, 82 bytes, Stack size 16 bytes, lq_mpu6050_dmp.o(i.mpu_set_accel_fsr))
<BR><BR>[Stack]<UL><LI>Max Depth = 108<LI>Call Chain = mpu_set_accel_fsr &rArr; LQ_I2C_Write &rArr; SOFT_IIC_Send_Byte &rArr; PIN_InitConfig &rArr; GPIO_Init
</UL>
<BR>[Calls]<UL><LI><a href="#[b6]">&gt;&gt;</a>&nbsp;&nbsp;&nbsp;LQ_I2C_Write
</UL>
<BR>[Called By]<UL><LI><a href="#[73]">&gt;&gt;</a>&nbsp;&nbsp;&nbsp;LQ_DMP_Init
</UL>

<P><STRONG><a name="[b8]"></a>mpu_set_gyro_fsr</STRONG> (Thumb, 88 bytes, Stack size 16 bytes, lq_mpu6050_dmp.o(i.mpu_set_gyro_fsr))
<BR><BR>[Stack]<UL><LI>Max Depth = 108<LI>Call Chain = mpu_set_gyro_fsr &rArr; LQ_I2C_Write &rArr; SOFT_IIC_Send_Byte &rArr; PIN_InitConfig &rArr; GPIO_Init
</UL>
<BR>[Calls]<UL><LI><a href="#[b6]">&gt;&gt;</a>&nbsp;&nbsp;&nbsp;LQ_I2C_Write
</UL>
<BR>[Called By]<UL><LI><a href="#[73]">&gt;&gt;</a>&nbsp;&nbsp;&nbsp;LQ_DMP_Init
</UL>

<P><STRONG><a name="[ba]"></a>mpu_set_lpf</STRONG> (Thumb, 86 bytes, Stack size 16 bytes, lq_mpu6050_dmp.o(i.mpu_set_lpf))
<BR><BR>[Stack]<UL><LI>Max Depth = 108<LI>Call Chain = mpu_set_lpf &rArr; LQ_I2C_Write &rArr; SOFT_IIC_Send_Byte &rArr; PIN_InitConfig &rArr; GPIO_Init
</UL>
<BR>[Calls]<UL><LI><a href="#[b6]">&gt;&gt;</a>&nbsp;&nbsp;&nbsp;LQ_I2C_Write
</UL>
<BR>[Called By]<UL><LI><a href="#[73]">&gt;&gt;</a>&nbsp;&nbsp;&nbsp;LQ_DMP_Init
<LI><a href="#[bb]">&gt;&gt;</a>&nbsp;&nbsp;&nbsp;mpu_set_sample_rate
</UL>

<P><STRONG><a name="[bb]"></a>mpu_set_sample_rate</STRONG> (Thumb, 70 bytes, Stack size 16 bytes, lq_mpu6050_dmp.o(i.mpu_set_sample_rate))
<BR><BR>[Stack]<UL><LI>Max Depth = 124<LI>Call Chain = mpu_set_sample_rate &rArr; mpu_set_lpf &rArr; LQ_I2C_Write &rArr; SOFT_IIC_Send_Byte &rArr; PIN_InitConfig &rArr; GPIO_Init
</UL>
<BR>[Calls]<UL><LI><a href="#[b6]">&gt;&gt;</a>&nbsp;&nbsp;&nbsp;LQ_I2C_Write
<LI><a href="#[ba]">&gt;&gt;</a>&nbsp;&nbsp;&nbsp;mpu_set_lpf
</UL>
<BR>[Called By]<UL><LI><a href="#[73]">&gt;&gt;</a>&nbsp;&nbsp;&nbsp;LQ_DMP_Init
</UL>

<P><STRONG><a name="[bc]"></a>mpu_write_mem</STRONG> (Thumb, 90 bytes, Stack size 24 bytes, lq_mpu6050_dmp.o(i.mpu_write_mem))
<BR><BR>[Stack]<UL><LI>Max Depth = 116<LI>Call Chain = mpu_write_mem &rArr; LQ_I2C_Write &rArr; SOFT_IIC_Send_Byte &rArr; PIN_InitConfig &rArr; GPIO_Init
</UL>
<BR>[Calls]<UL><LI><a href="#[b6]">&gt;&gt;</a>&nbsp;&nbsp;&nbsp;LQ_I2C_Write
</UL>
<BR>[Called By]<UL><LI><a href="#[73]">&gt;&gt;</a>&nbsp;&nbsp;&nbsp;LQ_DMP_Init
<LI><a href="#[c0]">&gt;&gt;</a>&nbsp;&nbsp;&nbsp;dmp_set_orientation
</UL>

<P><STRONG><a name="[8d]"></a>nvic_init</STRONG> (Thumb, 36 bytes, Stack size 24 bytes, lq_sys.o(i.nvic_init))
<BR><BR>[Stack]<UL><LI>Max Depth = 32<LI>Call Chain = nvic_init &rArr; NVIC_Init
</UL>
<BR>[Calls]<UL><LI><a href="#[e0]">&gt;&gt;</a>&nbsp;&nbsp;&nbsp;NVIC_Init
</UL>
<BR>[Called By]<UL><LI><a href="#[82]">&gt;&gt;</a>&nbsp;&nbsp;&nbsp;DMA_CameraInitConfig
<LI><a href="#[75]">&gt;&gt;</a>&nbsp;&nbsp;&nbsp;TIMER_InitConfig
<LI><a href="#[11e]">&gt;&gt;</a>&nbsp;&nbsp;&nbsp;UART_RX_IRQ_Config
</UL>

<P><STRONG><a name="[c7]"></a>sqrt</STRONG> (Thumb, 76 bytes, Stack size 24 bytes, sqrt.o(i.sqrt))
<BR><BR>[Stack]<UL><LI>Max Depth = 64<LI>Call Chain = sqrt &rArr; _dsqrt &rArr; _double_round
</UL>
<BR>[Calls]<UL><LI><a href="#[67]">&gt;&gt;</a>&nbsp;&nbsp;&nbsp;_dsqrt
<LI><a href="#[130]">&gt;&gt;</a>&nbsp;&nbsp;&nbsp;__set_errno
</UL>
<BR>[Called By]<UL><LI><a href="#[c3]">&gt;&gt;</a>&nbsp;&nbsp;&nbsp;LQ_DMP_Read
</UL>

<P><STRONG><a name="[10f]"></a>tft18delay_1us</STRONG> (Thumb, 14 bytes, Stack size 0 bytes, lq_tft18.o(i.tft18delay_1us))
<BR><BR>[Called By]<UL><LI><a href="#[107]">&gt;&gt;</a>&nbsp;&nbsp;&nbsp;TFTSPI_Write_Word
</UL>
<P>
<H3>
Local Symbols
</H3>
<P><STRONG><a name="[f5]"></a>SCCB_Ack</STRONG> (Thumb, 64 bytes, Stack size 8 bytes, lq_mt9v034.o(i.SCCB_Ack))
<BR><BR>[Stack]<UL><LI>Max Depth = 36<LI>Call Chain = SCCB_Ack &rArr; MT9V034_SDA_Out &rArr; GPIO_Init
</UL>
<BR>[Calls]<UL><LI><a href="#[b4]">&gt;&gt;</a>&nbsp;&nbsp;&nbsp;GPIO_SetBits
<LI><a href="#[b3]">&gt;&gt;</a>&nbsp;&nbsp;&nbsp;GPIO_ResetBits
<LI><a href="#[f6]">&gt;&gt;</a>&nbsp;&nbsp;&nbsp;SCCB_Wait
<LI><a href="#[da]">&gt;&gt;</a>&nbsp;&nbsp;&nbsp;MT9V034_SDA_Out
<LI><a href="#[d8]">&gt;&gt;</a>&nbsp;&nbsp;&nbsp;MT9V034_SCL_Out
</UL>
<BR>[Called By]<UL><LI><a href="#[d2]">&gt;&gt;</a>&nbsp;&nbsp;&nbsp;SCCB_RegRead
</UL>

<P><STRONG><a name="[f7]"></a>SCCB_NAck</STRONG> (Thumb, 68 bytes, Stack size 8 bytes, lq_mt9v034.o(i.SCCB_NAck))
<BR><BR>[Stack]<UL><LI>Max Depth = 36<LI>Call Chain = SCCB_NAck &rArr; MT9V034_SDA_Out &rArr; GPIO_Init
</UL>
<BR>[Calls]<UL><LI><a href="#[b4]">&gt;&gt;</a>&nbsp;&nbsp;&nbsp;GPIO_SetBits
<LI><a href="#[b3]">&gt;&gt;</a>&nbsp;&nbsp;&nbsp;GPIO_ResetBits
<LI><a href="#[f6]">&gt;&gt;</a>&nbsp;&nbsp;&nbsp;SCCB_Wait
<LI><a href="#[da]">&gt;&gt;</a>&nbsp;&nbsp;&nbsp;MT9V034_SDA_Out
<LI><a href="#[d8]">&gt;&gt;</a>&nbsp;&nbsp;&nbsp;MT9V034_SCL_Out
</UL>
<BR>[Called By]<UL><LI><a href="#[d2]">&gt;&gt;</a>&nbsp;&nbsp;&nbsp;SCCB_RegRead
</UL>

<P><STRONG><a name="[108]"></a>lq_tft_delayms</STRONG> (Thumb, 42 bytes, Stack size 8 bytes, lq_tft18.o(i.lq_tft_delayms))
<BR><BR>[Stack]<UL><LI>Max Depth = 8<LI>Call Chain = lq_tft_delayms
</UL>
<BR>[Called By]<UL><LI><a href="#[70]">&gt;&gt;</a>&nbsp;&nbsp;&nbsp;TFTSPI_Init
</UL>

<P><STRONG><a name="[101]"></a>DELAY_xUs</STRONG> (Thumb, 66 bytes, Stack size 0 bytes, system_mm32f327x.o(i.DELAY_xUs))
<BR><BR>[Called By]<UL><LI><a href="#[100]">&gt;&gt;</a>&nbsp;&nbsp;&nbsp;SetSysClockToXX
</UL>

<P><STRONG><a name="[ff]"></a>SetSysClock</STRONG> (Thumb, 44 bytes, Stack size 8 bytes, system_mm32f327x.o(i.SetSysClock))
<BR><BR>[Stack]<UL><LI>Max Depth = 68<LI>Call Chain = SetSysClock &rArr; SetSysClockToXX &rArr; AutoCalPllFactor
</UL>
<BR>[Calls]<UL><LI><a href="#[100]">&gt;&gt;</a>&nbsp;&nbsp;&nbsp;SetSysClockToXX
</UL>
<BR>[Called By]<UL><LI><a href="#[49]">&gt;&gt;</a>&nbsp;&nbsp;&nbsp;SystemInit
</UL>

<P><STRONG><a name="[100]"></a>SetSysClockToXX</STRONG> (Thumb, 498 bytes, Stack size 32 bytes, system_mm32f327x.o(i.SetSysClockToXX))
<BR><BR>[Stack]<UL><LI>Max Depth = 60<LI>Call Chain = SetSysClockToXX &rArr; AutoCalPllFactor
</UL>
<BR>[Calls]<UL><LI><a href="#[102]">&gt;&gt;</a>&nbsp;&nbsp;&nbsp;AutoCalPllFactor
<LI><a href="#[101]">&gt;&gt;</a>&nbsp;&nbsp;&nbsp;DELAY_xUs
</UL>
<BR>[Called By]<UL><LI><a href="#[ff]">&gt;&gt;</a>&nbsp;&nbsp;&nbsp;SetSysClock
</UL>

<P><STRONG><a name="[12a]"></a>_fp_digits</STRONG> (Thumb, 366 bytes, Stack size 64 bytes, printfa.o(i._fp_digits), UNUSED)
<BR><BR>[Calls]<UL><LI><a href="#[5f]">&gt;&gt;</a>&nbsp;&nbsp;&nbsp;__aeabi_ddiv
<LI><a href="#[57]">&gt;&gt;</a>&nbsp;&nbsp;&nbsp;__aeabi_dadd
<LI><a href="#[5e]">&gt;&gt;</a>&nbsp;&nbsp;&nbsp;__aeabi_dmul
<LI><a href="#[68]">&gt;&gt;</a>&nbsp;&nbsp;&nbsp;__aeabi_d2ulz
<LI><a href="#[12b]">&gt;&gt;</a>&nbsp;&nbsp;&nbsp;__aeabi_cdrcmple
<LI><a href="#[65]">&gt;&gt;</a>&nbsp;&nbsp;&nbsp;__aeabi_uldivmod
</UL>
<BR>[Called By]<UL><LI><a href="#[124]">&gt;&gt;</a>&nbsp;&nbsp;&nbsp;_printf_core
</UL>

<P><STRONG><a name="[124]"></a>_printf_core</STRONG> (Thumb, 1704 bytes, Stack size 136 bytes, printfa.o(i._printf_core), UNUSED)
<BR><BR>[Calls]<UL><LI><a href="#[12c]">&gt;&gt;</a>&nbsp;&nbsp;&nbsp;_printf_pre_padding
<LI><a href="#[12d]">&gt;&gt;</a>&nbsp;&nbsp;&nbsp;_printf_post_padding
<LI><a href="#[12a]">&gt;&gt;</a>&nbsp;&nbsp;&nbsp;_fp_digits
<LI><a href="#[65]">&gt;&gt;</a>&nbsp;&nbsp;&nbsp;__aeabi_uldivmod
<LI><a href="#[12e]">&gt;&gt;</a>&nbsp;&nbsp;&nbsp;__aeabi_uidivmod
</UL>
<BR>[Called By]<UL><LI><a href="#[123]">&gt;&gt;</a>&nbsp;&nbsp;&nbsp;__0sprintf
</UL>

<P><STRONG><a name="[12d]"></a>_printf_post_padding</STRONG> (Thumb, 36 bytes, Stack size 24 bytes, printfa.o(i._printf_post_padding), UNUSED)
<BR><BR>[Called By]<UL><LI><a href="#[124]">&gt;&gt;</a>&nbsp;&nbsp;&nbsp;_printf_core
</UL>

<P><STRONG><a name="[12c]"></a>_printf_pre_padding</STRONG> (Thumb, 46 bytes, Stack size 24 bytes, printfa.o(i._printf_pre_padding), UNUSED)
<BR><BR>[Called By]<UL><LI><a href="#[124]">&gt;&gt;</a>&nbsp;&nbsp;&nbsp;_printf_core
</UL>

<P><STRONG><a name="[4b]"></a>_sputc</STRONG> (Thumb, 10 bytes, Stack size 0 bytes, printfa.o(i._sputc))
<BR><BR>[Called By]<UL><LI><a href="#[123]">&gt;&gt;</a>&nbsp;&nbsp;&nbsp;__0sprintf
</UL>
<BR>[Address Reference Count : 1]<UL><LI> printfa.o(i.__0sprintf)
</UL><P>
<H3>
Undefined Global Symbols
</H3><HR></body></html>
