Component: ARM Compiler 5.06 update 7 (build 960) Tool: armlink [4d3601]

==============================================================================

Section Cross References

    main.o(i.main) refers to lq_sys.o(i.LQ_Init3227) for LQ_Init3227
    main.o(i.main) refers to lq_gpio_led.o(i.GPIO_LED_Init) for GPIO_LED_Init
    main.o(i.main) refers to lq_tft18.o(i.TFTSPI_Init) for TFTSPI_Init
    main.o(i.main) refers to lq_tft18.o(i.TFTSPI_CLS) for TFTSPI_CLS
    main.o(i.main) refers to lq_balance.o(i.Balance_CAR) for Balance_CAR
    lq_balance.o(i.Balance_CAR) refers to lq_camera.o(i.CAMERA_Init) for CAMERA_Init
    lq_balance.o(i.Balance_CAR) refers to lq_encoder.o(i.EncInit) for EncInit
    lq_balance.o(i.Balance_CAR) refers to lq_motorservo.o(i.MotorInit) for MotorInit
    lq_balance.o(i.Balance_CAR) refers to lq_tft18.o(i.TFTSPI_Init) for TFTSPI_Init
    lq_balance.o(i.Balance_CAR) refers to lq_softi2c.o(i.SOFT_IIC_Init) for SOFT_IIC_Init
    lq_balance.o(i.Balance_CAR) refers to lq_icm20689.o(i.ICM20689_Init) for ICM20689_Init
    lq_balance.o(i.Balance_CAR) refers to lq_mpu6050_dmp.o(i.LQ_DMP_Init) for LQ_DMP_Init
    lq_balance.o(i.Balance_CAR) refers to lq_gpio_key.o(i.GPIO_KEY_Init) for GPIO_KEY_Init
    lq_balance.o(i.Balance_CAR) refers to lq_pid.o(i.PidInit) for PidInit
    lq_balance.o(i.Balance_CAR) refers to lq_pid.o(i.PID_init) for PID_init
    lq_balance.o(i.Balance_CAR) refers to fmul.o(.text) for __aeabi_fmul
    lq_balance.o(i.Balance_CAR) refers to f2d.o(.text) for __aeabi_f2d
    lq_balance.o(i.Balance_CAR) refers to dmul.o(.text) for __aeabi_dmul
    lq_balance.o(i.Balance_CAR) refers to d2f.o(.text) for __aeabi_d2f
    lq_balance.o(i.Balance_CAR) refers to lq_sys.o(i.delayms) for delayms
    lq_balance.o(i.Balance_CAR) refers to lq_timer.o(i.TIMER_InitConfig) for TIMER_InitConfig
    lq_balance.o(i.Balance_CAR) refers to lq_tft18.o(i.TFTSPI_CLS) for TFTSPI_CLS
    lq_balance.o(i.Balance_CAR) refers to lq_camera.o(i.Get_Use_Image) for Get_Use_Image
    lq_balance.o(i.Balance_CAR) refers to lq_camera.o(i.Get_Bin_Image) for Get_Bin_Image
    lq_balance.o(i.Balance_CAR) refers to lq_balance.o(i.Seek_Beacon) for Seek_Beacon
    lq_balance.o(i.Balance_CAR) refers to lq_balance.o(i.TFT_show) for TFT_show
    lq_balance.o(i.Balance_CAR) refers to lq_timer.o(.bss) for Gyro_PID
    lq_balance.o(i.Balance_CAR) refers to lq_camera.o(.data) for Camera_Flag
    lq_balance.o(i.Seek_Beacon) refers to lq_balance.o(i.eye_show) for eye_show
    lq_balance.o(i.Seek_Beacon) refers to lq_balance.o(.data) for dotcnt
    lq_balance.o(i.Seek_Beacon) refers to lq_camera.o(.bss) for Bin_Image
    lq_balance.o(i.Seek_Beacon) refers to lq_balance.o(.bss) for dothang
    lq_balance.o(i.Square_detection) refers to dflti.o(.text) for __aeabi_i2d
    lq_balance.o(i.Square_detection) refers to ddiv.o(.text) for __aeabi_ddiv
    lq_balance.o(i.Square_detection) refers to d2f.o(.text) for __aeabi_d2f
    lq_balance.o(i.Square_detection) refers to lq_balance.o(.data) for shang
    lq_balance.o(i.Square_detection) refers to lq_camera.o(.bss) for Bin_Image
    lq_balance.o(i.TFT_show) refers to lq_gpio_key.o(i.KEY_Read_All) for KEY_Read_All
    lq_balance.o(i.TFT_show) refers to lq_tft18.o(i.TFTSPI_CLS) for TFTSPI_CLS
    lq_balance.o(i.TFT_show) refers to f2d.o(.text) for __aeabi_f2d
    lq_balance.o(i.TFT_show) refers to printfa.o(i.__0sprintf) for __2sprintf
    lq_balance.o(i.TFT_show) refers to lq_tft18.o(i.TFTSPI_P8X16Str) for TFTSPI_P8X16Str
    lq_balance.o(i.TFT_show) refers to lq_tft18.o(i.TFTSPI_BinRoad) for TFTSPI_BinRoad
    lq_balance.o(i.TFT_show) refers to lq_tft18.o(i.TFTSPI_P6X8Str) for TFTSPI_P6X8Str
    lq_balance.o(i.TFT_show) refers to lq_tft18.o(i.TFTSPI_P8X8Str) for TFTSPI_P8X8Str
    lq_balance.o(i.TFT_show) refers to lq_tft18.o(i.TFTSPI_Road) for TFTSPI_Road
    lq_balance.o(i.TFT_show) refers to lq_balance.o(.data) for Now_KeyValue
    lq_balance.o(i.TFT_show) refers to lq_mpu6050_dmp.o(.data) for Roll
    lq_balance.o(i.TFT_show) refers to lq_motorservo.o(.data) for MotorDuty1
    lq_balance.o(i.TFT_show) refers to lq_timer.o(.data) for ECPULSE2
    lq_balance.o(i.TFT_show) refers to lq_camera.o(.bss) for Bin_Image
    lq_balance.o(i.eye_show) refers to lq_camera.o(.bss) for Bin_Image
    lq_balance.o(i.eye_show) refers to lq_balance.o(.data) for sumlie
    lq_balance.o(i.find_max) refers to lq_balance.o(.bss) for quanzhi_weight
    lq_balance.o(i.find_max) refers to lq_camera.o(.data) for labelcount
    lq_balance.o(i.quanzhong_light) refers to lq_balance.o(i.find_max) for find_max
    lq_balance.o(i.quanzhong_light) refers to lq_balance.o(i.eye_show) for eye_show
    lq_balance.o(i.quanzhong_light) refers to lq_balance.o(.data) for dotcnt
    lq_balance.o(i.quanzhong_light) refers to lq_balance.o(.bss) for quanzhi_weight
    lq_balance.o(i.quanzhong_light) refers to lq_camera.o(.bss) for Connected_y
[...]
    lq_timer.o(i.TIM6_IRQHandler) refers to lq_motorservo.o(i.BalMotorCtrl) for BalMotorCtrl
    lq_timer.o(i.TIM6_IRQHandler) refers to lq_timer.o(.data) for ECPULSE1
    lq_timer.o(i.TIM6_IRQHandler) refers to lq_timer.o(.bss) for Gyro_PID
    lq_timer.o(i.TIM6_IRQHandler) refers to lq_mpu6050_dmp.o(.data) for Roll
    lq_timer.o(i.TIM6_IRQHandler) refers to lq_balance.o(.data) for bell_flag
    lq_timer.o(i.TIM6_IRQHandler) refers to lq_motorservo.o(.data) for MotorDuty1
    lq_timer.o(i.TIM7_IRQHandler) refers to lq_gpio_led.o(i.LED_Ctrl) for LED_Ctrl
    lq_timer.o(i.TIM8_UP_IRQHandler) refers to hal_tim.o(i.TIM_GetITStatus) for TIM_GetITStatus
    lq_timer.o(i.TIM8_UP_IRQHandler) refers to hal_tim.o(i.TIM_ClearITPendingBit) for TIM_ClearITPendingBit
    lq_timer.o(i.TIM8_UP_IRQHandler) refers to lq_gpio_led.o(i.LED_Ctrl) for LED_Ctrl
    lq_timer.o(i.TIMER_InitConfig) refers to hal_rcc.o(i.RCC_APB2PeriphClockCmd) for RCC_APB2PeriphClockCmd
    lq_timer.o(i.TIMER_InitConfig) refers to hal_rcc.o(i.RCC_APB1PeriphClockCmd) for RCC_APB1PeriphClockCmd
    lq_timer.o(i.TIMER_InitConfig) refers to hal_tim.o(i.TIM_TimeBaseInit) for TIM_TimeBaseInit
    lq_timer.o(i.TIMER_InitConfig) refers to hal_tim.o(i.TIM_ITConfig) for TIM_ITConfig
    lq_timer.o(i.TIMER_InitConfig) refers to lq_sys.o(i.nvic_init) for nvic_init
    lq_timer.o(i.TIMER_InitConfig) refers to hal_tim.o(i.TIM_Cmd) for TIM_Cmd
    lq_timer.o(i.TIMER_InitConfig) refers to system_mm32f327x.o(.data) for SystemCoreClock
    lq_timer.o(i.TIMER_InitConfig) refers to lq_timer.o(.constdata) for TIMERx
    lq_timer.o(i.Test_TimerPIT56) refers to lq_gpio_led.o(i.GPIO_LED_Init) for GPIO_LED_Init
    lq_timer.o(i.Test_TimerPIT56) refers to lq_timer.o(i.TIMER_InitConfig) for TIMER_InitConfig
    lq_timer.o(i.Test_TimerPIT56) refers to lq_gpio_led.o(i.LED_Ctrl) for LED_Ctrl
    lq_timer.o(i.Test_TimerPIT56) refers to lq_sys.o(i.delayms) for delayms
    lq_timer.o(i.kongzhi_1) refers to fflti.o(.text) for __aeabi_i2f
    lq_timer.o(i.kongzhi_1) refers to cfrcmple.o(.text) for __aeabi_cfrcmple
    lq_timer.o(i.kongzhi_1) refers to lq_balance.o(.data) for dotcnt
    lq_timer.o(i.kongzhi_1) refers to lq_timer.o(.data) for Dir_Error
    lq_timer.o(i.kongzhi_2) refers to fflti.o(.text) for __aeabi_i2f
    lq_timer.o(i.kongzhi_2) refers to hal_gpio.o(i.GPIO_SetBits) for GPIO_SetBits
    lq_timer.o(i.kongzhi_2) refers to hal_gpio.o(i.GPIO_ResetBits) for GPIO_ResetBits
    lq_timer.o(i.kongzhi_2) refers to cfrcmple.o(.text) for __aeabi_cfrcmple
    lq_timer.o(i.kongzhi_2) refers to cfcmple.o(.text) for __aeabi_cfcmple
    lq_timer.o(i.kongzhi_2) refers to lq_balance.o(.data) for dotcnt
    lq_timer.o(i.kongzhi_2) refers to lq_timer.o(.data) for Dir_Error
    lq_uart.o(i.Test_Bluetooth) refers to lq_uart.o(i.UART_InitConfig) for UART_InitConfig
    lq_uart.o(i.Test_Bluetooth) refers to lq_uart.o(i.UART_PutStr) for UART_PutStr
    lq_uart.o(i.Test_Bluetooth) refers to lq_uart.o(i.UART_PutChar) for UART_PutChar
    lq_uart.o(i.Test_Bluetooth) refers to lq_sys.o(i.delayms) for delayms
    lq_uart.o(i.Test_Bluetooth) refers to lq_gpio_led.o(i.LED_Ctrl) for LED_Ctrl
    lq_uart.o(i.UART1_IRQHandler) refers to hal_uart.o(i.UART_GetFlagStatus) for UART_GetFlagStatus
    lq_uart.o(i.UART1_IRQHandler) refers to hal_uart.o(i.UART_ClearITPendingBit) for UART_ClearITPendingBit
    lq_uart.o(i.UART1_IRQHandler) refers to lq_uart.o(i.UART_GetChar) for UART_GetChar
    lq_uart.o(i.UART1_IRQHandler) refers to lq_uart.o(i.UART_PutChar) for UART_PutChar
    lq_uart.o(i.UART2_IRQHandler) refers to hal_uart.o(i.UART_GetFlagStatus) for UART_GetFlagStatus
    lq_uart.o(i.UART2_IRQHandler) refers to hal_uart.o(i.UART_ClearITPendingBit) for UART_ClearITPendingBit
    lq_uart.o(i.UART2_IRQHandler) refers to lq_uart.o(i.UART_GetChar) for UART_GetChar
    lq_uart.o(i.UART2_IRQHandler) refers to lq_uart.o(i.UART_PutChar) for UART_PutChar
    lq_uart.o(i.UART3_IRQHandler) refers to hal_uart.o(i.UART_GetFlagStatus) for UART_GetFlagStatus
    lq_uart.o(i.UART3_IRQHandler) refers to hal_uart.o(i.UART_ClearITPendingBit) for UART_ClearITPendingBit
    lq_uart.o(i.UART3_IRQHandler) refers to lq_uart.o(i.UART_GetChar) for UART_GetChar
    lq_uart.o(i.UART3_IRQHandler) refers to lq_uart.o(i.UART_PutChar) for UART_PutChar
    lq_uart.o(i.UART4_IRQHandler) refers to hal_uart.o(i.UART_GetFlagStatus) for UART_GetFlagStatus
    lq_uart.o(i.UART4_IRQHandler) refers to hal_uart.o(i.UART_ClearITPendingBit) for UART_ClearITPendingBit
    lq_uart.o(i.UART4_IRQHandler) refers to lq_uart.o(i.UART_GetChar) for UART_GetChar
    lq_uart.o(i.UART4_IRQHandler) refers to lq_uart.o(i.UART_PutChar) for UART_PutChar
    lq_uart.o(i.UART5_IRQHandler) refers to hal_uart.o(i.UART_GetFlagStatus) for UART_GetFlagStatus
    lq_uart.o(i.UART5_IRQHandler) refers to hal_uart.o(i.UART_ClearITPendingBit) for UART_ClearITPendingBit
    lq_uart.o(i.UART5_IRQHandler) refers to lq_uart.o(i.UART_GetChar) for UART_GetChar
    lq_uart.o(i.UART5_IRQHandler) refers to lq_uart.o(i.UART_PutChar) for UART_PutChar
    lq_uart.o(i.UART6_IRQHandler) refers to hal_uart.o(i.UART_GetFlagStatus) for UART_GetFlagStatus
    lq_uart.o(i.UART6_IRQHandler) refers to hal_uart.o(i.UART_ClearITPendingBit) for UART_ClearITPendingBit
    lq_uart.o(i.UART6_IRQHandler) refers to lq_uart.o(i.UART_GetChar) for UART_GetChar
    lq_uart.o(i.UART6_IRQHandler) refers to lq_uart.o(i.UART_PutChar) for UART_PutChar
    lq_uart.o(i.UART7_IRQHandler) refers to hal_uart.o(i.UART_GetFlagStatus) for UART_GetFlagStatus
    lq_uart.o(i.UART7_IRQHandler) refers to hal_uart.o(i.UART_ClearITPendingBit) for UART_ClearITPendingBit
    lq_uart.o(i.UART7_IRQHandler) refers to lq_uart.o(i.UART_GetChar) for UART_GetChar
    lq_uart.o(i.UART7_IRQHandler) refers to lq_uart.o(i.UART_PutChar) for UART_PutChar
    lq_uart.o(i.UART8_IRQHandler) refers to hal_uart.o(i.UART_GetFlagStatus) for UART_GetFlagStatus
    lq_uart.o(i.UART8_IRQHandler) refers to hal_uart.o(i.UART_ClearITPendingBit) for UART_ClearITPendingBit
    lq_uart.o(i.UART8_IRQHandler) refers to lq_uart.o(i.UART_GetChar) for UART_GetChar
    lq_uart.o(i.UART8_IRQHandler) refers to lq_uart.o(i.UART_PutChar) for UART_PutChar
    lq_uart.o(i.UART_GetChar) refers to hal_uart.o(i.UART_ReceiveData) for UART_ReceiveData
    lq_uart.o(i.UART_InitConfig) refers to hal_rcc.o(i.RCC_APB2PeriphClockCmd) for RCC_APB2PeriphClockCmd
    lq_uart.o(i.UART_InitConfig) refers to hal_rcc.o(i.RCC_APB1PeriphClockCmd) for RCC_APB1PeriphClockCmd
    lq_uart.o(i.UART_InitConfig) refers to lq_uart.o(i.UART_PinConfig) for UART_PinConfig
    lq_uart.o(i.UART_InitConfig) refers to lq_uart.o(i.UART_RX_IRQ_Config) for UART_RX_IRQ_Config
    lq_uart.o(i.UART_InitConfig) refers to hal_uart.o(i.UART_Init) for UART_Init
    lq_uart.o(i.UART_InitConfig) refers to hal_uart.o(i.UART_Cmd) for UART_Cmd
    lq_uart.o(i.UART_PinConfig) refers to lq_gpio.o(i.PIN_InitConfig) for PIN_InitConfig
    lq_uart.o(i.UART_PinConfig) refers to hal_gpio.o(i.GPIO_PinAFConfig) for GPIO_PinAFConfig
    lq_uart.o(i.UART_PinConfig) refers to lq_gpio.o(.data) for PORTX
    lq_uart.o(i.UART_PutChar) refers to hal_uart.o(i.UART_SendData) for UART_SendData
    lq_uart.o(i.UART_PutChar) refers to hal_uart.o(i.UART_GetFlagStatus) for UART_GetFlagStatus
    lq_uart.o(i.UART_PutStr) refers to lq_uart.o(i.UART_PutChar) for UART_PutChar
    lq_uart.o(i.UART_RX_IRQ_Config) refers to hal_uart.o(i.UART_ITConfig) for UART_ITConfig
    lq_uart.o(i.UART_RX_IRQ_Config) refers to lq_sys.o(i.nvic_init) for nvic_init
    lq_uart.o(i.UART_TX_IRQ_Config) refers to hal_uart.o(i.UART_ITConfig) for UART_ITConfig
    lq_uart.o(i.UART_TX_IRQ_Config) refers to lq_sys.o(i.nvic_init) for nvic_init
    lq_uart.o(i.fputc) refers to hal_uart.o(i.UART_SendData) for UART_SendData
    lq_uart.o(i.fputc) refers to hal_uart.o(i.UART_GetFlagStatus) for UART_GetFlagStatus
    lq_mpu6050_dmp.o(i.LQ_DMP_Init) refers to lq_softi2c.o(i.LQ_I2C_Write) for LQ_I2C_Write
    lq_mpu6050_dmp.o(i.LQ_DMP_Init) refers to lq_sys.o(i.delayms) for delayms
    lq_mpu6050_dmp.o(i.LQ_DMP_Init) refers to lq_softi2c.o(i.LQ_I2C_Read) for LQ_I2C_Read
    lq_mpu6050_dmp.o(i.LQ_DMP_Init) refers to lq_mpu6050_dmp.o(i.mpu_set_gyro_fsr) for mpu_set_gyro_fsr
    lq_mpu6050_dmp.o(i.LQ_DMP_Init) refers to lq_mpu6050_dmp.o(i.mpu_set_accel_fsr) for mpu_set_accel_fsr
    lq_mpu6050_dmp.o(i.LQ_DMP_Init) refers to lq_mpu6050_dmp.o(i.mpu_set_lpf) for mpu_set_lpf
    lq_mpu6050_dmp.o(i.LQ_DMP_Init) refers to lq_mpu6050_dmp.o(i.mpu_set_sample_rate) for mpu_set_sample_rate
    lq_mpu6050_dmp.o(i.LQ_DMP_Init) refers to lq_mpu6050_dmp.o(i.mpu_write_mem) for mpu_write_mem
    lq_mpu6050_dmp.o(i.LQ_DMP_Init) refers to lq_mpu6050_dmp.o(i.mpu_read_mem) for mpu_read_mem
    lq_mpu6050_dmp.o(i.LQ_DMP_Init) refers to memcmp.o(.text) for memcmp
    lq_mpu6050_dmp.o(i.LQ_DMP_Init) refers to lq_mpu6050_dmp.o(i.inv_row_2_scale) for inv_row_2_scale
    lq_mpu6050_dmp.o(i.LQ_DMP_Init) refers to lq_mpu6050_dmp.o(i.dmp_set_orientation) for dmp_set_orientation
    lq_mpu6050_dmp.o(i.LQ_DMP_Init) refers to memseta.o(.text) for __aeabi_memset
    lq_mpu6050_dmp.o(i.LQ_DMP_Init) refers to lq_mpu6050_dmp.o(i.mpu_reset_fifo_in_dmp_enable_feature) for mpu_reset_fifo_in_dmp_enable_feature
    lq_mpu6050_dmp.o(i.LQ_DMP_Init) refers to lq_mpu6050_dmp.o(i.mpu_reset_fifo_in_mpu_set_dmp_state) for mpu_reset_fifo_in_mpu_set_dmp_state
    lq_mpu6050_dmp.o(i.LQ_DMP_Init) refers to lq_mpu6050_dmp.o(.constdata) for dmp_memory
    lq_mpu6050_dmp.o(i.LQ_DMP_Init) refers to lq_mpu6050_dmp.o(.data) for gyro_orientation
    lq_mpu6050_dmp.o(i.LQ_DMP_Read) refers to lq_mpu6050_dmp.o(i.dmp_read_fifo) for dmp_read_fifo
    lq_mpu6050_dmp.o(i.LQ_DMP_Read) refers to dflti.o(.text) for __aeabi_i2d
    lq_mpu6050_dmp.o(i.LQ_DMP_Read) refers to ddiv.o(.text) for __aeabi_ddiv
    lq_mpu6050_dmp.o(i.LQ_DMP_Read) refers to d2f.o(.text) for __aeabi_d2f
    lq_mpu6050_dmp.o(i.LQ_DMP_Read) refers to fmul.o(.text) for __aeabi_fmul
    lq_mpu6050_dmp.o(i.LQ_DMP_Read) refers to fadd.o(.text) for __aeabi_fadd
    lq_mpu6050_dmp.o(i.LQ_DMP_Read) refers to f2d.o(.text) for __aeabi_f2d
    lq_mpu6050_dmp.o(i.LQ_DMP_Read) refers to cdcmple.o(.text) for __aeabi_cdcmpeq
    lq_mpu6050_dmp.o(i.LQ_DMP_Read) refers to dmul.o(.text) for __aeabi_dmul
    lq_mpu6050_dmp.o(i.LQ_DMP_Read) refers to dadd.o(.text) for __aeabi_drsub
    lq_mpu6050_dmp.o(i.LQ_DMP_Read) refers to sqrt.o(i.sqrt) for sqrt
    lq_mpu6050_dmp.o(i.LQ_DMP_Read) refers to atan.o(i.atan) for atan
    lq_mpu6050_dmp.o(i.LQ_DMP_Read) refers to atan2.o(i.atan2) for atan2
    lq_mpu6050_dmp.o(i.LQ_DMP_Read) refers to lq_mpu6050_dmp.o(.data) for sensors
    lq_mpu6050_dmp.o(i.dmp_read_fifo) refers to lq_softi2c.o(i.LQ_I2C_Read) for LQ_I2C_Read
    lq_mpu6050_dmp.o(i.dmp_read_fifo) refers to lq_mpu6050_dmp.o(i.mpu_reset_fifo_in_mpu_set_dmp_state) for mpu_reset_fifo_in_mpu_set_dmp_state
    lq_mpu6050_dmp.o(i.dmp_set_orientation) refers to lq_mpu6050_dmp.o(i.mpu_write_mem) for mpu_write_mem
    lq_mpu6050_dmp.o(i.mpu_read_mem) refers to lq_softi2c.o(i.LQ_I2C_Write) for LQ_I2C_Write
    lq_mpu6050_dmp.o(i.mpu_read_mem) refers to lq_softi2c.o(i.LQ_I2C_Read) for LQ_I2C_Read
    lq_mpu6050_dmp.o(i.mpu_reset_fifo_in_dmp_enable_feature) refers to lq_softi2c.o(i.LQ_I2C_Write) for LQ_I2C_Write
    lq_mpu6050_dmp.o(i.mpu_reset_fifo_in_mpu_set_dmp_state) refers to lq_softi2c.o(i.LQ_I2C_Write) for LQ_I2C_Write
    lq_mpu6050_dmp.o(i.mpu_set_accel_fsr) refers to lq_softi2c.o(i.LQ_I2C_Write) for LQ_I2C_Write
    lq_mpu6050_dmp.o(i.mpu_set_gyro_fsr) refers to lq_softi2c.o(i.LQ_I2C_Write) for LQ_I2C_Write
    lq_mpu6050_dmp.o(i.mpu_set_lpf) refers to lq_softi2c.o(i.LQ_I2C_Write) for LQ_I2C_Write
    lq_mpu6050_dmp.o(i.mpu_set_sample_rate) refers to lq_softi2c.o(i.LQ_I2C_Write) for LQ_I2C_Write
    lq_mpu6050_dmp.o(i.mpu_set_sample_rate) refers to lq_mpu6050_dmp.o(i.mpu_set_lpf) for mpu_set_lpf
    lq_mpu6050_dmp.o(i.mpu_write_mem) refers to lq_softi2c.o(i.LQ_I2C_Write) for LQ_I2C_Write
    atan.o(i.__softfp_atan) refers (Special) to iusefp.o(.text) for __I$use$fp
    atan.o(i.__softfp_atan) refers to atan.o(i.atan) for atan
    atan.o(i.atan) refers (Special) to iusefp.o(.text) for __I$use$fp
    atan.o(i.atan) refers to dunder.o(i.__mathlib_dbl_infnan) for __mathlib_dbl_infnan
    atan.o(i.atan) refers to fpclassify.o(i.__ARM_fpclassify) for __ARM_fpclassify
    atan.o(i.atan) refers to dunder.o(i.__mathlib_dbl_underflow) for __mathlib_dbl_underflow
    atan.o(i.atan) refers to dadd.o(.text) for __aeabi_dadd
    atan.o(i.atan) refers to dscalb.o(.text) for __ARM_scalbn
    atan.o(i.atan) refers to ddiv.o(.text) for __aeabi_ddiv
    atan.o(i.atan) refers to dmul.o(.text) for __aeabi_dmul
    atan.o(i.atan) refers to poly.o(i.__kernel_poly) for __kernel_poly
    atan.o(i.atan) refers to atan.o(.constdata) for .constdata
    atan.o(.constdata) refers (Special) to iusefp.o(.text) for __I$use$fp
    atan_x.o(i.____softfp_atan$lsc) refers (Special) to iusefp.o(.text) for __I$use$fp
    atan_x.o(i.____softfp_atan$lsc) refers to atan_x.o(i.__atan$lsc) for __atan$lsc
    atan_x.o(i.__atan$lsc) refers (Special) to iusefp.o(.text) for __I$use$fp
    atan_x.o(i.__atan$lsc) refers to dunder.o(i.__mathlib_dbl_infnan) for __mathlib_dbl_infnan
    atan_x.o(i.__atan$lsc) refers to dadd.o(.text) for __aeabi_dadd
    atan_x.o(i.__atan$lsc) refers to dscalb.o(.text) for __ARM_scalbn
    atan_x.o(i.__atan$lsc) refers to ddiv.o(.text) for __aeabi_ddiv
    atan_x.o(i.__atan$lsc) refers to dmul.o(.text) for __aeabi_dmul
    atan_x.o(i.__atan$lsc) refers to poly.o(i.__kernel_poly) for __kernel_poly
    atan_x.o(i.__atan$lsc) refers to atan_x.o(.constdata) for .constdata
    atan_x.o(.constdata) refers (Special) to iusefp.o(.text) for __I$use$fp
    atan2.o(i.__softfp_atan2) refers (Special) to iusefp.o(.text) for __I$use$fp
    atan2.o(i.__softfp_atan2) refers to atan2.o(i.atan2) for atan2
    atan2.o(i.atan2) refers (Special) to iusefp.o(.text) for __I$use$fp
    atan2.o(i.atan2) refers to dunder.o(i.__mathlib_dbl_infnan2) for __mathlib_dbl_infnan2
    atan2.o(i.atan2) refers to atan.o(i.atan) for atan
    atan2.o(i.atan2) refers to ddiv.o(.text) for __aeabi_ddiv
    atan2.o(i.atan2) refers to dadd.o(.text) for __aeabi_dsub
    atan2.o(i.atan2) refers to cdcmple.o(.text) for __aeabi_cdcmpeq
    atan2.o(i.atan2) refers to errno.o(i.__set_errno) for __set_errno
    atan2.o(i.atan2) refers to qnan.o(.constdata) for __mathlib_zero
    atan2_x.o(i.____softfp_atan2$lsc) refers (Special) to iusefp.o(.text) for __I$use$fp
    atan2_x.o(i.____softfp_atan2$lsc) refers to atan2_x.o(i.__atan2$lsc) for __atan2$lsc
    atan2_x.o(i.__atan2$lsc) refers (Special) to iusefp.o(.text) for __I$use$fp
    atan2_x.o(i.__atan2$lsc) refers to dunder.o(i.__mathlib_dbl_infnan2) for __mathlib_dbl_infnan2
    atan2_x.o(i.__atan2$lsc) refers to atan.o(i.atan) for atan
    atan2_x.o(i.__atan2$lsc) refers to errno.o(i.__set_errno) for __set_errno
    atan2_x.o(i.__atan2$lsc) refers to ddiv.o(.text) for __aeabi_ddiv
    atan2_x.o(i.__atan2$lsc) refers to dadd.o(.text) for __aeabi_dsub
    atan2_x.o(i.__atan2$lsc) refers to cdcmple.o(.text) for __aeabi_cdcmpeq
    atan2_x.o(i.__atan2$lsc) refers to qnan.o(.constdata) for __mathlib_zero
    sqrt.o(i.__softfp_sqrt) refers (Special) to iusefp.o(.text) for __I$use$fp
    sqrt.o(i.__softfp_sqrt) refers to dsqrt.o(.text) for _dsqrt
    sqrt.o(i.__softfp_sqrt) refers to errno.o(i.__set_errno) for __set_errno
    sqrt.o(i.sqrt) refers (Special) to iusefp.o(.text) for __I$use$fp
    sqrt.o(i.sqrt) refers to dsqrt.o(.text) for _dsqrt
    sqrt.o(i.sqrt) refers to errno.o(i.__set_errno) for __set_errno
    sqrt_x.o(i.____softfp_sqrt$lsc) refers (Special) to iusefp.o(.text) for __I$use$fp
    sqrt_x.o(i.____softfp_sqrt$lsc) refers to cdcmple.o(.text) for __aeabi_cdcmple
    sqrt_x.o(i.____softfp_sqrt$lsc) refers to errno.o(i.__set_errno) for __set_errno
    sqrt_x.o(i.____softfp_sqrt$lsc) refers to dsqrt.o(.text) for _dsqrt
    sqrt_x.o(i.__sqrt$lsc) refers (Special) to iusefp.o(.text) for __I$use$fp
    sqrt_x.o(i.__sqrt$lsc) refers to cdcmple.o(.text) for __aeabi_cdcmple
    sqrt_x.o(i.__sqrt$lsc) refers to errno.o(i.__set_errno) for __set_errno
    sqrt_x.o(i.__sqrt$lsc) refers to dsqrt.o(.text) for _dsqrt
    entry.o(.ARM.Collect$$$$00000000) refers (Special) to entry10a.o(.ARM.Collect$$$$0000000F) for __rt_final_cpp
    entry.o(.ARM.Collect$$$$00000000) refers (Special) to entry11a.o(.ARM.Collect$$$$00000011) for __rt_final_exit
    entry.o(.ARM.Collect$$$$00000000) refers (Special) to entry12b.o(.ARM.Collect$$$$0000000E) for __rt_lib_shutdown_fini
    entry.o(.ARM.Collect$$$$00000000) refers (Special) to entry7b.o(.ARM.Collect$$$$00000008) for _main_clock
    entry.o(.ARM.Collect$$$$00000000) refers (Special) to entry8b.o(.ARM.Collect$$$$0000000A) for _main_cpp_init
    entry.o(.ARM.Collect$$$$00000000) refers (Special) to entry9a.o(.ARM.Collect$$$$0000000B) for _main_init
    entry.o(.ARM.Collect$$$$00000000) refers (Special) to entry5.o(.ARM.Collect$$$$00000004) for _main_scatterload
    entry.o(.ARM.Collect$$$$00000000) refers (Special) to entry2.o(.ARM.Collect$$$$00000001) for _main_stk
    printfb.o(i.__0fprintf$bare) refers to printfb.o(i._printf_core) for _printf_core
    printfb.o(i.__0fprintf$bare) refers to lq_uart.o(i.fputc) for fputc
    printfb.o(i.__0printf$bare) refers to printfb.o(i._printf_core) for _printf_core
    printfb.o(i.__0printf$bare) refers to lq_uart.o(i.fputc) for fputc
    printfb.o(i.__0printf$bare) refers to stdout.o(.data) for __stdout
    printfb.o(i.__0snprintf$bare) refers to printfb.o(i._printf_core) for _printf_core
    printfb.o(i.__0snprintf$bare) refers to printfb.o(i._snputc) for _snputc
    printfb.o(i.__0sprintf$bare) refers to printfb.o(i._printf_core) for _printf_core
    printfb.o(i.__0sprintf$bare) refers to printfb.o(i._sputc) for _sputc
    printfb.o(i.__0vfprintf$bare) refers to printfb.o(i._printf_core) for _printf_core
    printfb.o(i.__0vfprintf$bare) refers to lq_uart.o(i.fputc) for fputc
    printfb.o(i.__0vprintf$bare) refers to printfb.o(i._printf_core) for _printf_core
    printfb.o(i.__0vprintf$bare) refers to lq_uart.o(i.fputc) for fputc
    printfb.o(i.__0vprintf$bare) refers to stdout.o(.data) for __stdout
    printfb.o(i.__0vsnprintf$bare) refers to printfb.o(i._printf_core) for _printf_core
    printfb.o(i.__0vsnprintf$bare) refers to printfb.o(i._snputc) for _snputc
    printfb.o(i.__0vsprintf$bare) refers to printfb.o(i._printf_core) for _printf_core
    printfb.o(i.__0vsprintf$bare) refers to printfb.o(i._sputc) for _sputc
    printf0.o(i.__0fprintf$0) refers to printf0.o(i._printf_core) for _printf_core
    printf0.o(i.__0fprintf$0) refers to lq_uart.o(i.fputc) for fputc
    printf0.o(i.__0printf$0) refers to printf0.o(i._printf_core) for _printf_core
    printf0.o(i.__0printf$0) refers to lq_uart.o(i.fputc) for fputc
    printf0.o(i.__0printf$0) refers to stdout.o(.data) for __stdout
    printf0.o(i.__0snprintf$0) refers to printf0.o(i._printf_core) for _printf_core
    printf0.o(i.__0snprintf$0) refers to printf0.o(i._snputc) for _snputc
    printf0.o(i.__0sprintf$0) refers to printf0.o(i._printf_core) for _printf_core
    printf0.o(i.__0sprintf$0) refers to printf0.o(i._sputc) for _sputc
    printf0.o(i.__0vfprintf$0) refers to printf0.o(i._printf_core) for _printf_core
    printf0.o(i.__0vfprintf$0) refers to lq_uart.o(i.fputc) for fputc
    printf0.o(i.__0vprintf$0) refers to printf0.o(i._printf_core) for _printf_core
    printf0.o(i.__0vprintf$0) refers to lq_uart.o(i.fputc) for fputc
    printf0.o(i.__0vprintf$0) refers to stdout.o(.data) for __stdout
    printf0.o(i.__0vsnprintf$0) refers to printf0.o(i._printf_core) for _printf_core
    printf0.o(i.__0vsnprintf$0) refers to printf0.o(i._snputc) for _snputc
    printf0.o(i.__0vsprintf$0) refers to printf0.o(i._printf_core) for _printf_core
    printf0.o(i.__0vsprintf$0) refers to printf0.o(i._sputc) for _sputc
    printf1.o(i.__0fprintf$1) refers to printf1.o(i._printf_core) for _printf_core
    printf1.o(i.__0fprintf$1) refers to lq_uart.o(i.fputc) for fputc
    printf1.o(i.__0printf$1) refers to printf1.o(i._printf_core) for _printf_core
    printf1.o(i.__0printf$1) refers to lq_uart.o(i.fputc) for fputc
    printf1.o(i.__0printf$1) refers to stdout.o(.data) for __stdout
    printf1.o(i.__0snprintf$1) refers to printf1.o(i._printf_core) for _printf_core
    printf1.o(i.__0snprintf$1) refers to printf1.o(i._snputc) for _snputc
    printf1.o(i.__0sprintf$1) refers to printf1.o(i._printf_core) for _printf_core
    printf1.o(i.__0sprintf$1) refers to printf1.o(i._sputc) for _sputc
    printf1.o(i.__0vfprintf$1) refers to printf1.o(i._printf_core) for _printf_core
    printf1.o(i.__0vfprintf$1) refers to lq_uart.o(i.fputc) for fputc
    printf1.o(i.__0vprintf$1) refers to printf1.o(i._printf_core) for _printf_core
    printf1.o(i.__0vprintf$1) refers to lq_uart.o(i.fputc) for fputc
    printf1.o(i.__0vprintf$1) refers to stdout.o(.data) for __stdout
    printf1.o(i.__0vsnprintf$1) refers to printf1.o(i._printf_core) for _printf_core
    printf1.o(i.__0vsnprintf$1) refers to printf1.o(i._snputc) for _snputc
    printf1.o(i.__0vsprintf$1) refers to printf1.o(i._printf_core) for _printf_core
    printf1.o(i.__0vsprintf$1) refers to printf1.o(i._sputc) for _sputc
    printf1.o(i._printf_core) refers to uidiv.o(.text) for __aeabi_uidivmod
    printf2.o(i.__0fprintf$2) refers to printf2.o(i._printf_core) for _printf_core
    printf2.o(i.__0fprintf$2) refers to lq_uart.o(i.fputc) for fputc
    printf2.o(i.__0printf$2) refers to printf2.o(i._printf_core) for _printf_core
    printf2.o(i.__0printf$2) refers to lq_uart.o(i.fputc) for fputc
    printf2.o(i.__0printf$2) refers to stdout.o(.data) for __stdout
    printf2.o(i.__0snprintf$2) refers to printf2.o(i._printf_core) for _printf_core
    printf2.o(i.__0snprintf$2) refers to printf2.o(i._snputc) for _snputc
    printf2.o(i.__0sprintf$2) refers to printf2.o(i._printf_core) for _printf_core
    printf2.o(i.__0sprintf$2) refers to printf2.o(i._sputc) for _sputc
    printf2.o(i.__0vfprintf$2) refers to printf2.o(i._printf_core) for _printf_core
    printf2.o(i.__0vfprintf$2) refers to lq_uart.o(i.fputc) for fputc
    printf2.o(i.__0vprintf$2) refers to printf2.o(i._printf_core) for _printf_core
    printf2.o(i.__0vprintf$2) refers to lq_uart.o(i.fputc) for fputc
    printf2.o(i.__0vprintf$2) refers to stdout.o(.data) for __stdout
    printf2.o(i.__0vsnprintf$2) refers to printf2.o(i._printf_core) for _printf_core
    printf2.o(i.__0vsnprintf$2) refers to printf2.o(i._snputc) for _snputc
    printf2.o(i.__0vsprintf$2) refers to printf2.o(i._printf_core) for _printf_core
    printf2.o(i.__0vsprintf$2) refers to printf2.o(i._sputc) for _sputc
    printf3.o(i.__0fprintf$3) refers to printf3.o(i._printf_core) for _printf_core
    printf3.o(i.__0fprintf$3) refers to lq_uart.o(i.fputc) for fputc
    printf3.o(i.__0printf$3) refers to printf3.o(i._printf_core) for _printf_core
    printf3.o(i.__0printf$3) refers to lq_uart.o(i.fputc) for fputc
    printf3.o(i.__0printf$3) refers to stdout.o(.data) for __stdout
    printf3.o(i.__0snprintf$3) refers to printf3.o(i._printf_core) for _printf_core
    printf3.o(i.__0snprintf$3) refers to printf3.o(i._snputc) for _snputc
    printf3.o(i.__0sprintf$3) refers to printf3.o(i._printf_core) for _printf_core
    printf3.o(i.__0sprintf$3) refers to printf3.o(i._sputc) for _sputc
    printf3.o(i.__0vfprintf$3) refers to printf3.o(i._printf_core) for _printf_core
    printf3.o(i.__0vfprintf$3) refers to lq_uart.o(i.fputc) for fputc
    printf3.o(i.__0vprintf$3) refers to printf3.o(i._printf_core) for _printf_core
    printf3.o(i.__0vprintf$3) refers to lq_uart.o(i.fputc) for fputc
    printf3.o(i.__0vprintf$3) refers to stdout.o(.data) for __stdout
    printf3.o(i.__0vsnprintf$3) refers to printf3.o(i._printf_core) for _printf_core
    printf3.o(i.__0vsnprintf$3) refers to printf3.o(i._snputc) for _snputc
    printf3.o(i.__0vsprintf$3) refers to printf3.o(i._printf_core) for _printf_core
    printf3.o(i.__0vsprintf$3) refers to printf3.o(i._sputc) for _sputc
    printf3.o(i._printf_core) refers to uidiv.o(.text) for __aeabi_uidivmod
    printf4.o(i.__0fprintf$4) refers to printf4.o(i._printf_core) for _printf_core
    printf4.o(i.__0fprintf$4) refers to lq_uart.o(i.fputc) for fputc
    printf4.o(i.__0printf$4) refers to printf4.o(i._printf_core) for _printf_core
    printf4.o(i.__0printf$4) refers to lq_uart.o(i.fputc) for fputc
    printf4.o(i.__0printf$4) refers to stdout.o(.data) for __stdout
    printf4.o(i.__0snprintf$4) refers to printf4.o(i._printf_core) for _printf_core
    printf4.o(i.__0snprintf$4) refers to printf4.o(i._snputc) for _snputc
    printf4.o(i.__0sprintf$4) refers to printf4.o(i._printf_core) for _printf_core
    printf4.o(i.__0sprintf$4) refers to printf4.o(i._sputc) for _sputc
    printf4.o(i.__0vfprintf$4) refers to printf4.o(i._printf_core) for _printf_core
    printf4.o(i.__0vfprintf$4) refers to lq_uart.o(i.fputc) for fputc
    printf4.o(i.__0vprintf$4) refers to printf4.o(i._printf_core) for _printf_core
    printf4.o(i.__0vprintf$4) refers to lq_uart.o(i.fputc) for fputc
    printf4.o(i.__0vprintf$4) refers to stdout.o(.data) for __stdout
    printf4.o(i.__0vsnprintf$4) refers to printf4.o(i._printf_core) for _printf_core
    printf4.o(i.__0vsnprintf$4) refers to printf4.o(i._snputc) for _snputc
    printf4.o(i.__0vsprintf$4) refers to printf4.o(i._printf_core) for _printf_core
    printf4.o(i.__0vsprintf$4) refers to printf4.o(i._sputc) for _sputc
    printf4.o(i._printf_core) refers to uldiv.o(.text) for __aeabi_uldivmod
    printf5.o(i.__0fprintf$5) refers to printf5.o(i._printf_core) for _printf_core
    printf5.o(i.__0fprintf$5) refers to lq_uart.o(i.fputc) for fputc
    printf5.o(i.__0printf$5) refers to printf5.o(i._printf_core) for _printf_core
    printf5.o(i.__0printf$5) refers to lq_uart.o(i.fputc) for fputc
    printf5.o(i.__0printf$5) refers to stdout.o(.data) for __stdout
    printf5.o(i.__0snprintf$5) refers to printf5.o(i._printf_core) for _printf_core
    printf5.o(i.__0snprintf$5) refers to printf5.o(i._snputc) for _snputc
    printf5.o(i.__0sprintf$5) refers to printf5.o(i._printf_core) for _printf_core
    printf5.o(i.__0sprintf$5) refers to printf5.o(i._sputc) for _sputc
    printf5.o(i.__0vfprintf$5) refers to printf5.o(i._printf_core) for _printf_core
    printf5.o(i.__0vfprintf$5) refers to lq_uart.o(i.fputc) for fputc
    printf5.o(i.__0vprintf$5) refers to printf5.o(i._printf_core) for _printf_core
    printf5.o(i.__0vprintf$5) refers to lq_uart.o(i.fputc) for fputc
    printf5.o(i.__0vprintf$5) refers to stdout.o(.data) for __stdout
    printf5.o(i.__0vsnprintf$5) refers to printf5.o(i._printf_core) for _printf_core
    printf5.o(i.__0vsnprintf$5) refers to printf5.o(i._snputc) for _snputc
    printf5.o(i.__0vsprintf$5) refers to printf5.o(i._printf_core) for _printf_core
    printf5.o(i.__0vsprintf$5) refers to printf5.o(i._sputc) for _sputc
    printf5.o(i._printf_core) refers to uldiv.o(.text) for __aeabi_uldivmod
    printf6.o(i.__0fprintf$6) refers to printf6.o(i._printf_core) for _printf_core
    printf6.o(i.__0fprintf$6) refers to lq_uart.o(i.fputc) for fputc
    printf6.o(i.__0printf$6) refers to printf6.o(i._printf_core) for _printf_core
    printf6.o(i.__0printf$6) refers to lq_uart.o(i.fputc) for fputc
    printf6.o(i.__0printf$6) refers to stdout.o(.data) for __stdout
    printf6.o(i.__0snprintf$6) refers to printf6.o(i._printf_core) for _printf_core
    printf6.o(i.__0snprintf$6) refers to printf6.o(i._snputc) for _snputc
    printf6.o(i.__0sprintf$6) refers to printf6.o(i._printf_core) for _printf_core
    printf6.o(i.__0sprintf$6) refers to printf6.o(i._sputc) for _sputc
    printf6.o(i.__0vfprintf$6) refers to printf6.o(i._printf_core) for _printf_core
    printf6.o(i.__0vfprintf$6) refers to lq_uart.o(i.fputc) for fputc
    printf6.o(i.__0vprintf$6) refers to printf6.o(i._printf_core) for _printf_core
    printf6.o(i.__0vprintf$6) refers to lq_uart.o(i.fputc) for fputc
    printf6.o(i.__0vprintf$6) refers to stdout.o(.data) for __stdout
    printf6.o(i.__0vsnprintf$6) refers to printf6.o(i._printf_core) for _printf_core
    printf6.o(i.__0vsnprintf$6) refers to printf6.o(i._snputc) for _snputc
    printf6.o(i.__0vsprintf$6) refers to printf6.o(i._printf_core) for _printf_core
    printf6.o(i.__0vsprintf$6) refers to printf6.o(i._sputc) for _sputc
    printf6.o(i._printf_core) refers to printf6.o(i._printf_pre_padding) for _printf_pre_padding
    printf6.o(i._printf_core) refers to uidiv.o(.text) for __aeabi_uidivmod
    printf6.o(i._printf_core) refers to printf6.o(i._printf_post_padding) for _printf_post_padding
    printf7.o(i.__0fprintf$7) refers to printf7.o(i._printf_core) for _printf_core
    printf7.o(i.__0fprintf$7) refers to lq_uart.o(i.fputc) for fputc
    printf7.o(i.__0printf$7) refers to printf7.o(i._printf_core) for _printf_core
    printf7.o(i.__0printf$7) refers to lq_uart.o(i.fputc) for fputc
    printf7.o(i.__0printf$7) refers to stdout.o(.data) for __stdout
    printf7.o(i.__0snprintf$7) refers to printf7.o(i._printf_core) for _printf_core
    printf7.o(i.__0snprintf$7) refers to printf7.o(i._snputc) for _snputc
    printf7.o(i.__0sprintf$7) refers to printf7.o(i._printf_core) for _printf_core
    printf7.o(i.__0sprintf$7) refers to printf7.o(i._sputc) for _sputc
    printf7.o(i.__0vfprintf$7) refers to printf7.o(i._printf_core) for _printf_core
    printf7.o(i.__0vfprintf$7) refers to lq_uart.o(i.fputc) for fputc
    printf7.o(i.__0vprintf$7) refers to printf7.o(i._printf_core) for _printf_core
    printf7.o(i.__0vprintf$7) refers to lq_uart.o(i.fputc) for fputc
    printf7.o(i.__0vprintf$7) refers to stdout.o(.data) for __stdout
    printf7.o(i.__0vsnprintf$7) refers to printf7.o(i._printf_core) for _printf_core
    printf7.o(i.__0vsnprintf$7) refers to printf7.o(i._snputc) for _snputc
    printf7.o(i.__0vsprintf$7) refers to printf7.o(i._printf_core) for _printf_core
    printf7.o(i.__0vsprintf$7) refers to printf7.o(i._sputc) for _sputc
    printf7.o(i._printf_core) refers to printf7.o(i._printf_pre_padding) for _printf_pre_padding
    printf7.o(i._printf_core) refers to uldiv.o(.text) for __aeabi_uldivmod
    printf7.o(i._printf_core) refers to printf7.o(i._printf_post_padding) for _printf_post_padding
    printf8.o(i.__0fprintf$8) refers to printf8.o(i._printf_core) for _printf_core
    printf8.o(i.__0fprintf$8) refers to lq_uart.o(i.fputc) for fputc
    printf8.o(i.__0printf$8) refers to printf8.o(i._printf_core) for _printf_core
    printf8.o(i.__0printf$8) refers to lq_uart.o(i.fputc) for fputc
    printf8.o(i.__0printf$8) refers to stdout.o(.data) for __stdout
    printf8.o(i.__0snprintf$8) refers to printf8.o(i._printf_core) for _printf_core
    printf8.o(i.__0snprintf$8) refers to printf8.o(i._snputc) for _snputc
    printf8.o(i.__0sprintf$8) refers to printf8.o(i._printf_core) for _printf_core
    printf8.o(i.__0sprintf$8) refers to printf8.o(i._sputc) for _sputc
    printf8.o(i.__0vfprintf$8) refers to printf8.o(i._printf_core) for _printf_core
    printf8.o(i.__0vfprintf$8) refers to lq_uart.o(i.fputc) for fputc
    printf8.o(i.__0vprintf$8) refers to printf8.o(i._printf_core) for _printf_core
    printf8.o(i.__0vprintf$8) refers to lq_uart.o(i.fputc) for fputc
    printf8.o(i.__0vprintf$8) refers to stdout.o(.data) for __stdout
    printf8.o(i.__0vsnprintf$8) refers to printf8.o(i._printf_core) for _printf_core
    printf8.o(i.__0vsnprintf$8) refers to printf8.o(i._snputc) for _snputc
    printf8.o(i.__0vsprintf$8) refers to printf8.o(i._printf_core) for _printf_core
    printf8.o(i.__0vsprintf$8) refers to printf8.o(i._sputc) for _sputc
    printf8.o(i._printf_core) refers to printf8.o(i._printf_pre_padding) for _printf_pre_padding
    printf8.o(i._printf_core) refers to uldiv.o(.text) for __aeabi_uldivmod
    printf8.o(i._printf_core) refers to printf8.o(i._printf_post_padding) for _printf_post_padding
    printfa.o(i.__0fprintf) refers (Special) to iusefp.o(.text) for __I$use$fp
    printfa.o(i.__0fprintf) refers to printfa.o(i._printf_core) for _printf_core
    printfa.o(i.__0fprintf) refers to lq_uart.o(i.fputc) for fputc
    printfa.o(i.__0printf) refers (Special) to iusefp.o(.text) for __I$use$fp
    printfa.o(i.__0printf) refers to printfa.o(i._printf_core) for _printf_core
    printfa.o(i.__0printf) refers to lq_uart.o(i.fputc) for fputc
    printfa.o(i.__0printf) refers to stdout.o(.data) for __stdout
    printfa.o(i.__0snprintf) refers (Special) to iusefp.o(.text) for __I$use$fp
    printfa.o(i.__0snprintf) refers to printfa.o(i._printf_core) for _printf_core
    printfa.o(i.__0snprintf) refers to printfa.o(i._snputc) for _snputc
    printfa.o(i.__0sprintf) refers (Special) to iusefp.o(.text) for __I$use$fp
    printfa.o(i.__0sprintf) refers to printfa.o(i._printf_core) for _printf_core
    printfa.o(i.__0sprintf) refers to printfa.o(i._sputc) for _sputc
    printfa.o(i.__0vfprintf) refers (Special) to iusefp.o(.text) for __I$use$fp
    printfa.o(i.__0vfprintf) refers to printfa.o(i._printf_core) for _printf_core
    printfa.o(i.__0vfprintf) refers to lq_uart.o(i.fputc) for fputc
    printfa.o(i.__0vprintf) refers (Special) to iusefp.o(.text) for __I$use$fp
    printfa.o(i.__0vprintf) refers to printfa.o(i._printf_core) for _printf_core
    printfa.o(i.__0vprintf) refers to lq_uart.o(i.fputc) for fputc
    printfa.o(i.__0vprintf) refers to stdout.o(.data) for __stdout
    printfa.o(i.__0vsnprintf) refers (Special) to iusefp.o(.text) for __I$use$fp
    printfa.o(i.__0vsnprintf) refers to printfa.o(i._printf_core) for _printf_core
    printfa.o(i.__0vsnprintf) refers to printfa.o(i._snputc) for _snputc
    printfa.o(i.__0vsprintf) refers (Special) to iusefp.o(.text) for __I$use$fp
    printfa.o(i.__0vsprintf) refers to printfa.o(i._printf_core) for _printf_core
    printfa.o(i.__0vsprintf) refers to printfa.o(i._sputc) for _sputc
    printfa.o(i._fp_digits) refers (Special) to iusefp.o(.text) for __I$use$fp
    printfa.o(i._fp_digits) refers to dmul.o(.text) for __aeabi_dmul
    printfa.o(i._fp_digits) refers to ddiv.o(.text) for __aeabi_ddiv
    printfa.o(i._fp_digits) refers to cdrcmple.o(.text) for __aeabi_cdrcmple
    printfa.o(i._fp_digits) refers to dadd.o(.text) for __aeabi_dadd
    printfa.o(i._fp_digits) refers to dfixul.o(.text) for __aeabi_d2ulz
    printfa.o(i._fp_digits) refers to uldiv.o(.text) for __aeabi_uldivmod
    printfa.o(i._printf_core) refers (Special) to iusefp.o(.text) for __I$use$fp
    printfa.o(i._printf_core) refers to printfa.o(i._printf_pre_padding) for _printf_pre_padding
    printfa.o(i._printf_core) refers to uldiv.o(.text) for __aeabi_uldivmod
    printfa.o(i._printf_core) refers to printfa.o(i._printf_post_padding) for _printf_post_padding
    printfa.o(i._printf_core) refers to printfa.o(i._fp_digits) for _fp_digits
    printfa.o(i._printf_core) refers to uidiv.o(.text) for __aeabi_uidivmod
    printfa.o(i._printf_post_padding) refers (Special) to iusefp.o(.text) for __I$use$fp
    printfa.o(i._printf_pre_padding) refers (Special) to iusefp.o(.text) for __I$use$fp
    printfa.o(i._snputc) refers (Special) to iusefp.o(.text) for __I$use$fp
    printfa.o(i._sputc) refers (Special) to iusefp.o(.text) for __I$use$fp
    malloc.o(i.free) refers to mvars.o(.data) for __microlib_freelist
    malloc.o(i.malloc) refers to mvars.o(.data) for __microlib_freelist_initialised
    malloc.o(i.malloc) refers to mvars.o(.data) for __microlib_freelist
    malloc.o(i.malloc) refers to startup_mm32f327x_keil.o(HEAP) for __heap_base
    mallocr.o(i.__free$realloc) refers to mvars.o(.data) for __microlib_freelist
    mallocr.o(i.__malloc$realloc) refers to mallocr.o(i.internal_alloc) for internal_alloc
    mallocr.o(i.__malloc$realloc) refers to mvars.o(.data) for __microlib_freelist_initialised
    mallocr.o(i.__malloc$realloc) refers to startup_mm32f327x_keil.o(HEAP) for __heap_base
    mallocr.o(i.__malloc$realloc) refers to mvars.o(.data) for __microlib_freelist
    mallocr.o(i.internal_alloc) refers to memcpya.o(.text) for __aeabi_memcpy
    mallocr.o(i.internal_alloc) refers to mvars.o(.data) for __microlib_freelist
    mallocr.o(i.realloc) refers to mallocr.o(i.__free$realloc) for __free$realloc
    mallocr.o(i.realloc) refers to mallocr.o(i.internal_alloc) for internal_alloc
    mallocr.o(i.realloc) refers to mallocr.o(i.__malloc$realloc) for __malloc$realloc
    mallocr.o(i.realloc) refers to mvars.o(.data) for __microlib_freelist
    malloca.o(i.__aligned_malloc) refers to mvars.o(.data) for __microlib_freelist_initialised
    malloca.o(i.__aligned_malloc) refers to mvars.o(.data) for __microlib_freelist
    malloca.o(i.__aligned_malloc) refers to startup_mm32f327x_keil.o(HEAP) for __heap_base
    malloca.o(i.__free$memalign) refers to mvars.o(.data) for __microlib_freelist
    malloca.o(i.__malloc$memalign) refers to malloca.o(i.__aligned_malloc) for __aligned_malloc
    mallocra.o(i.__aligned_malloc$realloc) refers to mallocra.o(i.internal_alloc) for internal_alloc
    mallocra.o(i.__aligned_malloc$realloc) refers to mvars.o(.data) for __microlib_freelist_initialised
    mallocra.o(i.__aligned_malloc$realloc) refers to startup_mm32f327x_keil.o(HEAP) for __heap_base
    mallocra.o(i.__aligned_malloc$realloc) refers to mvars.o(.data) for __microlib_freelist
    mallocra.o(i.__free$realloc$memalign) refers to mvars.o(.data) for __microlib_freelist
    mallocra.o(i.__malloc$realloc$memalign) refers to mallocra.o(i.__aligned_malloc$realloc) for __aligned_malloc$realloc
    mallocra.o(i.__realloc$memalign) refers to mallocra.o(i.__free$realloc$memalign) for __free$realloc$memalign
    mallocra.o(i.__realloc$memalign) refers to mallocra.o(i.internal_alloc) for internal_alloc
    mallocra.o(i.__realloc$memalign) refers to mallocra.o(i.__malloc$realloc$memalign) for __malloc$realloc$memalign
    mallocra.o(i.__realloc$memalign) refers to mvars.o(.data) for __microlib_freelist
    mallocra.o(i.internal_alloc) refers to memcpya.o(.text) for __aeabi_memcpy
    mallocra.o(i.internal_alloc) refers to mvars.o(.data) for __microlib_freelist
    fadd.o(.text) refers (Special) to iusefp.o(.text) for __I$use$fp
    fadd.o(.text) refers to fepilogue.o(.text) for _float_epilogue
    fmul.o(.text) refers (Special) to iusefp.o(.text) for __I$use$fp
    fdiv.o(.text) refers (Special) to iusefp.o(.text) for __I$use$fp
    fdiv.o(.text) refers to fepilogue.o(.text) for _float_round
    dadd.o(.text) refers (Special) to iusefp.o(.text) for __I$use$fp
    dadd.o(.text) refers to llshl.o(.text) for __aeabi_llsl
    dadd.o(.text) refers to llsshr.o(.text) for __aeabi_lasr
    dadd.o(.text) refers to depilogue.o(.text) for _double_epilogue
    dmul.o(.text) refers (Special) to iusefp.o(.text) for __I$use$fp
    dmul.o(.text) refers to depilogue.o(.text) for _double_epilogue
    ddiv.o(.text) refers (Special) to iusefp.o(.text) for __I$use$fp
    ddiv.o(.text) refers to depilogue.o(.text) for _double_round
    fflti.o(.text) refers (Special) to iusefp.o(.text) for __I$use$fp
    fflti.o(.text) refers to fepilogue.o(.text) for _float_epilogue
    ffltui.o(.text) refers (Special) to iusefp.o(.text) for __I$use$fp
    ffltui.o(.text) refers to fepilogue.o(.text) for _float_epilogue
    dflti.o(.text) refers (Special) to iusefp.o(.text) for __I$use$fp
    dflti.o(.text) refers to depilogue.o(.text) for _double_epilogue
    dfltui.o(.text) refers (Special) to iusefp.o(.text) for __I$use$fp
    dfltui.o(.text) refers to depilogue.o(.text) for _double_epilogue
    ffixi.o(.text) refers (Special) to iusefp.o(.text) for __I$use$fp
    ffixui.o(.text) refers (Special) to iusefp.o(.text) for __I$use$fp
    dfixi.o(.text) refers (Special) to iusefp.o(.text) for __I$use$fp
    dfixi.o(.text) refers to llushr.o(.text) for __aeabi_llsr
    f2d.o(.text) refers (Special) to iusefp.o(.text) for __I$use$fp
    cdcmple.o(.text) refers (Special) to iusefp.o(.text) for __I$use$fp
    d2f.o(.text) refers (Special) to iusefp.o(.text) for __I$use$fp
    d2f.o(.text) refers to fepilogue.o(.text) for _float_round
    cfcmple.o(.text) refers (Special) to iusefp.o(.text) for __I$use$fp
    cfrcmple.o(.text) refers (Special) to iusefp.o(.text) for __I$use$fp
    dunder.o(i.__mathlib_dbl_divzero) refers to ddiv.o(.text) for __aeabi_ddiv
    dunder.o(i.__mathlib_dbl_infnan) refers to dscalb.o(.text) for __ARM_scalbn
    dunder.o(i.__mathlib_dbl_infnan2) refers to dadd.o(.text) for __aeabi_dadd
    dunder.o(i.__mathlib_dbl_invalid) refers to ddiv.o(.text) for __aeabi_ddiv
    dunder.o(i.__mathlib_dbl_overflow) refers to dscalb.o(.text) for __ARM_scalbn
    dunder.o(i.__mathlib_dbl_posinfnan) refers to dmul.o(.text) for __aeabi_dmul
    dunder.o(i.__mathlib_dbl_underflow) refers to dscalb.o(.text) for __ARM_scalbn
    fpclassify.o(i.__ARM_fpclassify) refers (Special) to iusefp.o(.text) for __I$use$fp
    poly.o(i.__kernel_poly) refers (Special) to iusefp.o(.text) for __I$use$fp
    poly.o(i.__kernel_poly) refers to dmul.o(.text) for __aeabi_dmul
    poly.o(i.__kernel_poly) refers to dadd.o(.text) for __aeabi_dadd
    qnan.o(.constdata) refers (Special) to iusefp.o(.text) for __I$use$fp
    entry2.o(.ARM.Collect$$$$00000001) refers to entry2.o(.ARM.Collect$$$$00002712) for __lit__00000000
    entry2.o(.ARM.Collect$$$$00002712) refers to startup_mm32f327x_keil.o(STACK) for __initial_sp
    entry2.o(__vectab_stack_and_reset_area) refers to startup_mm32f327x_keil.o(STACK) for __initial_sp
    entry2.o(__vectab_stack_and_reset_area) refers to entry.o(.ARM.Collect$$$$00000000) for __main
    entry5.o(.ARM.Collect$$$$00000004) refers to init.o(.text) for __scatterload
    entry9a.o(.ARM.Collect$$$$0000000B) refers to main.o(i.main) for main
    entry9b.o(.ARM.Collect$$$$0000000C) refers to main.o(i.main) for main
    uldiv.o(.text) refers to llushr.o(.text) for __aeabi_llsr
    uldiv.o(.text) refers to llshl.o(.text) for __aeabi_llsl
    errno.o(i.__aeabi_errno_addr) refers to errno.o(.data) for .data
    errno.o(i.__read_errno) refers to errno.o(.data) for .data
    errno.o(i.__set_errno) refers to errno.o(.data) for .data
    depilogue.o(.text) refers to llshl.o(.text) for __aeabi_llsl
    depilogue.o(.text) refers to llushr.o(.text) for __aeabi_llsr
    dsqrt.o(.text) refers to llushr.o(.text) for __aeabi_llsr
    dsqrt.o(.text) refers to depilogue.o(.text) for _double_round
    dfixul.o(.text) refers to llushr.o(.text) for __aeabi_llsr
    dfixul.o(.text) refers to llshl.o(.text) for __aeabi_llsl
    init.o(.text) refers to entry5.o(.ARM.Collect$$$$00000004) for __main_after_scatterload


==============================================================================

Removing Unused input sections from the image.

    Removing main.o(.rev16_text), (4 bytes).
    Removing main.o(.revsh_text), (4 bytes).
    Removing main.o(.rrx_text), (6 bytes).
    Removing lq_balance.o(.rev16_text), (4 bytes).
    Removing lq_balance.o(.revsh_text), (4 bytes).
    Removing lq_balance.o(.rrx_text), (6 bytes).
    Removing lq_balance.o(i.Square_detection), (424 bytes).
    Removing lq_balance.o(i.find_max), (52 bytes).
    Removing lq_balance.o(i.quanzhong_light), (84 bytes).
    Removing lq_balance.o(i.quanzhong_light_panduan), (372 bytes).
    Removing lq_anoscope.o(.rev16_text), (4 bytes).
    Removing lq_anoscope.o(.revsh_text), (4 bytes).
    Removing lq_anoscope.o(.rrx_text), (6 bytes).
    Removing lq_anoscope.o(i.ANO_DT_send_int16), (324 bytes).
    Removing lq_anoscope.o(i.ANO_DT_send_int16byte16), (324 bytes).
    Removing lq_anoscope.o(i.ANO_DT_send_int16byte18), (352 bytes).
    Removing lq_anoscope.o(.bss), (50 bytes).
    Removing lq_camera.o(.rev16_text), (4 bytes).
    Removing lq_camera.o(.revsh_text), (4 bytes).
    Removing lq_camera.o(.rrx_text), (6 bytes).
    Removing lq_camera.o(i.Bin_Image_Filter), (216 bytes).
    Removing lq_camera.o(i.CAMERA_Reprot), (140 bytes).
    Removing lq_camera.o(i.ConnectedComponentLabeling), (448 bytes).
    Removing lq_camera.o(i.PopQueue), (46 bytes).
    Removing lq_camera.o(i.PushQueue), (44 bytes).
    Removing lq_camera.o(i.SearchNeighbor_4), (208 bytes).
    Removing lq_camera.o(i.Seek_Road), (256 bytes).
    Removing lq_camera.o(i.Test_CAMERA), (84 bytes).
    Removing lq_gpio_exit.o(.rev16_text), (4 bytes).
    Removing lq_gpio_exit.o(.revsh_text), (4 bytes).
    Removing lq_gpio_exit.o(.rrx_text), (6 bytes).
    Removing lq_gpio_exit.o(i.Reed_Init), (20 bytes).
    Removing lq_gpio_exit.o(i.Test_GPIO_EXIT_Init), (26 bytes).
    Removing lq_gpio_key.o(.rev16_text), (4 bytes).
    Removing lq_gpio_key.o(.revsh_text), (4 bytes).
    Removing lq_gpio_key.o(.rrx_text), (6 bytes).
    Removing lq_gpio_key.o(i.KEY_Read), (76 bytes).
    Removing lq_gpio_key.o(i.KEY_Scan), (172 bytes).
    Removing lq_gpio_led.o(.rev16_text), (4 bytes).
    Removing lq_gpio_led.o(.revsh_text), (4 bytes).
    Removing lq_gpio_led.o(.rrx_text), (6 bytes).
    Removing lq_gpio_led.o(i.Test_GPIO_LED), (22 bytes).
    Removing lq_icm20689.o(.rev16_text), (4 bytes).
    Removing lq_icm20689.o(.revsh_text), (4 bytes).
    Removing lq_icm20689.o(.rrx_text), (6 bytes).
    Removing lq_icm20689.o(i.ICM_Get_Accelerometer), (62 bytes).
    Removing lq_icm20689.o(i.ICM_Get_Gyroscope), (62 bytes).
    Removing lq_icm20689.o(i.ICM_Get_Temperature), (100 bytes).
    Removing lq_icm20689.o(i.Test_ICM20689), (392 bytes).
    Removing lq_icm20689.o(i.icm20689_reset), (26 bytes).
    Removing lq_imageprocess.o(.rev16_text), (4 bytes).
    Removing lq_imageprocess.o(.revsh_text), (4 bytes).
    Removing lq_imageprocess.o(.rrx_text), (6 bytes).
    Removing lq_imageprocess.o(i.CameraCar), (336 bytes).
    Removing lq_imageprocess.o(i.TFT_Show_Camera_Info), (192 bytes).
    Removing lq_imageprocess.o(.constdata), (16 bytes).
    Removing lq_imageprocess.o(.data), (2 bytes).
    Removing lq_inductor.o(.rev16_text), (4 bytes).
    Removing lq_inductor.o(.revsh_text), (4 bytes).
    Removing lq_inductor.o(.rrx_text), (6 bytes).
    Removing lq_inductor.o(i.ElectroMagneticMWCar), (280 bytes).
    Removing lq_inductor.o(i.InductorInit), (28 bytes).
    Removing lq_inductor.o(i.InductorNormal), (448 bytes).
    Removing lq_inductor.o(i.TFT_Show_EleMag_Info), (348 bytes).
    Removing lq_inductor.o(.constdata), (16 bytes).
    Removing lq_inductor.o(.data), (68 bytes).
    Removing lq_motorservo.o(.rev16_text), (4 bytes).
    Removing lq_motorservo.o(.revsh_text), (4 bytes).
    Removing lq_motorservo.o(.rrx_text), (6 bytes).
    Removing lq_motorservo.o(i.MotorCtrl), (100 bytes).
    Removing lq_motorservo.o(i.MotorCtrl4w), (192 bytes).
    Removing lq_motorservo.o(i.OutInGarage), (552 bytes).
    Removing lq_motorservo.o(i.ReadOutInGarageMode), (10 bytes).
    Removing lq_motorservo.o(i.ServoCtrl), (26 bytes).
    Removing lq_motorservo.o(i.ServoInit), (34 bytes).
    Removing lq_motorservo.o(i.SetCircleNum), (272 bytes).
    Removing lq_motorservo.o(i.SpeedCtrl), (44 bytes).
    Removing lq_motorservo.o(i.TestMotor), (184 bytes).
    Removing lq_motorservo.o(i.TestServo), (176 bytes).
    Removing lq_motorservo.o(.constdata), (32 bytes).
    Removing lq_mt9v034.o(.rev16_text), (4 bytes).
    Removing lq_mt9v034.o(.revsh_text), (4 bytes).
    Removing lq_mt9v034.o(.rrx_text), (6 bytes).
    Removing lq_oled096.o(.rev16_text), (4 bytes).
    Removing lq_oled096.o(.revsh_text), (4 bytes).
    Removing lq_oled096.o(.rrx_text), (6 bytes).
    Removing lq_oled096.o(i.OLED_CLS), (56 bytes).
    Removing lq_oled096.o(i.OLED_ClrDot), (52 bytes).
    Removing lq_oled096.o(i.OLED_Fill), (56 bytes).
    Removing lq_oled096.o(i.OLED_Init), (252 bytes).
    Removing lq_oled096.o(i.OLED_P14x16Str), (256 bytes).
    Removing lq_oled096.o(i.OLED_P6x8Str), (100 bytes).
    Removing lq_oled096.o(i.OLED_P8x16Str), (136 bytes).
    Removing lq_oled096.o(i.OLED_PutPixel), (72 bytes).
    Removing lq_oled096.o(i.OLED_Rectangle), (212 bytes).
    Removing lq_oled096.o(i.OLED_Road), (202 bytes).
    Removing lq_oled096.o(i.OLED_Set_Pos), (36 bytes).
    Removing lq_oled096.o(i.OLED_Show_BMP), (120 bytes).
    Removing lq_oled096.o(i.OLED_Show_Frame80), (200 bytes).
    Removing lq_oled096.o(i.OLED_Show_Frame94), (200 bytes).
    Removing lq_oled096.o(i.OLED_Show_LQLogo), (56 bytes).
    Removing lq_oled096.o(i.OLED_WrCmd), (96 bytes).
    Removing lq_oled096.o(i.OLED_WrDat), (96 bytes).
    Removing lq_oled096.o(i.Test_OLED), (208 bytes).
    Removing lq_oled096.o(i.lq_oled_short_delay), (14 bytes).
    Removing lq_oled096.o(.constdata), (3715 bytes).
    Removing lq_pid.o(i.PidIncCtrl), (106 bytes).
    Removing lq_tft18.o(.rev16_text), (4 bytes).
    Removing lq_tft18.o(.revsh_text), (4 bytes).
    Removing lq_tft18.o(.rrx_text), (6 bytes).
    Removing lq_tft18.o(i.SPI2_Config), (116 bytes).
    Removing lq_tft18.o(i.SPI2_GPIO_Config), (156 bytes).
    Removing lq_tft18.o(i.TFTSPI_BinRoad2), (104 bytes).
    Removing lq_tft18.o(i.TFTSPI_BinRoad3), (100 bytes).
    Removing lq_tft18.o(i.TFTSPI_Draw_Circle), (190 bytes).
    Removing lq_tft18.o(i.TFTSPI_Draw_Dot), (28 bytes).
    Removing lq_tft18.o(i.TFTSPI_Draw_Line), (230 bytes).
    Removing lq_tft18.o(i.TFTSPI_Draw_Part), (82 bytes).
    Removing lq_tft18.o(i.TFTSPI_Draw_Rectangle), (74 bytes).
    Removing lq_tft18.o(i.TFTSPI_Fill_Area), (70 bytes).
    Removing lq_tft18.o(i.TFTSPI_P16x16Str), (236 bytes).
    Removing lq_tft18.o(i.TFTSPI_Show_Battery_Icon), (24 bytes).
    Removing lq_tft18.o(i.TFTSPI_Show_Logo), (28 bytes).
    Removing lq_tft18.o(i.TFTSPI_Show_Pic), (90 bytes).
    Removing lq_tft18.o(i.TFTSPI_Show_Pic2), (76 bytes).
    Removing lq_tft18.o(i.TFTSPI_Show_Title), (40 bytes).
    Removing lq_tft18.o(i.Test_TFT18), (464 bytes).
    Removing lq_tft18.o(i.tft18delay_1us), (14 bytes).
    Removing lq_demo_dmp.o(.rev16_text), (4 bytes).
    Removing lq_demo_dmp.o(.revsh_text), (4 bytes).
    Removing lq_demo_dmp.o(.rrx_text), (6 bytes).
    Removing lq_demo_dmp.o(i.Test_LQDMP), (468 bytes).
    Removing lq_demo_dmp.o(.data), (8 bytes).
    Removing lq_i2c_mpu9250.o(.rev16_text), (4 bytes).
    Removing lq_i2c_mpu9250.o(.revsh_text), (4 bytes).
    Removing lq_i2c_mpu9250.o(.rrx_text), (6 bytes).
    Removing lq_i2c_mpu9250.o(i.MPU9250_Get_Accelerometer), (80 bytes).
    Removing lq_i2c_mpu9250.o(i.MPU9250_Get_Angle), (296 bytes).
    Removing lq_i2c_mpu9250.o(i.MPU9250_Get_Gyroscope), (80 bytes).
    Removing lq_i2c_mpu9250.o(i.MPU9250_Get_Magnetometer), (88 bytes).
    Removing lq_i2c_mpu9250.o(i.MPU9250_Get_Raw_data), (144 bytes).
    Removing lq_i2c_mpu9250.o(i.MPU9250_Get_Temperature), (96 bytes).
    Removing lq_i2c_mpu9250.o(i.MPU9250_Init), (496 bytes).
    Removing lq_i2c_mpu9250.o(i.MPU9250_Read_Byte), (24 bytes).
    Removing lq_i2c_mpu9250.o(i.MPU9250_Read_Len), (30 bytes).
    Removing lq_i2c_mpu9250.o(i.MPU9250_Set_Accel_Fsr), (18 bytes).
    Removing lq_i2c_mpu9250.o(i.MPU9250_Set_Gyro_Fsr), (18 bytes).
    Removing lq_i2c_mpu9250.o(i.MPU9250_Set_LPF), (60 bytes).
    Removing lq_i2c_mpu9250.o(i.MPU9250_Set_Rate), (58 bytes).
    Removing lq_i2c_mpu9250.o(i.MPU9250_Write_Byte), (22 bytes).
    Removing lq_i2c_mpu9250.o(i.MPU9250_Write_Len), (30 bytes).
    Removing lq_i2c_mpu9250.o(i.Test_MPU9250), (508 bytes).
    Removing lq_i2c_mpu9250.o(i.delayms_mpu9250), (18 bytes).
    Removing lq_i2c_mpu9250.o(i.mget_ms), (2 bytes).
    Removing lq_i2c_mpu6050.o(.rev16_text), (4 bytes).
    Removing lq_i2c_mpu6050.o(.revsh_text), (4 bytes).
    Removing lq_i2c_mpu6050.o(.rrx_text), (6 bytes).
    Removing lq_i2c_mpu6050.o(i.MPU6050_Get_Accelerometer), (80 bytes).
    Removing lq_i2c_mpu6050.o(i.MPU6050_Get_Angle), (296 bytes).
    Removing lq_i2c_mpu6050.o(i.MPU6050_Get_Gyroscope), (80 bytes).
    Removing lq_i2c_mpu6050.o(i.MPU6050_Get_Raw_data), (144 bytes).
    Removing lq_i2c_mpu6050.o(i.MPU6050_Get_Temperature), (96 bytes).
    Removing lq_i2c_mpu6050.o(i.MPU6050_Init), (168 bytes).
    Removing lq_i2c_mpu6050.o(i.MPU6050_Read_Byte), (24 bytes).
    Removing lq_i2c_mpu6050.o(i.MPU6050_Read_Len), (30 bytes).
    Removing lq_i2c_mpu6050.o(i.MPU6050_Set_Accel_Fsr), (18 bytes).
    Removing lq_i2c_mpu6050.o(i.MPU6050_Set_Gyro_Fsr), (18 bytes).
    Removing lq_i2c_mpu6050.o(i.MPU6050_Set_LPF), (60 bytes).
    Removing lq_i2c_mpu6050.o(i.MPU6050_Set_Rate), (58 bytes).
    Removing lq_i2c_mpu6050.o(i.MPU6050_Write_Byte), (22 bytes).
    Removing lq_i2c_mpu6050.o(i.MPU6050_Write_Len), (30 bytes).
    Removing lq_i2c_mpu6050.o(i.Test_MPU6050), (348 bytes).
    Removing lq_i2c_mpu6050.o(i.delayms_mpu6050), (18 bytes).
    Removing startup_mm32f327x_keil.o(HEAP), (512 bytes).
    Removing system_mm32f327x.o(.rev16_text), (4 bytes).
    Removing system_mm32f327x.o(.revsh_text), (4 bytes).
    Removing system_mm32f327x.o(.rrx_text), (6 bytes).
    Removing hal_adc.o(.rev16_text), (4 bytes).
    Removing hal_adc.o(.revsh_text), (4 bytes).
    Removing hal_adc.o(.rrx_text), (6 bytes).
    Removing hal_adc.o(i.ADC_ANY_CH_Config), (70 bytes).
    Removing hal_adc.o(i.ADC_ANY_Cmd), (22 bytes).
    Removing hal_adc.o(i.ADC_ANY_NUM_Config), (10 bytes).
    Removing hal_adc.o(i.ADC_AnalogWatchdogCmd), (22 bytes).
    Removing hal_adc.o(i.ADC_AnalogWatchdogSingleChannelConfig), (18 bytes).
    Removing hal_adc.o(i.ADC_AnalogWatchdogThresholdsConfig), (12 bytes).
    Removing hal_adc.o(i.ADC_AutoInjectedConvCmd), (22 bytes).
    Removing hal_adc.o(i.ADC_ClearFlag), (24 bytes).
    Removing hal_adc.o(i.ADC_ClearITPendingBit), (24 bytes).
    Removing hal_adc.o(i.ADC_Cmd), (22 bytes).
    Removing hal_adc.o(i.ADC_DMACmd), (22 bytes).
    Removing hal_adc.o(i.ADC_DeInit), (64 bytes).
    Removing hal_adc.o(i.ADC_ExternalTrigConvCmd), (22 bytes).
    Removing hal_adc.o(i.ADC_ExternalTrigConvConfig), (20 bytes).
    Removing hal_adc.o(i.ADC_ExternalTrigInjectedConvCmd), (22 bytes).
    Removing hal_adc.o(i.ADC_ExternalTrigInjectedConvertConfig), (16 bytes).
    Removing hal_adc.o(i.ADC_GetChannelConvertedValue), (14 bytes).
    Removing hal_adc.o(i.ADC_GetConversionValue), (8 bytes).
    Removing hal_adc.o(i.ADC_GetDualModeConversionValue), (12 bytes).
    Removing hal_adc.o(i.ADC_GetFlagStatus), (22 bytes).
    Removing hal_adc.o(i.ADC_GetITStatus), (22 bytes).
    Removing hal_adc.o(i.ADC_GetInjectedConversionValue), (20 bytes).
    Removing hal_adc.o(i.ADC_GetInjectedCurrentConvertedValue), (10 bytes).
    Removing hal_adc.o(i.ADC_GetSoftwareStartConvStatus), (10 bytes).
    Removing hal_adc.o(i.ADC_ITConfig), (48 bytes).
    Removing hal_adc.o(i.ADC_Init), (52 bytes).
    Removing hal_adc.o(i.ADC_InjectedConvCmd), (22 bytes).
    Removing hal_adc.o(i.ADC_InjectedSequencerChannelConfig), (40 bytes).
    Removing hal_adc.o(i.ADC_InjectedSequencerConfig), (30 bytes).
    Removing hal_adc.o(i.ADC_InjectedSequencerLengthConfig), (22 bytes).
    Removing hal_adc.o(i.ADC_RegularChannelConfig), (116 bytes).
    Removing hal_adc.o(i.ADC_SetInjectedOffset), (8 bytes).
    Removing hal_adc.o(i.ADC_SoftwareStartConvCmd), (22 bytes).
    Removing hal_adc.o(i.ADC_SoftwareStartInjectedConvCmd), (22 bytes).
    Removing hal_adc.o(i.ADC_StructInit), (16 bytes).
    Removing hal_adc.o(i.ADC_TempSensorCmd), (12 bytes).
    Removing hal_adc.o(i.ADC_TempSensorVrefintCmd), (36 bytes).
    Removing hal_adc.o(i.ADC_VrefintCmd), (12 bytes).
    Removing hal_adc.o(i.exADC_TempSensorVrefintCmd), (76 bytes).
    Removing hal_bkp.o(.rev16_text), (4 bytes).
    Removing hal_bkp.o(.revsh_text), (4 bytes).
    Removing hal_bkp.o(.rrx_text), (6 bytes).
    Removing hal_bkp.o(i.BKP_ClearFlag), (20 bytes).
    Removing hal_bkp.o(i.BKP_ClearITPendingBit), (20 bytes).
    Removing hal_bkp.o(i.BKP_DeInit), (16 bytes).
    Removing hal_bkp.o(i.BKP_GetFlagStatus), (16 bytes).
    Removing hal_bkp.o(i.BKP_GetITStatus), (16 bytes).
    Removing hal_bkp.o(i.BKP_ITConfig), (36 bytes).
    Removing hal_bkp.o(i.BKP_RTCOutputConfig), (20 bytes).
    Removing hal_bkp.o(i.BKP_ReadBackupRegister), (16 bytes).
    Removing hal_bkp.o(i.BKP_SetRTCCalibrationValue), (20 bytes).
    Removing hal_bkp.o(i.BKP_TamperPinCmd), (36 bytes).
    Removing hal_bkp.o(i.BKP_TamperPinLevelConfig), (12 bytes).
    Removing hal_bkp.o(i.BKP_WriteBackupRegister), (16 bytes).
    Removing hal_bkp.o(i.exBKP_ImmRead), (44 bytes).
    Removing hal_bkp.o(i.exBKP_ImmWrite), (40 bytes).
    Removing hal_bkp.o(i.exBKP_Init), (36 bytes).
    Removing hal_can.o(.rev16_text), (4 bytes).
    Removing hal_can.o(.revsh_text), (4 bytes).
    Removing hal_can.o(.rrx_text), (6 bytes).
    Removing hal_can.o(i.CAN_AutoCfg_BaudParam), (122 bytes).
    Removing hal_can.o(i.CAN_CancelTransmit), (6 bytes).
    Removing hal_can.o(i.CAN_ClearDataOverflow), (10 bytes).
    Removing hal_can.o(i.CAN_ClearITPendingBit), (8 bytes).
    Removing hal_can.o(i.CAN_DeInit), (14 bytes).
    Removing hal_can.o(i.CAN_FIFORelease), (10 bytes).
    Removing hal_can.o(i.CAN_FilterInit), (20 bytes).
    Removing hal_can.o(i.CAN_GetFlagStatus), (18 bytes).
    Removing hal_can.o(i.CAN_GetITStatus), (22 bytes).
    Removing hal_can.o(i.CAN_ITConfig), (18 bytes).
    Removing hal_can.o(i.CAN_Init), (110 bytes).
    Removing hal_can.o(i.CAN_Mode_Cmd), (8 bytes).
    Removing hal_can.o(i.CAN_Peli_FilterInit), (88 bytes).
    Removing hal_can.o(i.CAN_Peli_FilterStructInit), (20 bytes).
    Removing hal_can.o(i.CAN_Peli_GetITStatus), (24 bytes).
    Removing hal_can.o(i.CAN_Peli_GetLSBTransmitErrorCounter), (12 bytes).
    Removing hal_can.o(i.CAN_Peli_GetLastErrorCode), (12 bytes).
    Removing hal_can.o(i.CAN_Peli_GetReceiveErrorCounter), (12 bytes).
    Removing hal_can.o(i.CAN_Peli_GetRxFIFOInfo), (12 bytes).
    Removing hal_can.o(i.CAN_Peli_ITConfig), (32 bytes).
    Removing hal_can.o(i.CAN_Peli_Init), (168 bytes).
    Removing hal_can.o(i.CAN_Peli_Receive), (248 bytes).
    Removing hal_can.o(i.CAN_Peli_SleepMode_Cmd), (36 bytes).
    Removing hal_can.o(i.CAN_Peli_StructInit), (26 bytes).
    Removing hal_can.o(i.CAN_Peli_Transmit), (212 bytes).
    Removing hal_can.o(i.CAN_Peli_TransmitRepeat), (212 bytes).
    Removing hal_can.o(i.CAN_Receive), (116 bytes).
    Removing hal_can.o(i.CAN_ResetMode_Cmd), (24 bytes).
    Removing hal_can.o(i.CAN_Sleep), (18 bytes).
    Removing hal_can.o(i.CAN_StructInit), (24 bytes).
    Removing hal_can.o(i.CAN_Transmit), (72 bytes).
    Removing hal_can.o(i.CAN_WakeUp), (22 bytes).
    Removing hal_comp.o(.rev16_text), (4 bytes).
    Removing hal_comp.o(.revsh_text), (4 bytes).
    Removing hal_comp.o(.rrx_text), (6 bytes).
    Removing hal_comp.o(i.COMP_Cmd), (36 bytes).
    Removing hal_comp.o(i.COMP_DeInit), (12 bytes).
    Removing hal_comp.o(i.COMP_GetOutputLevel), (28 bytes).
    Removing hal_comp.o(i.COMP_Init), (40 bytes).
    Removing hal_comp.o(i.COMP_LockConfig), (20 bytes).
    Removing hal_comp.o(i.COMP_SetCrv), (32 bytes).
    Removing hal_comp.o(i.COMP_StructInit), (28 bytes).
    Removing hal_comp.o(i.COMP_SwitchCmd), (36 bytes).
    Removing hal_comp.o(i.exCOMP_CrvCmd), (36 bytes).
    Removing hal_comp.o(i.exCOMP_CrvSrc), (16 bytes).
    Removing hal_comp.o(i.exCOMP_SwitchCrv), (16 bytes).
    Removing hal_crc.o(.rev16_text), (4 bytes).
    Removing hal_crc.o(.revsh_text), (4 bytes).
    Removing hal_crc.o(.rrx_text), (6 bytes).
    Removing hal_crc.o(i.CRC_CalcBlockCRC), (36 bytes).
    Removing hal_crc.o(i.CRC_CalcCRC), (16 bytes).
    Removing hal_crc.o(i.CRC_GetCRC), (12 bytes).
    Removing hal_crc.o(i.CRC_GetIDRegister), (12 bytes).
    Removing hal_crc.o(i.CRC_ResetDR), (12 bytes).
    Removing hal_crc.o(i.CRC_SetIDRegister), (12 bytes).
    Removing hal_crs.o(.rev16_text), (4 bytes).
    Removing hal_crs.o(.revsh_text), (4 bytes).
    Removing hal_crs.o(.rrx_text), (6 bytes).
    Removing hal_dac.o(.rev16_text), (4 bytes).
    Removing hal_dac.o(.revsh_text), (4 bytes).
    Removing hal_dac.o(.rrx_text), (6 bytes).
    Removing hal_dac.o(i.DAC_Cmd), (40 bytes).
    Removing hal_dac.o(i.DAC_DMACmd), (44 bytes).
    Removing hal_dac.o(i.DAC_DeInit), (12 bytes).
    Removing hal_dac.o(i.DAC_DualSoftwareTriggerCmd), (36 bytes).
    Removing hal_dac.o(i.DAC_GetDataOutputValue), (20 bytes).
    Removing hal_dac.o(i.DAC_Init), (48 bytes).
    Removing hal_dac.o(i.DAC_SetChannel1Data), (16 bytes).
    Removing hal_dac.o(i.DAC_SetChannel2Data), (16 bytes).
    Removing hal_dac.o(i.DAC_SetDualChannelData), (32 bytes).
    Removing hal_dac.o(i.DAC_SoftwareTriggerCmd), (44 bytes).
    Removing hal_dac.o(i.DAC_StructInit), (12 bytes).
    Removing hal_dac.o(i.DAC_WaveGenerationCmd), (40 bytes).
    Removing hal_dbg.o(.rev16_text), (4 bytes).
    Removing hal_dbg.o(.revsh_text), (4 bytes).
    Removing hal_dbg.o(.rrx_text), (6 bytes).
    Removing hal_dbg.o(i.DBGMCU_Configure), (40 bytes).
    Removing hal_dma.o(.rev16_text), (4 bytes).
    Removing hal_dma.o(.revsh_text), (4 bytes).
    Removing hal_dma.o(.rrx_text), (6 bytes).
    Removing hal_dma.o(i.DMA_ClearITPendingBit), (28 bytes).
    Removing hal_dma.o(i.DMA_GetCurrDataCounter), (8 bytes).
    Removing hal_dma.o(i.DMA_GetFlagStatus), (48 bytes).
    Removing hal_dma.o(i.DMA_SetCurrDataCounter), (4 bytes).
    Removing hal_dma.o(i.DMA_StructInit), (28 bytes).
    Removing hal_dma.o(i.exDMA_ClearITPendingBit), (76 bytes).
    Removing hal_dma.o(i.exDMA_SetMemoryAddress), (4 bytes).
    Removing hal_dma.o(i.exDMA_SetPeripheralAddress), (4 bytes).
    Removing hal_dma.o(i.exDMA_SetTransmitLen), (4 bytes).
    Removing hal_eth.o(.rev16_text), (4 bytes).
    Removing hal_eth.o(.revsh_text), (4 bytes).
    Removing hal_eth.o(.rrx_text), (6 bytes).
    Removing hal_eth.o(i.ETH_BackPressureActivationCmd), (36 bytes).
    Removing hal_eth.o(i.ETH_CheckFrameReceived), (208 bytes).
    Removing hal_eth.o(i.ETH_DMAClearFlag), (12 bytes).
    Removing hal_eth.o(i.ETH_DMAClearITPendingBit), (12 bytes).
    Removing hal_eth.o(i.ETH_DMAITConfig), (32 bytes).
    Removing hal_eth.o(i.ETH_DMAReceptionCmd), (36 bytes).
    Removing hal_eth.o(i.ETH_DMARxDescChainInit), (100 bytes).
    Removing hal_eth.o(i.ETH_DMARxDescReceiveITConfig), (22 bytes).
    Removing hal_eth.o(i.ETH_DMATransmissionCmd), (36 bytes).
    Removing hal_eth.o(i.ETH_DMATxDescBufferSizeConfig), (14 bytes).
    Removing hal_eth.o(i.ETH_DMATxDescCRCCmd), (22 bytes).
    Removing hal_eth.o(i.ETH_DMATxDescChainInit), (80 bytes).
    Removing hal_eth.o(i.ETH_DMATxDescChecksumInsertionConfig), (8 bytes).
    Removing hal_eth.o(i.ETH_DMATxDescFrameSegmentConfig), (8 bytes).
    Removing hal_eth.o(i.ETH_DMATxDescSecondAddressChainedCmd), (22 bytes).
    Removing hal_eth.o(i.ETH_DMATxDescShortFramePaddingCmd), (22 bytes).
    Removing hal_eth.o(i.ETH_DMATxDescTransmitITConfig), (22 bytes).
    Removing hal_eth.o(i.ETH_DeInit), (22 bytes).
    Removing hal_eth.o(i.ETH_FlushTransmitFIFO), (20 bytes).
    Removing hal_eth.o(i.ETH_GetBufferUnavailableMissedFrameCounter), (12 bytes).
    Removing hal_eth.o(i.ETH_GetCurrentRxBufferAddress), (12 bytes).
    Removing hal_eth.o(i.ETH_GetCurrentRxDescStartAddress), (12 bytes).
    Removing hal_eth.o(i.ETH_GetCurrentTxBufferAddress), (12 bytes).
    Removing hal_eth.o(i.ETH_GetCurrentTxDescStartAddress), (12 bytes).
    Removing hal_eth.o(i.ETH_GetDMAFlagStatus), (16 bytes).
    Removing hal_eth.o(i.ETH_GetDMAITStatus), (16 bytes).
    Removing hal_eth.o(i.ETH_GetDMAOverflowStatus), (16 bytes).
    Removing hal_eth.o(i.ETH_GetDMARxDescBufferSize), (20 bytes).
    Removing hal_eth.o(i.ETH_GetDMARxDescFlagStatus), (10 bytes).
    Removing hal_eth.o(i.ETH_GetDMARxDescFrameLength), (10 bytes).
    Removing hal_eth.o(i.ETH_GetDMATxDescCollisionCount), (10 bytes).
    Removing hal_eth.o(i.ETH_GetDMATxDescFlagStatus), (10 bytes).
    Removing hal_eth.o(i.ETH_GetFlowControlBusyStatus), (16 bytes).
    Removing hal_eth.o(i.ETH_GetFlushTransmitFIFOStatus), (12 bytes).
    Removing hal_eth.o(i.ETH_GetMACAddress), (64 bytes).
    Removing hal_eth.o(i.ETH_GetMMCITStatus), (68 bytes).
    Removing hal_eth.o(i.ETH_GetMMCRegister), (12 bytes).
    Removing hal_eth.o(i.ETH_GetPMTFlagStatus), (16 bytes).
    Removing hal_eth.o(i.ETH_GetReceiveProcessState), (16 bytes).
    Removing hal_eth.o(i.ETH_GetRxOverflowMissedFrameCounter), (16 bytes).
    Removing hal_eth.o(i.ETH_GetRxPktSize), (42 bytes).
    Removing hal_eth.o(i.ETH_GetSoftwareResetStatus), (16 bytes).
    Removing hal_eth.o(i.ETH_GetTransmitProcessState), (16 bytes).
    Removing hal_eth.o(i.ETH_Get_Received_Frame), (68 bytes).
    Removing hal_eth.o(i.ETH_Get_Received_Frame_interrupt), (284 bytes).
    Removing hal_eth.o(i.ETH_GlobalUnicastWakeUpCmd), (36 bytes).
    Removing hal_eth.o(i.ETH_Init), (608 bytes).
    Removing hal_eth.o(i.ETH_InitiatePauseControlFrame), (20 bytes).
    Removing hal_eth.o(i.ETH_MACAddressConfig), (48 bytes).
    Removing hal_eth.o(i.ETH_MACAddressFilterConfig), (44 bytes).
    Removing hal_eth.o(i.ETH_MACAddressMaskBytesFilterConfig), (36 bytes).
    Removing hal_eth.o(i.ETH_MACAddressPerfectFilterCmd), (44 bytes).
    Removing hal_eth.o(i.ETH_MACReceptionCmd), (36 bytes).
    Removing hal_eth.o(i.ETH_MACTransmissionCmd), (36 bytes).
    Removing hal_eth.o(i.ETH_MMCCounterFreezeCmd), (44 bytes).
    Removing hal_eth.o(i.ETH_MMCCounterFullPreset), (24 bytes).
    Removing hal_eth.o(i.ETH_MMCCounterHalfPreset), (40 bytes).
    Removing hal_eth.o(i.ETH_MMCCounterRolloverCmd), (44 bytes).
    Removing hal_eth.o(i.ETH_MMCCountersReset), (24 bytes).
    Removing hal_eth.o(i.ETH_MMCITConfig), (84 bytes).
    Removing hal_eth.o(i.ETH_MMCResetOnReadCmd), (44 bytes).
    Removing hal_eth.o(i.ETH_MagicPacketDetectionCmd), (36 bytes).
    Removing hal_eth.o(i.ETH_PHYLoopBackCmd), (48 bytes).
    Removing hal_eth.o(i.ETH_PowerDownCmd), (36 bytes).
    Removing hal_eth.o(i.ETH_Prepare_Transmit_Descriptors), (220 bytes).
    Removing hal_eth.o(i.ETH_ReadPHYRegister), (84 bytes).
    Removing hal_eth.o(i.ETH_ResetWakeUpFrameFilterRegisterPointer), (20 bytes).
    Removing hal_eth.o(i.ETH_ResumeDMAReception), (12 bytes).
    Removing hal_eth.o(i.ETH_ResumeDMATransmission), (12 bytes).
    Removing hal_eth.o(i.ETH_SetDMARxDescOwnBit), (10 bytes).
    Removing hal_eth.o(i.ETH_SetDMATxDescOwnBit), (10 bytes).
    Removing hal_eth.o(i.ETH_SetReceiveWatchdogTimer), (12 bytes).
    Removing hal_eth.o(i.ETH_SetWakeUpFrameFilterRegister), (28 bytes).
    Removing hal_eth.o(i.ETH_SoftwareReset), (20 bytes).
    Removing hal_eth.o(i.ETH_Start), (32 bytes).
    Removing hal_eth.o(i.ETH_Stop), (32 bytes).
    Removing hal_eth.o(i.ETH_StructInit), (174 bytes).
    Removing hal_eth.o(i.ETH_WakeUpFrameDetectionCmd), (36 bytes).
    Removing hal_eth.o(i.ETH_WritePHYRegister), (68 bytes).
    Removing hal_eth.o(.bss), (12 bytes).
    Removing hal_eth.o(.data), (16 bytes).
    Removing hal_exti.o(.rev16_text), (4 bytes).
    Removing hal_exti.o(.revsh_text), (4 bytes).
    Removing hal_exti.o(.rrx_text), (6 bytes).
    Removing hal_exti.o(i.EXTI_ClearITPendingBit), (12 bytes).
    Removing hal_exti.o(i.EXTI_DeInit), (64 bytes).
    Removing hal_exti.o(i.EXTI_GenerateSWInterrupt), (16 bytes).
    Removing hal_exti.o(i.EXTI_GetFlagStatus), (24 bytes).
    Removing hal_exti.o(i.EXTI_StructInit), (16 bytes).
    Removing hal_exti.o(i.exEXTI_GetAllFlagStatus), (12 bytes).
    Removing hal_exti.o(i.exEXTI_LineDisable), (48 bytes).
    Removing hal_flash.o(.rev16_text), (4 bytes).
    Removing hal_flash.o(.revsh_text), (4 bytes).
    Removing hal_flash.o(.rrx_text), (6 bytes).
    Removing hal_flash.o(i.FLASH_ClearFlag), (12 bytes).
    Removing hal_flash.o(i.FLASH_EnableWriteProtection), (56 bytes).
    Removing hal_flash.o(i.FLASH_EraseAllPages), (36 bytes).
    Removing hal_flash.o(i.FLASH_EraseOptionBytes), (40 bytes).
    Removing hal_flash.o(i.FLASH_ErasePage), (44 bytes).
    Removing hal_flash.o(i.FLASH_GetFlagStatus), (36 bytes).
    Removing hal_flash.o(i.FLASH_GetPrefetchBufferStatus), (16 bytes).
    Removing hal_flash.o(i.FLASH_GetStatus), (52 bytes).
    Removing hal_flash.o(i.FLASH_GetUserOptionByte), (12 bytes).
    Removing hal_flash.o(i.FLASH_GetWriteProtectionOptionByte), (12 bytes).
    Removing hal_flash.o(i.FLASH_HalfCycleAccessCmd), (28 bytes).
    Removing hal_flash.o(i.FLASH_ITConfig), (32 bytes).
    Removing hal_flash.o(i.FLASH_Lock), (20 bytes).
    Removing hal_flash.o(i.FLASH_OPTB_Enable), (24 bytes).
    Removing hal_flash.o(i.FLASH_PrefetchBufferCmd), (28 bytes).
    Removing hal_flash.o(i.FLASH_ProgramHalfWord), (32 bytes).
    Removing hal_flash.o(i.FLASH_ProgramOptionByteData), (72 bytes).
    Removing hal_flash.o(i.FLASH_ProgramOptionHalfWord), (40 bytes).
    Removing hal_flash.o(i.FLASH_ProgramProtect), (16 bytes).
    Removing hal_flash.o(i.FLASH_ProgramWord), (34 bytes).
    Removing hal_flash.o(i.FLASH_SetLatency), (20 bytes).
    Removing hal_flash.o(i.FLASH_Unlock), (24 bytes).
    Removing hal_flash.o(i.FLASH_UserOptionByteConfig), (72 bytes).
    Removing hal_flash.o(i.FLASH_WaitForLastOperation), (56 bytes).
    Removing hal_flash.o(i.exFLASH_EraseEE), (20 bytes).
    Removing hal_flash.o(i.exFLASH_FindEmpty), (42 bytes).
    Removing hal_flash.o(i.exFLASH_Locate), (64 bytes).
    Removing hal_flash.o(i.exFLASH_ProgramEE), (48 bytes).
    Removing hal_flash.o(i.exFLASH_ReadEE), (36 bytes).
    Removing hal_flash.o(i.exFLASH_WriteEE), (122 bytes).
    Removing hal_fsmc.o(.rev16_text), (4 bytes).
    Removing hal_fsmc.o(.revsh_text), (4 bytes).
    Removing hal_fsmc.o(.rrx_text), (6 bytes).
    Removing hal_fsmc.o(i.FSMC_NORSRAMInit), (52 bytes).
    Removing hal_fsmc.o(i.FSMC_NORSRAMStructInit), (24 bytes).
    Removing hal_fsmc.o(i.FSMC_NORSRAM_BankStructInit), (28 bytes).
    Removing hal_fsmc.o(i.FSMC_NORSRAM_Bank_Init), (244 bytes).
    Removing hal_gpio.o(.rev16_text), (4 bytes).
    Removing hal_gpio.o(.revsh_text), (4 bytes).
    Removing hal_gpio.o(.rrx_text), (6 bytes).
    Removing hal_gpio.o(i.GPIO_AFIODeInit), (68 bytes).
    Removing hal_gpio.o(i.GPIO_DeInit), (108 bytes).
    Removing hal_gpio.o(i.GPIO_PinLock), (18 bytes).
    Removing hal_gpio.o(i.GPIO_PinLockConfig), (20 bytes).
    Removing hal_gpio.o(i.GPIO_ReadInputData), (8 bytes).
    Removing hal_gpio.o(i.GPIO_ReadOutputData), (8 bytes).
    Removing hal_gpio.o(i.GPIO_Write), (4 bytes).
    Removing hal_gpio.o(i.exGPIO_PinAFConfig), (82 bytes).
    Removing hal_i2c.o(.rev16_text), (4 bytes).
    Removing hal_i2c.o(.revsh_text), (4 bytes).
    Removing hal_i2c.o(.rrx_text), (6 bytes).
    Removing hal_i2c.o(i.I2C_CheckEvent), (44 bytes).
    Removing hal_i2c.o(i.I2C_ClearFlag), (128 bytes).
    Removing hal_i2c.o(i.I2C_ClearITPendingBit), (128 bytes).
    Removing hal_i2c.o(i.I2C_Cmd), (30 bytes).
    Removing hal_i2c.o(i.I2C_DMACmd), (56 bytes).
    Removing hal_i2c.o(i.I2C_DeInit), (48 bytes).
    Removing hal_i2c.o(i.I2C_DualAddressCmd), (24 bytes).
    Removing hal_i2c.o(i.I2C_GeneralCallCmd), (22 bytes).
    Removing hal_i2c.o(i.I2C_GenerateSTART), (22 bytes).
    Removing hal_i2c.o(i.I2C_GenerateSTOP), (54 bytes).
    Removing hal_i2c.o(i.I2C_GetFlagStatus), (60 bytes).
    Removing hal_i2c.o(i.I2C_GetITStatus), (16 bytes).
    Removing hal_i2c.o(i.I2C_GetLastEvent), (16 bytes).
    Removing hal_i2c.o(i.I2C_ITConfig), (34 bytes).
    Removing hal_i2c.o(i.I2C_Init), (192 bytes).
    Removing hal_i2c.o(i.I2C_OwnAddress2Config), (14 bytes).
    Removing hal_i2c.o(i.I2C_ReadCmd), (8 bytes).
    Removing hal_i2c.o(i.I2C_ReadRegister), (6 bytes).
    Removing hal_i2c.o(i.I2C_ReceiveData), (20 bytes).
    Removing hal_i2c.o(i.I2C_Send7bitAddress), (6 bytes).
    Removing hal_i2c.o(i.I2C_SendData), (4 bytes).
    Removing hal_i2c.o(i.I2C_SendSlaveAddress), (6 bytes).
    Removing hal_i2c.o(i.I2C_SlaveConfigure), (22 bytes).
    Removing hal_i2c.o(i.I2C_StructInit), (24 bytes).
    Removing hal_i2c.o(.data), (4 bytes).
    Removing hal_iwdg.o(.rev16_text), (4 bytes).
    Removing hal_iwdg.o(.revsh_text), (4 bytes).
    Removing hal_iwdg.o(.rrx_text), (6 bytes).
    Removing hal_iwdg.o(i.IWDG_ClearIT), (20 bytes).
    Removing hal_iwdg.o(i.IWDG_ClearITPendingBit), (20 bytes).
    Removing hal_iwdg.o(i.IWDG_Enable), (16 bytes).
    Removing hal_iwdg.o(i.IWDG_EnableIT), (20 bytes).
    Removing hal_iwdg.o(i.IWDG_GetFlagStatus), (24 bytes).
    Removing hal_iwdg.o(i.IWDG_GetReload), (12 bytes).
    Removing hal_iwdg.o(i.IWDG_OverflowConfig), (28 bytes).
    Removing hal_iwdg.o(i.IWDG_ReloadCounter), (16 bytes).
    Removing hal_iwdg.o(i.IWDG_Reset), (20 bytes).
    Removing hal_iwdg.o(i.IWDG_SetPrescaler), (20 bytes).
    Removing hal_iwdg.o(i.IWDG_SetReload), (20 bytes).
    Removing hal_iwdg.o(i.IWDG_WriteAccessCmd), (12 bytes).
    Removing hal_iwdg.o(i.PVU_CheckStatus), (16 bytes).
    Removing hal_iwdg.o(i.RVU_CheckStatus), (16 bytes).
    Removing hal_misc.o(.rev16_text), (4 bytes).
    Removing hal_misc.o(.revsh_text), (4 bytes).
    Removing hal_misc.o(.rrx_text), (6 bytes).
    Removing hal_misc.o(i.NVIC_PriorityGroupConfig), (20 bytes).
    Removing hal_misc.o(i.NVIC_SetVectorTable), (20 bytes).
    Removing hal_misc.o(i.NVIC_SystemLPConfig), (32 bytes).
    Removing hal_misc.o(i.SysTick_CLKSourceConfig), (40 bytes).
    Removing hal_misc.o(i.exNVIC_Init), (108 bytes).
    Removing hal_pwr.o(.rev16_text), (4 bytes).
    Removing hal_pwr.o(.revsh_text), (4 bytes).
    Removing hal_pwr.o(.rrx_text), (6 bytes).
    Removing hal_pwr.o(i.PWR_BackupAccessCmd), (36 bytes).
    Removing hal_pwr.o(i.PWR_ClearFlag), (20 bytes).
    Removing hal_pwr.o(i.PWR_ClearPVDOFlag), (20 bytes).
    Removing hal_pwr.o(i.PWR_DeInit), (12 bytes).
    Removing hal_pwr.o(i.PWR_EnterSTANDBYMode), (52 bytes).
    Removing hal_pwr.o(i.PWR_EnterSTOPMode), (48 bytes).
    Removing hal_pwr.o(i.PWR_GetFlagStatus), (16 bytes).
    Removing hal_pwr.o(i.PWR_GetPVDOFlagStatus), (16 bytes).
    Removing hal_pwr.o(i.PWR_PVDCmd), (36 bytes).
    Removing hal_pwr.o(i.PWR_PVDLevelConfig), (20 bytes).
    Removing hal_pwr.o(i.PWR_WakeUpPinCmd), (36 bytes).
    Removing hal_pwr.o(i.PWR_WakeUpPinXCmd), (40 bytes).
    Removing hal_rcc.o(.rev16_text), (4 bytes).
    Removing hal_rcc.o(.revsh_text), (4 bytes).
    Removing hal_rcc.o(.rrx_text), (6 bytes).
    Removing hal_rcc.o(i.RCC_ADCCLKConfig), (24 bytes).
    Removing hal_rcc.o(i.RCC_ADC_ClockCmd), (124 bytes).
    Removing hal_rcc.o(i.RCC_AHB2PeriphClockCmd), (32 bytes).
    Removing hal_rcc.o(i.RCC_AHB2PeriphResetCmd), (32 bytes).
    Removing hal_rcc.o(i.RCC_AHB3PeriphClockCmd), (32 bytes).
    Removing hal_rcc.o(i.RCC_AHB3PeriphResetCmd), (32 bytes).
    Removing hal_rcc.o(i.RCC_AHBPeriphReset), (24 bytes).
    Removing hal_rcc.o(i.RCC_AHBPeriphResetCmd), (32 bytes).
    Removing hal_rcc.o(i.RCC_APB1PeriphReset), (24 bytes).
    Removing hal_rcc.o(i.RCC_APB1PeriphResetCmd), (32 bytes).
    Removing hal_rcc.o(i.RCC_APB2PeriphReset), (24 bytes).
    Removing hal_rcc.o(i.RCC_APB2PeriphResetCmd), (32 bytes).
    Removing hal_rcc.o(i.RCC_BKP_ClockCmd), (72 bytes).
    Removing hal_rcc.o(i.RCC_BackupResetCmd), (24 bytes).
    Removing hal_rcc.o(i.RCC_CAN_ClockCmd), (44 bytes).
    Removing hal_rcc.o(i.RCC_COMP_ClockCmd), (44 bytes).
    Removing hal_rcc.o(i.RCC_CRC_ClockCmd), (44 bytes).
    Removing hal_rcc.o(i.RCC_ClearFlag), (20 bytes).
    Removing hal_rcc.o(i.RCC_ClearITPendingBit), (20 bytes).
    Removing hal_rcc.o(i.RCC_ClockSecuritySystemCmd), (24 bytes).
    Removing hal_rcc.o(i.RCC_DAC_ClockCmd), (44 bytes).
    Removing hal_rcc.o(i.RCC_DMA_ClockCmd), (84 bytes).
    Removing hal_rcc.o(i.RCC_DeInit), (76 bytes).
    Removing hal_rcc.o(i.RCC_GPIO_ClockCmd), (288 bytes).
    Removing hal_rcc.o(i.RCC_GetClocksFreq), (72 bytes).
    Removing hal_rcc.o(i.RCC_GetFlagStatus), (60 bytes).
    Removing hal_rcc.o(i.RCC_GetHCLKFreq), (32 bytes).
    Removing hal_rcc.o(i.RCC_GetITStatus), (16 bytes).
    Removing hal_rcc.o(i.RCC_GetPCLK1Freq), (32 bytes).
    Removing hal_rcc.o(i.RCC_GetPCLK2Freq), (32 bytes).
    Removing hal_rcc.o(i.RCC_GetSYSCLKSource), (16 bytes).
    Removing hal_rcc.o(i.RCC_GetSysClockFreq), (116 bytes).
    Removing hal_rcc.o(i.RCC_HCLKConfig), (20 bytes).
    Removing hal_rcc.o(i.RCC_HSEConfig), (72 bytes).
    Removing hal_rcc.o(i.RCC_HSICmd), (20 bytes).
    Removing hal_rcc.o(i.RCC_ITConfig), (36 bytes).
    Removing hal_rcc.o(i.RCC_LSEConfig), (68 bytes).
    Removing hal_rcc.o(i.RCC_LSICmd), (24 bytes).
    Removing hal_rcc.o(i.RCC_MCOConfig), (20 bytes).
    Removing hal_rcc.o(i.RCC_PCLK1Config), (20 bytes).
    Removing hal_rcc.o(i.RCC_PCLK2Config), (24 bytes).
    Removing hal_rcc.o(i.RCC_PLLCmd), (24 bytes).
    Removing hal_rcc.o(i.RCC_PLLConfig), (96 bytes).
    Removing hal_rcc.o(i.RCC_PLLDMDNConfig), (32 bytes).
    Removing hal_rcc.o(i.RCC_RTCCLKCmd), (24 bytes).
    Removing hal_rcc.o(i.RCC_RTCCLKConfig), (20 bytes).
    Removing hal_rcc.o(i.RCC_SYSCLKConfig), (20 bytes).
    Removing hal_rcc.o(i.RCC_UART_ClockCmd), (312 bytes).
    Removing hal_rcc.o(i.RCC_USBCLKConfig), (24 bytes).
    Removing hal_rcc.o(i.RCC_WaitForFlagStartUp), (36 bytes).
    Removing hal_rcc.o(i.RCC_WaitForHSEStartUp), (40 bytes).
    Removing hal_rcc.o(i.exRCC_AHBPeriphReset), (24 bytes).
    Removing hal_rcc.o(i.exRCC_APB1PeriphReset), (24 bytes).
    Removing hal_rcc.o(i.exRCC_APB2PeriphReset), (24 bytes).
    Removing hal_rcc.o(i.exRCC_BackupReset), (2 bytes).
    Removing hal_rcc.o(i.exRCC_SystickDisable), (18 bytes).
    Removing hal_rcc.o(i.exRCC_SystickEnable), (100 bytes).
    Removing hal_rcc.o(.data), (16 bytes).
    Removing hal_rtc.o(.rev16_text), (4 bytes).
    Removing hal_rtc.o(.revsh_text), (4 bytes).
    Removing hal_rtc.o(.rrx_text), (6 bytes).
    Removing hal_rtc.o(i.RTC_ClearFlag), (16 bytes).
    Removing hal_rtc.o(i.RTC_ClearITPendingBit), (16 bytes).
    Removing hal_rtc.o(i.RTC_EnterConfigMode), (20 bytes).
    Removing hal_rtc.o(i.RTC_ExitConfigMode), (32 bytes).
    Removing hal_rtc.o(i.RTC_GetCounter), (20 bytes).
    Removing hal_rtc.o(i.RTC_GetDivider), (24 bytes).
    Removing hal_rtc.o(i.RTC_GetFlagStatus), (16 bytes).
    Removing hal_rtc.o(i.RTC_GetITStatus), (16 bytes).
    Removing hal_rtc.o(i.RTC_ITConfig), (36 bytes).
    Removing hal_rtc.o(i.RTC_SetAlarm), (28 bytes).
    Removing hal_rtc.o(i.RTC_SetCounter), (28 bytes).
    Removing hal_rtc.o(i.RTC_SetPrescaler), (28 bytes).
    Removing hal_rtc.o(i.RTC_WaitForLastTask), (20 bytes).
    Removing hal_rtc.o(i.RTC_WaitForSynchro), (32 bytes).
    Removing hal_rtc.o(.data), (1 bytes).
    Removing hal_sdio.o(.rev16_text), (4 bytes).
    Removing hal_sdio.o(.revsh_text), (4 bytes).
    Removing hal_sdio.o(.rrx_text), (6 bytes).
    Removing hal_sdio.o(i.CmdError), (60 bytes).
    Removing hal_sdio.o(i.CmdResp1Error), (120 bytes).
    Removing hal_sdio.o(i.CmdResp2Error), (80 bytes).
    Removing hal_sdio.o(i.CmdResp3Error), (48 bytes).
    Removing hal_sdio.o(i.CmdResp6Error), (160 bytes).
    Removing hal_sdio.o(i.CmdResp7Error), (72 bytes).
    Removing hal_sdio.o(i.SDIO_CRCConfig), (32 bytes).
    Removing hal_sdio.o(i.SDIO_ClearFlag), (16 bytes).
    Removing hal_sdio.o(i.SDIO_ClearITPendingBit), (16 bytes).
    Removing hal_sdio.o(i.SDIO_ClockSet), (20 bytes).
    Removing hal_sdio.o(i.SDIO_Clock_Set), (44 bytes).
    Removing hal_sdio.o(i.SDIO_CmdStructInit), (12 bytes).
    Removing hal_sdio.o(i.SDIO_DMACmd), (56 bytes).
    Removing hal_sdio.o(i.SDIO_DataStructInit), (16 bytes).
    Removing hal_sdio.o(i.SDIO_DeInit), (22 bytes).
    Removing hal_sdio.o(i.SDIO_GetDataCounter), (12 bytes).
    Removing hal_sdio.o(i.SDIO_GetFlagStatus), (24 bytes).
    Removing hal_sdio.o(i.SDIO_GetTimeOutCounter), (12 bytes).
    Removing hal_sdio.o(i.SDIO_ITConfig), (32 bytes).
    Removing hal_sdio.o(i.SDIO_Init), (56 bytes).
    Removing hal_sdio.o(i.SDIO_ReadData), (12 bytes).
    Removing hal_sdio.o(i.SDIO_Send_Cmd), (108 bytes).
    Removing hal_sdio.o(i.SDIO_Send_Data_Cfg), (168 bytes).
    Removing hal_sdio.o(i.SDIO_StructInit), (18 bytes).
    Removing hal_sdio.o(i.SDIO_WriteData), (12 bytes).
    Removing hal_sdio.o(i.SD_PowerOFF), (20 bytes).
    Removing hal_spi.o(.rev16_text), (4 bytes).
    Removing hal_spi.o(.revsh_text), (4 bytes).
    Removing hal_spi.o(.rrx_text), (6 bytes).
    Removing hal_spi.o(i.I2S_Cmd), (22 bytes).
    Removing hal_spi.o(i.I2S_Init), (356 bytes).
    Removing hal_spi.o(i.SPI_CSInternalSelected), (22 bytes).
    Removing hal_spi.o(i.SPI_ClearITPendingBit), (8 bytes).
    Removing hal_spi.o(i.SPI_DMACmd), (22 bytes).
    Removing hal_spi.o(i.SPI_DataSizeConfig), (20 bytes).
    Removing hal_spi.o(i.SPI_DataSizeTypeConfig), (16 bytes).
    Removing hal_spi.o(i.SPI_DeInit), (96 bytes).
    Removing hal_spi.o(i.SPI_FifoTrigger), (18 bytes).
    Removing hal_spi.o(i.SPI_GetFlagStatus), (16 bytes).
    Removing hal_spi.o(i.SPI_GetITStatus), (16 bytes).
    Removing hal_spi.o(i.SPI_ITConfig), (34 bytes).
    Removing hal_spi.o(i.SPI_NSSInternalSoftwareConfig), (22 bytes).
    Removing hal_spi.o(i.SPI_ReceiveData), (48 bytes).
    Removing hal_spi.o(i.SPI_RxBytes), (4 bytes).
    Removing hal_spi.o(i.SPI_SlaveAdjust), (22 bytes).
    Removing hal_spi.o(i.exSPI_CSInternalSelected), (22 bytes).
    Removing hal_spi.o(i.exSPI_DMACmd), (22 bytes).
    Removing hal_spi.o(i.exSPI_ITCmd), (22 bytes).
    Removing hal_spi.o(i.exSPI_ITConfig), (18 bytes).
    Removing hal_tim.o(.rev16_text), (4 bytes).
    Removing hal_tim.o(.revsh_text), (4 bytes).
    Removing hal_tim.o(.rrx_text), (6 bytes).
    Removing hal_tim.o(i.TI1_Configure), (32 bytes).
    Removing hal_tim.o(i.TI2_Configure), (36 bytes).
    Removing hal_tim.o(i.TI3_Configure), (36 bytes).
    Removing hal_tim.o(i.TI4_Configure), (38 bytes).
    Removing hal_tim.o(i.TIM_BDTRConfig), (30 bytes).
    Removing hal_tim.o(i.TIM_BDTRStructInit), (18 bytes).
    Removing hal_tim.o(i.TIM_CCPreloadControl), (22 bytes).
    Removing hal_tim.o(i.TIM_CCxCmd), (20 bytes).
    Removing hal_tim.o(i.TIM_CCxNCmd), (24 bytes).
    Removing hal_tim.o(i.TIM_ClearFlag), (8 bytes).
    Removing hal_tim.o(i.TIM_ClearOC1Ref), (12 bytes).
    Removing hal_tim.o(i.TIM_ClearOC2Ref), (14 bytes).
    Removing hal_tim.o(i.TIM_ClearOC3Ref), (12 bytes).
    Removing hal_tim.o(i.TIM_ClearOC4Ref), (14 bytes).
    Removing hal_tim.o(i.TIM_ClearOC5Ref), (12 bytes).
    Removing hal_tim.o(i.TIM_CounterModeConfig), (12 bytes).
    Removing hal_tim.o(i.TIM_DMAConfig), (8 bytes).
    Removing hal_tim.o(i.TIM_DeInit), (140 bytes).
    Removing hal_tim.o(i.TIM_DirectOutput), (22 bytes).
    Removing hal_tim.o(i.TIM_ETRClockMode2Config), (32 bytes).
    Removing hal_tim.o(i.TIM_ForcedOC1Config), (12 bytes).
    Removing hal_tim.o(i.TIM_ForcedOC2Config), (14 bytes).
    Removing hal_tim.o(i.TIM_ForcedOC3Config), (12 bytes).
    Removing hal_tim.o(i.TIM_ForcedOC4Config), (14 bytes).
    Removing hal_tim.o(i.TIM_GenerateEvent), (4 bytes).
    Removing hal_tim.o(i.TIM_GetCapture1), (6 bytes).
    Removing hal_tim.o(i.TIM_GetCapture2), (6 bytes).
    Removing hal_tim.o(i.TIM_GetCapture3), (6 bytes).
    Removing hal_tim.o(i.TIM_GetCapture4), (6 bytes).
    Removing hal_tim.o(i.TIM_GetCapture5), (6 bytes).
    Removing hal_tim.o(i.TIM_GetCounter), (6 bytes).
    Removing hal_tim.o(i.TIM_GetFlagStatus), (16 bytes).
    Removing hal_tim.o(i.TIM_GetPrescaler), (8 bytes).
    Removing hal_tim.o(i.TIM_ICInit), (118 bytes).
    Removing hal_tim.o(i.TIM_ICStructInit), (18 bytes).
    Removing hal_tim.o(i.TIM_ITRxExternalClockConfig), (24 bytes).
    Removing hal_tim.o(i.TIM_InternalClockConfig), (10 bytes).
    Removing hal_tim.o(i.TIM_OC1FastConfig), (12 bytes).
    Removing hal_tim.o(i.TIM_OC1NPolarityConfig), (12 bytes).
    Removing hal_tim.o(i.TIM_OC1PolarityConfig), (12 bytes).
    Removing hal_tim.o(i.TIM_OC2FastConfig), (14 bytes).
    Removing hal_tim.o(i.TIM_OC2NPolarityConfig), (14 bytes).
    Removing hal_tim.o(i.TIM_OC2PolarityConfig), (14 bytes).
    Removing hal_tim.o(i.TIM_OC3FastConfig), (12 bytes).
    Removing hal_tim.o(i.TIM_OC3NPolarityConfig), (14 bytes).
    Removing hal_tim.o(i.TIM_OC3PolarityConfig), (14 bytes).
    Removing hal_tim.o(i.TIM_OC4FastConfig), (14 bytes).
    Removing hal_tim.o(i.TIM_OC4PolarityConfig), (14 bytes).
    Removing hal_tim.o(i.TIM_OC5FastConfig), (12 bytes).
    Removing hal_tim.o(i.TIM_OC5Init), (76 bytes).
    Removing hal_tim.o(i.TIM_OC5PolarityConfig), (14 bytes).
    Removing hal_tim.o(i.TIM_OC5PreloadConfig), (12 bytes).
    Removing hal_tim.o(i.TIM_OCStructInit), (20 bytes).
    Removing hal_tim.o(i.TIM_PWMIConfig), (128 bytes).
    Removing hal_tim.o(i.TIM_PWMShiftConfig), (18 bytes).
    Removing hal_tim.o(i.TIM_PrescalerConfig), (6 bytes).
    Removing hal_tim.o(i.TIM_SelectCCDMA), (22 bytes).
    Removing hal_tim.o(i.TIM_SelectCOM), (22 bytes).
    Removing hal_tim.o(i.TIM_SelectHallSensor), (22 bytes).
    Removing hal_tim.o(i.TIM_SelectOCxM), (86 bytes).
    Removing hal_tim.o(i.TIM_SelectOnePulseMode), (12 bytes).
    Removing hal_tim.o(i.TIM_SelectOutputTrigger), (12 bytes).
    Removing hal_tim.o(i.TIM_SetAutoreload), (4 bytes).
    Removing hal_tim.o(i.TIM_SetCCR1FALL), (16 bytes).
    Removing hal_tim.o(i.TIM_SetCCR2FALL), (16 bytes).
    Removing hal_tim.o(i.TIM_SetCCR3FALL), (16 bytes).
    Removing hal_tim.o(i.TIM_SetCCR4FALL), (16 bytes).
    Removing hal_tim.o(i.TIM_SetCCR5FALL), (16 bytes).
    Removing hal_tim.o(i.TIM_SetClockDivision), (12 bytes).
    Removing hal_tim.o(i.TIM_SetCompare1), (28 bytes).
    Removing hal_tim.o(i.TIM_SetCompare2), (28 bytes).
    Removing hal_tim.o(i.TIM_SetCompare3), (28 bytes).
    Removing hal_tim.o(i.TIM_SetCompare4), (28 bytes).
    Removing hal_tim.o(i.TIM_SetCompare5), (6 bytes).
    Removing hal_tim.o(i.TIM_SetCounter), (28 bytes).
    Removing hal_tim.o(i.TIM_SetIC1Plority), (22 bytes).
    Removing hal_tim.o(i.TIM_SetIC1Prescaler), (12 bytes).
    Removing hal_tim.o(i.TIM_SetIC2Plority), (22 bytes).
    Removing hal_tim.o(i.TIM_SetIC2Prescaler), (14 bytes).
    Removing hal_tim.o(i.TIM_SetIC3Plority), (22 bytes).
    Removing hal_tim.o(i.TIM_SetIC3Prescaler), (12 bytes).
    Removing hal_tim.o(i.TIM_SetIC4Plority), (22 bytes).
    Removing hal_tim.o(i.TIM_SetIC4Prescaler), (14 bytes).
    Removing hal_tim.o(i.TIM_TIxExternalClockConfig), (62 bytes).
    Removing hal_tim.o(i.TIM_UpdateDisableConfig), (22 bytes).
    Removing hal_tim.o(i.TIM_UpdateRequestConfig), (12 bytes).
    Removing hal_uart.o(.rev16_text), (4 bytes).
    Removing hal_uart.o(.revsh_text), (4 bytes).
    Removing hal_uart.o(.rrx_text), (6 bytes).
    Removing hal_uart.o(i.UART_AutoBaudRateCmd), (22 bytes).
    Removing hal_uart.o(i.UART_AutoBaudRateSet), (182 bytes).
    Removing hal_uart.o(i.UART_Cmd), (12 bytes).
    Removing hal_uart.o(i.UART_DMACmd), (14 bytes).
    Removing hal_uart.o(i.UART_DeInit), (144 bytes).
    Removing hal_uart.o(i.UART_Enable9bit), (14 bytes).
    Removing hal_uart.o(i.UART_GetITStatus), (16 bytes).
    Removing hal_uart.o(i.UART_HalfDuplexCmd), (14 bytes).
    Removing hal_uart.o(i.UART_ITConfig), (18 bytes).
    Removing hal_uart.o(i.UART_Init), (116 bytes).
    Removing hal_uart.o(i.UART_ReceiverWakeUpCmd), (14 bytes).
    Removing hal_uart.o(i.UART_SendBreak), (10 bytes).
    Removing hal_uart.o(i.UART_Set9bitAutomaticToggle), (14 bytes).
    Removing hal_uart.o(i.UART_Set9bitLevel), (14 bytes).
    Removing hal_uart.o(i.UART_Set9bitPolarity), (12 bytes).
    Removing hal_uart.o(i.UART_SetGuardTime), (14 bytes).
    Removing hal_uart.o(i.UART_SetRXAddress), (12 bytes).
    Removing hal_uart.o(i.UART_SetRXMASK), (12 bytes).
    Removing hal_uart.o(i.UART_SmartCardCmd), (12 bytes).
    Removing hal_uart.o(i.UART_SmartCardNACKCmd), (14 bytes).
    Removing hal_uart.o(i.UART_StructInit), (26 bytes).
    Removing hal_uart.o(i.UART_WakeUpConfig), (12 bytes).
    Removing hal_uid.o(.rev16_text), (4 bytes).
    Removing hal_uid.o(.revsh_text), (4 bytes).
    Removing hal_uid.o(.rrx_text), (6 bytes).
    Removing hal_uid.o(i.GetChipUID), (32 bytes).
    Removing hal_uid.o(.bss), (12 bytes).
    Removing hal_ver.o(.rev16_text), (4 bytes).
    Removing hal_ver.o(.revsh_text), (4 bytes).
    Removing hal_ver.o(.rrx_text), (6 bytes).
    Removing hal_ver.o(i.Get_ChipsetDEVID), (12 bytes).
    Removing hal_ver.o(i.Get_ChipsetREVID), (16 bytes).
    Removing hal_ver.o(i.Get_ChipsetUIDw0), (12 bytes).
    Removing hal_ver.o(i.Get_ChipsetUIDw1), (12 bytes).
    Removing hal_ver.o(i.Get_ChipsetUIDw2), (12 bytes).
    Removing hal_ver.o(i.Get_MM32LibReleaseDate), (8 bytes).
    Removing hal_ver.o(i.Get_MM32LibVersion), (8 bytes).
    Removing hal_wwdg.o(.rev16_text), (4 bytes).
    Removing hal_wwdg.o(.revsh_text), (4 bytes).
    Removing hal_wwdg.o(.rrx_text), (6 bytes).
    Removing hal_wwdg.o(i.WWDG_ClearFlag), (20 bytes).
    Removing hal_wwdg.o(i.WWDG_DeInit), (12 bytes).
    Removing hal_wwdg.o(i.WWDG_Enable), (16 bytes).
    Removing hal_wwdg.o(i.WWDG_EnableIT), (20 bytes).
    Removing hal_wwdg.o(i.WWDG_GetCounter), (16 bytes).
    Removing hal_wwdg.o(i.WWDG_GetFlagStatus), (20 bytes).
    Removing hal_wwdg.o(i.WWDG_SetCounter), (16 bytes).
    Removing hal_wwdg.o(i.WWDG_SetPrescaler), (20 bytes).
    Removing hal_wwdg.o(i.WWDG_SetWindowValue), (20 bytes).
    Removing lq_adc.o(.rev16_text), (4 bytes).
    Removing lq_adc.o(.revsh_text), (4 bytes).
    Removing lq_adc.o(.rrx_text), (6 bytes).
    Removing lq_adc.o(i.ADC1Init), (172 bytes).
    Removing lq_adc.o(i.ADC1_Read), (48 bytes).
    Removing lq_adc.o(i.ADC1_Read_Average), (48 bytes).
    Removing lq_adc.o(i.ADC2Init), (172 bytes).
    Removing lq_adc.o(i.ADC2_Read), (48 bytes).
    Removing lq_adc.o(i.ADC2_Read_Average), (48 bytes).
    Removing lq_adc.o(i.ADC3Init), (200 bytes).
    Removing lq_adc.o(i.ADC3_Read), (48 bytes).
    Removing lq_adc.o(i.ADC3_Read_Average), (48 bytes).
    Removing lq_adc.o(i.Test_ADC), (672 bytes).
    Removing lq_dma.o(.rev16_text), (4 bytes).
    Removing lq_dma.o(.revsh_text), (4 bytes).
    Removing lq_dma.o(.rrx_text), (6 bytes).
    Removing lq_dma.o(i.DMA_CameraTriggerTimer1PE7Init), (128 bytes).
    Removing lq_encoder.o(.rev16_text), (4 bytes).
    Removing lq_encoder.o(.revsh_text), (4 bytes).
    Removing lq_encoder.o(.rrx_text), (6 bytes).
    Removing lq_encoder.o(i.Encoder_Init), (204 bytes).
    Removing lq_encoder.o(i.Read_Encoder), (136 bytes).
    Removing lq_encoder.o(i.TestEncoderOLED), (164 bytes).
    Removing lq_encoder.o(i.TestEncoderTFT), (348 bytes).
    Removing lq_encoder.o(i.TestEncoderTimerTFT), (228 bytes).
    Removing lq_flash.o(.rev16_text), (4 bytes).
    Removing lq_flash.o(.revsh_text), (4 bytes).
    Removing lq_flash.o(.rrx_text), (6 bytes).
    Removing lq_flash.o(i.LQFLASH_Read), (34 bytes).
    Removing lq_flash.o(i.LQFLASH_ReadByte), (6 bytes).
    Removing lq_flash.o(i.LQFLASH_Write), (232 bytes).
    Removing lq_flash.o(i.LQFLASH_Write_NoCheck), (38 bytes).
    Removing lq_flash.o(i.Test_EEPROM), (668 bytes).
    Removing lq_flash.o(i.pid), (376 bytes).
    Removing lq_flash.o(i.pid_TFT_show), (2404 bytes).
    Removing lq_flash.o(.bss), (1280 bytes).
    Removing lq_flash.o(.data), (68 bytes).
    Removing lq_gpio.o(.rev16_text), (4 bytes).
    Removing lq_gpio.o(.revsh_text), (4 bytes).
    Removing lq_gpio.o(.rrx_text), (6 bytes).
    Removing lq_gpio.o(i.EXTI10_15_IRQHandler), (112 bytes).
    Removing lq_gpio.o(i.PIN_Dir), (128 bytes).
    Removing lq_gpio.o(i.PIN_Reverse), (40 bytes).
    Removing lq_gpio.o(i.PIN_Write), (52 bytes).
    Removing lq_i2c.o(.rev16_text), (4 bytes).
    Removing lq_i2c.o(.revsh_text), (4 bytes).
    Removing lq_i2c.o(.rrx_text), (6 bytes).
    Removing lq_i2c.o(i.I2C_MasterMode_Init), (112 bytes).
    Removing lq_i2c.o(i.I2C_RcvPacket), (80 bytes).
    Removing lq_i2c.o(i.I2C_Read_Bytes), (100 bytes).
    Removing lq_i2c.o(i.I2C_Wait), (16 bytes).
    Removing lq_i2c.o(i.I2C_Write_Byte), (36 bytes).
    Removing lq_i2c.o(i.I2C_Write_Bytes), (84 bytes).
    Removing lq_i2c.o(i.test_I2C), (20 bytes).
    Removing lq_i2c.o(.bss), (144 bytes).
    Removing lq_i2c.o(.data), (128 bytes).
    Removing lq_pwm.o(.rev16_text), (4 bytes).
    Removing lq_pwm.o(.revsh_text), (4 bytes).
    Removing lq_pwm.o(.rrx_text), (6 bytes).
    Removing lq_pwm.o(i.TIM8PWM_Init), (216 bytes).
    Removing lq_softi2c.o(.rev16_text), (4 bytes).
    Removing lq_softi2c.o(.revsh_text), (4 bytes).
    Removing lq_softi2c.o(.rrx_text), (6 bytes).
    Removing lq_softi2c.o(i.IIC_ReadByte), (74 bytes).
    Removing lq_softi2c.o(i.IIC_ReadByteFromSlave), (74 bytes).
    Removing lq_softi2c.o(i.IIC_ReadMultByteFromSlave), (114 bytes).
    Removing lq_softi2c.o(i.IIC_WriteByteToSlave), (70 bytes).
    Removing lq_softi2c.o(i.IIC_WriteMultByteToSlave), (90 bytes).
    Removing lq_softspi.o(.rev16_text), (4 bytes).
    Removing lq_softspi.o(.revsh_text), (4 bytes).
    Removing lq_softspi.o(.rrx_text), (6 bytes).
    Removing lq_softspi.o(i.LQ_SPI_Read), (48 bytes).
    Removing lq_softspi.o(i.LQ_SPI_Write), (52 bytes).
    Removing lq_spi.o(.rev16_text), (4 bytes).
    Removing lq_spi.o(.revsh_text), (4 bytes).
    Removing lq_spi.o(.rrx_text), (6 bytes).
    Removing lq_spi.o(i.SPIM_CSHigh), (28 bytes).
    Removing lq_spi.o(i.SPIM_CSLow), (28 bytes).
    Removing lq_spi.o(i.SPIM_Init), (208 bytes).
    Removing lq_spi.o(i.SPIM_RXEn), (14 bytes).
    Removing lq_spi.o(i.SPIM_TXEn), (14 bytes).
    Removing lq_spi.o(i.SPI_Read_Nbytes), (64 bytes).
    Removing lq_spi.o(i.SPI_WriteRead), (44 bytes).
    Removing lq_spi.o(i.SPI_Write_Nbytes), (64 bytes).
    Removing lq_sys.o(.rev16_text), (4 bytes).
    Removing lq_sys.o(.revsh_text), (4 bytes).
    Removing lq_sys.o(.rrx_text), (6 bytes).
    Removing lq_sys.o(i.DisableIRQ), (60 bytes).
    Removing lq_sys.o(i.EnableIRQ), (26 bytes).
    Removing lq_timer.o(.rev16_text), (4 bytes).
    Removing lq_timer.o(.revsh_text), (4 bytes).
    Removing lq_timer.o(.rrx_text), (6 bytes).
    Removing lq_timer.o(i.Test_TimerPIT56), (38 bytes).
    Removing lq_timer.o(i.kongzhi_1), (76 bytes).
    Removing lq_uart.o(.rev16_text), (4 bytes).
    Removing lq_uart.o(.revsh_text), (4 bytes).
    Removing lq_uart.o(.rrx_text), (6 bytes).
    Removing lq_uart.o(i.Test_Bluetooth), (120 bytes).
    Removing lq_uart.o(i.UART_InitConfig), (236 bytes).
    Removing lq_uart.o(i.UART_PinConfig), (76 bytes).
    Removing lq_uart.o(i.UART_PutBuff), (34 bytes).
    Removing lq_uart.o(i.UART_PutStr), (26 bytes).
    Removing lq_uart.o(i.UART_RX_IRQ_Config), (64 bytes).
    Removing lq_uart.o(i.UART_TX_IRQ_Config), (64 bytes).
    Removing lq_uart.o(i.fputc), (36 bytes).
    Removing lq_uart.o(.data), (1 bytes).
    Removing lq_mpu6050_dmp.o(.rev16_text), (4 bytes).
    Removing lq_mpu6050_dmp.o(.revsh_text), (4 bytes).
    Removing lq_mpu6050_dmp.o(.rrx_text), (6 bytes).
    Removing dfixi.o(.text), (62 bytes).

924 unused section(s) (total 52219 bytes) removed from the image.
